******************************************************************************
             TMS320C2000 Linker PC v22.6.1                     
******************************************************************************
>> Linked Sat Mar 30 15:43:21 2024

OUTPUT FILE NAME:   <i2t_SSCB_with_syscfg.out>
ENTRY POINT SYMBOL: "code_start"  address: 00080000


MEMORY CONFIGURATION

         name            origin    length      used     unused   attr    fill
----------------------  --------  ---------  --------  --------  ----  --------
PAGE 0:
  RAMM0                 00000123   000002dd  00000000  000002dd  RWIX
  RAMLS0                00008000   00000800  00000128  000006d8  RWIX
  RAMLS1                00008800   00000800  00000000  00000800  RWIX
  RAMLS2                00009000   00000800  00000000  00000800  RWIX
  RAMLS3                00009800   00000800  00000000  00000800  RWIX
  RAMLS4                0000a000   00000800  00000000  00000800  RWIX
  RAMD0                 0000b000   00000800  00000000  00000800  RWIX
  RAMGS14               0001a000   00001000  00000000  00001000  RWIX
  RAMGS15               0001b000   00000ff8  00000000  00000ff8  RWIX
  BEGIN                 00080000   00000002  00000002  00000000  RWIX
  FLASHA                00080002   00001ffe  00000000  00001ffe  RWIX
  FLASHB                00082000   00002000  000017ba  00000846  RWIX
  FLASHC                00084000   00002000  00000000  00002000  RWIX
  FLASHD                00086000   00002000  00000128  00001ed8  RWIX
  FLASHE                00088000   00008000  00000000  00008000  RWIX
  FLASHF                00090000   00008000  000004fa  00007b06  RWIX
  FLASHG                00098000   00008000  00000000  00008000  RWIX
  FLASHH                000a0000   00008000  00000000  00008000  RWIX
  FLASHI                000a8000   00008000  00000000  00008000  RWIX
  FLASHJ                000b0000   00008000  00000000  00008000  RWIX
  FLASHK                000b8000   00002000  00000000  00002000  RWIX
  FLASHL                000ba000   00002000  00000000  00002000  RWIX
  FLASHM                000bc000   00002000  00000000  00002000  RWIX
  FLASHN                000be000   00001ff0  00000000  00001ff0  RWIX
  RESET                 003fffc0   00000002  00000000  00000002  RWIX

PAGE 1:
  BOOT_RSVD             00000002   00000121  00000000  00000121  RWIX
  RAMM1                 00000400   000003f8  00000100  000002f8  RWIX
  RAMLS5                0000a800   00000800  0000002a  000007d6  RWIX
  RAMD1                 0000b800   00000800  00000000  00000800  RWIX
  RAMGS0                0000c000   00001000  00000000  00001000  RWIX
  RAMGS1                0000d000   00001000  00000000  00001000  RWIX
  RAMGS2                0000e000   00001000  00000000  00001000  RWIX
  RAMGS3                0000f000   00001000  00000000  00001000  RWIX
  RAMGS4                00010000   00001000  00000000  00001000  RWIX
  RAMGS5                00011000   00001000  00000000  00001000  RWIX
  RAMGS6                00012000   00001000  00000000  00001000  RWIX
  RAMGS7                00013000   00001000  00000000  00001000  RWIX
  RAMGS8                00014000   00001000  00000000  00001000  RWIX
  RAMGS9                00015000   00001000  00000000  00001000  RWIX
  RAMGS10               00016000   00001000  00000000  00001000  RWIX
  RAMGS11               00017000   00001000  00000000  00001000  RWIX
  RAMGS12               00018000   00001000  00000000  00001000  RWIX
  RAMGS13               00019000   00001000  00000000  00001000  RWIX
  CPU2TOCPU1RAM         0003f800   00000400  00000000  00000400  RWIX
  CPU1TOCPU2RAM         0003fc00   00000400  00000000  00000400  RWIX


SECTION ALLOCATION MAP

 output                                  attributes/
section   page    origin      length       input sections
--------  ----  ----------  ----------   ----------------
codestart 
*          0    00080000    00000002     
                  00080000    00000002     F2837xD_CodeStartBranch.obj (codestart)

.cinit     0    000837a0    0000001c     
                  000837a0    00000014     (.cinit..data.load) [load image, compression = lzss]
                  000837b4    00000004     (__TI_handler_table)
                  000837b8    00000004     (__TI_cinit_table)

.stack     1    00000400    00000100     UNINITIALIZED
                  00000400    00000100     --HOLE--

.reset     0    003fffc0    00000000     DSECT

.init_array 
*          0    00082000    00000000     UNINITIALIZED

.data      1    0000a800    0000002a     UNINITIALIZED
                  0000a800    0000001a     i2t_SSCB_syscfg.obj (.data)
                  0000a81a    00000006     device.obj (.data)
                  0000a820    00000006     rts2800_fpu32_eabi.lib : exit.c.obj (.data)
                  0000a826    00000002                            : _lock.c.obj (.data:_lock)
                  0000a828    00000002                            : _lock.c.obj (.data:_unlock)

.const     0    00090000    000004fa     
                  00090000    00000114     board.obj (.const:.string)
                  00090114    000000d0     i2t_SSCB_syscfg.obj (.const:.string)
                  000901e4    000000c2     driverlib_eabi.lib : sysctl.obj (.const:.string)
                  000902a6    000000bf                        : flash.obj (.const:.string)
                  00090365    00000001     --HOLE-- [fill = 0]
                  00090366    000000bc                        : gpio.obj (.const:.string)
                  00090422    00000062                        : cputimer.obj (.const:.string)
                  00090484    0000005d                        : adc.obj (.const:.string)
                  000904e1    00000001     --HOLE-- [fill = 0]
                  000904e2    00000013     device.obj (.const:.string)
                  000904f5    00000001     --HOLE-- [fill = 0]
                  000904f6    00000004     i2t_SSCB_syscfg.obj (.const)

.TI.ramfunc 
*          0    00086000    00000128     RUN ADDR = 00008000
                  00086000    00000043     driverlib_eabi.lib : flash.obj (.TI.ramfunc:Flash_initModule)
                  00086043    0000002c                        : flash.obj (.TI.ramfunc:Flash_setBankPowerMode)
                  0008606f    00000024                        : flash.obj (.TI.ramfunc:Flash_setWaitstates)
                  00086093    0000001d                        : flash.obj (.TI.ramfunc:Flash_setPumpPowerMode)
                  000860b0    00000018                        : flash.obj (.TI.ramfunc:Flash_disableCache)
                  000860c8    00000018                        : flash.obj (.TI.ramfunc:Flash_disablePrefetch)
                  000860e0    00000017                        : flash.obj (.TI.ramfunc:Flash_enableCache)
                  000860f7    00000017                        : flash.obj (.TI.ramfunc:Flash_enablePrefetch)
                  0008610e    00000016                        : flash.obj (.TI.ramfunc:Flash_enableECC)
                  00086124    00000004                        : sysctl.obj (.TI.ramfunc)

GETBUFFER 
*          0    0003f800    00000000     DSECT

GETWRITEIDX 
*          0    0003f800    00000000     DSECT

PUTREADIDX 
*          0    0003f800    00000000     DSECT

.text      0    00082000    0000179e     
                  00082000    0000076e     board.obj (.text)
                  0008276e    000003f9     device.obj (.text)
                  00082b67    00000206     driverlib_eabi.lib : sysctl.obj (.text:SysCtl_setClock)
                  00082d6d    00000124     i2t_SSCB_syscfg.obj (.text)
                  00082e91    000000e2     i2t_SSCB_syscfg.obj (.text:retain)
                  00082f73    0000008a     driverlib_eabi.lib : sysctl.obj (.text:SysCtl_selectXTAL)
                  00082ffd    00000088     rts2800_fpu32_eabi.lib : fs_div28.asm.obj (.text)
                  00083085    00000083                            : fd_mpy28.asm.obj (.text)
                  00083108    0000006f     driverlib_eabi.lib : adc.obj (.text:ADC_setINLTrim)
                  00083177    00000068                        : sysctl.obj (.text:SysCtl_getDeviceParametric)
                  000831df    00000060                        : adc.obj (.text:ADC_setOffsetTrim)
                  0008323f    00000052                        : gpio.obj (.text:GPIO_setPadConfig)
                  00083291    00000051                        : sysctl.obj (.text:SysCtl_getClock)
                  000832e2    00000048                        : sysctl.obj (.text:SysCtl_selectOscSource)
                  0008332a    0000003d                        : interrupt.obj (.text:Interrupt_initModule)
                  00083367    00000037                        : gpio.obj (.text:GPIO_setControllerCore)
                  0008339e    00000037                        : gpio.obj (.text:GPIO_setPinConfig)
                  000833d5    00000037                        : gpio.obj (.text:GPIO_setQualificationMode)
                  0008340c    00000037                        : interrupt.obj (.text:Interrupt_enable)
                  00083443    00000031                        : gpio.obj (.text:GPIO_setDirectionMode)
                  00083474    00000030     rts2800_fpu32_eabi.lib : copy_decompress_lzss.c.obj (.text:decompress:lzss)
                  000834a4    0000002f     driverlib_eabi.lib : adc.obj (.text:ADC_setMode)
                  000834d3    0000002b     rts2800_fpu32_eabi.lib : autoinit.c.obj (.text:__TI_auto_init_nobinit_nopinit)
                  000834fe    00000029                            : exit.c.obj (.text)
                  00083527    00000026     driverlib_eabi.lib : flash.obj (.text:Flash_setBankPowerUpDelay)
                  0008354d    00000023     rts2800_fpu32_eabi.lib : fd_tofsfpu32.asm.obj (.text)
                  00083570    00000021     driverlib_eabi.lib : sysctl.obj (.text:CPUTimer_selectClockSource)
                  00083591    0000001f                        : sysctl.obj (.text:CPUTimer_getTimerOverflowStatus)
                  000835b0    0000001e                        : interrupt.obj (.text:Interrupt_initVectorTable)
                  000835ce    0000001d     rts2800_fpu32_eabi.lib : memcpy.c.obj (.text)
                  000835eb    0000001b     driverlib_eabi.lib : adc.obj (.text:ADC_isBaseValid)
                  00083606    0000001a                        : sysctl.obj (.text:CPUTimer_startTimer)
                  00083620    0000001a                        : sysctl.obj (.text:SysCtl_getLowSpeedClock)
                  0008363a    00000017                        : cputimer.obj (.text:CPUTimer_isBaseValid)
                  00083651    00000017                        : sysctl.obj (.text:CPUTimer_isBaseValid)
                  00083668    00000017     rts2800_fpu32_eabi.lib : boot28.asm.obj (.text)
                  0008367f    00000017                            : u_tofd28.asm.obj (.text)
                  00083696    00000014     driverlib_eabi.lib : sysctl.obj (.text:CPUTimer_stopTimer)
                  000836aa    00000013                        : cputimer.obj (.text:CPUTimer_setEmulationMode)
                  000836bd    00000012                        : sysctl.obj (.text:CPUTimer_clearOverflowFlag)
                  000836cf    00000012                        : sysctl.obj (.text:CPUTimer_disableInterrupt)
                  000836e1    00000011                        : sysctl.obj (.text:CPUTimer_setPeriod)
                  000836f2    00000010                        : flash.obj (.text:Flash_isCtrlBaseValid)
                  00083702    00000010                        : flash.obj (.text:Flash_isECCBaseValid)
                  00083712    0000000f                        : sysctl.obj (.text:SysCtl_pollCpuTimer)
                  00083721    0000000e                        : gpio.obj (.text:GPIO_isPinValid)
                  0008372f    0000000e                        : interrupt.obj (.text:Interrupt_defaultHandler)
                  0008373d    0000000d                        : interrupt.obj (.text:Interrupt_disableGlobal)
                  0008374a    0000000d                        : interrupt.obj (.text:Interrupt_enableGlobal)
                  00083757    0000000c     rts2800_fpu32_eabi.lib : args_main.c.obj (.text)
                  00083763    0000000b     driverlib_eabi.lib : sysctl.obj (.text:SysCtl_isMCDClockFailureDetected)
                  0008376e    00000009                        : sysctl.obj (.text:SysCtl_serviceWatchdog)
                  00083777    00000009     rts2800_fpu32_eabi.lib : _lock.c.obj (.text)
                  00083780    00000008     F2837xD_CodeStartBranch.obj (.text)
                  00083788    00000008     rts2800_fpu32_eabi.lib : copy_decompress_none.c.obj (.text:decompress:none)
                  00083790    00000007     driverlib_eabi.lib : sysctl.obj (.text:SysCtl_resetMCD)
                  00083797    00000002                        : interrupt.obj (.text:Interrupt_illegalOperationHandler)
                  00083799    00000002                        : interrupt.obj (.text:Interrupt_nmiHandler)
                  0008379b    00000002     rts2800_fpu32_eabi.lib : pre_init.c.obj (.text)
                  0008379d    00000001                            : startup.c.obj (.text)

MODULE SUMMARY

       Module                        code   ro data   rw data
       ------                        ----   -------   -------
    .\
       i2t_SSCB_syscfg.obj           518    212       26     
    +--+-----------------------------+------+---------+---------+
       Total:                        518    212       26     
                                                             
    .\device\
       device.obj                    1017   19        6      
       F2837xD_CodeStartBranch.obj   10     0         0      
    +--+-----------------------------+------+---------+---------+
       Total:                        1027   19        6      
                                                             
    .\syscfg\
       board.obj                     1902   276       0      
    +--+-----------------------------+------+---------+---------+
       Total:                        1902   276       0      
                                                             
    C:\ti\c2000\C2000Ware_5_01_00_00\driverlib\f2837xd\driverlib\ccs\Debug\driverlib_eabi.lib
       sysctl.obj                    1175   194       0      
       flash.obj                     654    191       0      
       gpio.obj                      310    188       0      
       adc.obj                       281    93        0      
       interrupt.obj                 190    0         0      
       cputimer.obj                  42     98        0      
    +--+-----------------------------+------+---------+---------+
       Total:                        2652   764       0      
                                                             
    C:\ti\ccs1260\ccs\tools\compiler\ti-cgt-c2000_22.6.1.LTS\lib\rts2800_fpu32_eabi.lib
       fs_div28.asm.obj              136    0         0      
       fd_mpy28.asm.obj              131    0         0      
       copy_decompress_lzss.c.obj    48     0         0      
       exit.c.obj                    41     0         6      
       autoinit.c.obj                43     0         0      
       fd_tofsfpu32.asm.obj          35     0         0      
       memcpy.c.obj                  29     0         0      
       boot28.asm.obj                23     0         0      
       u_tofd28.asm.obj              23     0         0      
       _lock.c.obj                   9      0         4      
       args_main.c.obj               12     0         0      
       copy_decompress_none.c.obj    8      0         0      
       pre_init.c.obj                2      0         0      
       startup.c.obj                 1      0         0      
    +--+-----------------------------+------+---------+---------+
       Total:                        541    0         10     
                                                             
       Stack:                        0      0         256    
       Linker Generated:             0      28        0      
    +--+-----------------------------+------+---------+---------+
       Grand Total:                  6640   1299      298    


LINKER GENERATED COPY TABLES

__TI_cinit_table @ 000837b8 records: 1, size/record: 4, table size: 4
	.data: load addr=000837a0, load size=00000014 bytes, run addr=0000a800, run size=0000002a bytes, compression=lzss


LINKER GENERATED HANDLER TABLE

__TI_handler_table @ 000837b4 records: 2, size/record: 2, table size: 4
	index: 0, handler: __TI_decompress_lzss
	index: 1, handler: __TI_decompress_none


GLOBAL DATA SYMBOLS: SORTED BY DATA PAGE

address     data page           name
--------    ----------------    ----
00000400      10 (00000400)     __stack

0000a800     2a0 (0000a800)     module1current
0000a801     2a0 (0000a800)     module2current
0000a802     2a0 (0000a800)     module1ADC
0000a803     2a0 (0000a800)     module2ADC
0000a804     2a0 (0000a800)     module1offset
0000a805     2a0 (0000a800)     module2offset
0000a806     2a0 (0000a800)     i2t_threshold
0000a807     2a0 (0000a800)     overcurrent_duration
0000a808     2a0 (0000a800)     overcurrentDetected
0000a809     2a0 (0000a800)     current1
0000a80a     2a0 (0000a800)     current2
0000a80c     2a0 (0000a800)     Overcurrent_Threshold
0000a80e     2a0 (0000a800)     i2t_accumulated1
0000a810     2a0 (0000a800)     i2t_accumulated2
0000a812     2a0 (0000a800)     temp1
0000a814     2a0 (0000a800)     temp2
0000a816     2a0 (0000a800)     temp3
0000a818     2a0 (0000a800)     temp4
0000a81a     2a0 (0000a800)     Example_Result
0000a81c     2a0 (0000a800)     Example_PassCount
0000a81e     2a0 (0000a800)     Example_Fail
0000a820     2a0 (0000a800)     __TI_enable_exit_profile_output
0000a822     2a0 (0000a800)     __TI_cleanup_ptr
0000a824     2a0 (0000a800)     __TI_dtors_ptr
0000a826     2a0 (0000a800)     _lock
0000a828     2a0 (0000a800)     _unlock


GLOBAL SYMBOLS: SORTED ALPHABETICALLY BY Name 

page  address   name                                     
----  -------   ----                                     
0     00082567  ADC_init                                 
0     00083108  ADC_setINLTrim                           
0     000834a4  ADC_setMode                              
0     000831df  ADC_setOffsetTrim                        
0     0008251b  Board_init                               
0     000834fe  C$$EXIT                                  
0     000825b2  CPUTIMER_init                            
0     000836aa  CPUTimer_setEmulationMode                
0     000829db  Device_bootCPU2                          
0     000829aa  Device_configureTMXAnalogTrim            
0     00082858  Device_enableAllPeripherals              
0     00082994  Device_enableUnbondedGPIOPullups         
0     00082977  Device_enableUnbondedGPIOPullupsFor100Pin
0     00082964  Device_enableUnbondedGPIOPullupsFor176Pin
0     00082805  Device_init                              
0     00082943  Device_initGPIO                          
0     000826a1  EN1_M1_init                              
0     000826d3  EN1_M2_init                              
0     000826ba  EN2_M1_init                              
0     000826ec  EN2_M2_init                              
0     000825d5  EPWM_init                                
1     0000a81e  Example_Fail                             
1     0000a81c  Example_PassCount                        
1     0000a81a  Example_Result                           
0     00082b66  Example_done                             
0     00082b61  Example_setResultFail                    
0     00082b5c  Example_setResultPass                    
0     00008000  Flash_initModule                         
0     00082694  GPIO_init                                
0     00083367  GPIO_setControllerCore                   
0     00083443  GPIO_setDirectionMode                    
0     0008323f  GPIO_setPadConfig                        
0     0008339e  GPIO_setPinConfig                        
0     000833d5  GPIO_setQualificationMode                
0     000825b5  I2T_TIMER_0_init                         
0     00082737  INTERRUPT_init                           
0     00082e91  INT_I2T_TIMER_0_ISR                      
0     00082f36  INT_myADC1_1_ISR                         
0     0008340c  Interrupt_enable                         
0     0008332a  Interrupt_initModule                     
0     000835b0  Interrupt_initVectorTable                
1     0000a80c  Overcurrent_Threshold                    
0     0008252c  PinMux_init                              
0     00086128  RamfuncsLoadEnd                          
abs   00000128  RamfuncsLoadSize                         
0     00086000  RamfuncsLoadStart                        
0     00008128  RamfuncsRunEnd                           
abs   00000128  RamfuncsRunSize                          
0     00008000  RamfuncsRunStart                         
0     00082750  SYNC_init                                
0     00008124  SysCtl_delay                             
0     00083291  SysCtl_getClock                          
0     00083177  SysCtl_getDeviceParametric               
0     00083620  SysCtl_getLowSpeedClock                  
0     000832e2  SysCtl_selectOscSource                   
0     00082f73  SysCtl_selectXTAL                        
0     00082b67  SysCtl_setClock                          
0     000837b8  __TI_CINIT_Base                          
0     000837bc  __TI_CINIT_Limit                         
0     000837bc  __TI_CINIT_Warm                          
0     000837b4  __TI_Handler_Table_Base                  
0     000837b8  __TI_Handler_Table_Limit                 
1     00000500  __TI_STACK_END                           
abs   00000100  __TI_STACK_SIZE                          
0     000834d3  __TI_auto_init_nobinit_nopinit           
1     0000a822  __TI_cleanup_ptr                         
0     00083474  __TI_decompress_lzss                     
0     00083788  __TI_decompress_none                     
1     0000a824  __TI_dtors_ptr                           
1     0000a820  __TI_enable_exit_profile_output          
abs   ffffffff  __TI_pprof_out_hndl                      
abs   ffffffff  __TI_prof_data_size                      
abs   ffffffff  __TI_prof_data_start                     
0     00082ffd  __c28xabi_divf                           
0     0008354d  __c28xabi_dtof                           
0     00083085  __c28xabi_mpyd                           
0     0008367f  __c28xabi_utod                           
n/a   UNDEFED   __c_args__                               
0     00082b55  __error__                                
1     00000400  __stack                                  
0     00083757  _args_main                               
0     00083668  _c_int00                                 
1     0000a826  _lock                                    
0     0008377f  _nop                                     
0     0008377b  _register_lock                           
0     00083777  _register_unlock                         
0     0008379d  _system_post_cinit                       
0     0008379b  _system_pre_init                         
1     0000a828  _unlock                                  
0     000834fe  abort                                    
0     00080000  code_start                               
1     0000a809  current1                                 
1     0000a80a  current2                                 
0     00083500  exit                                     
1     0000a80e  i2t_accumulated1                         
1     0000a810  i2t_accumulated2                         
1     0000a806  i2t_threshold                            
0     00082e4e  main                                     
0     000835ce  memcpy                                   
1     0000a802  module1ADC                               
1     0000a800  module1current                           
1     0000a804  module1offset                            
1     0000a803  module2ADC                               
1     0000a801  module2current                           
1     0000a805  module2offset                            
0     0008256a  myADC1_init                              
0     00082705  myBoardLED0_GPIO_init                    
0     0008271e  myBoardLED1_GPIO_init                    
1     0000a808  overcurrentDetected                      
1     0000a807  overcurrent_duration                     
1     0000a812  temp1                                    
1     0000a814  temp2                                    
1     0000a816  temp3                                    
1     0000a818  temp4                                    


GLOBAL SYMBOLS: SORTED BY Symbol Address 

page  address   name                                     
----  -------   ----                                     
0     00008000  Flash_initModule                         
0     00008000  RamfuncsRunStart                         
0     00008124  SysCtl_delay                             
0     00008128  RamfuncsRunEnd                           
0     00080000  code_start                               
0     0008251b  Board_init                               
0     0008252c  PinMux_init                              
0     00082567  ADC_init                                 
0     0008256a  myADC1_init                              
0     000825b2  CPUTIMER_init                            
0     000825b5  I2T_TIMER_0_init                         
0     000825d5  EPWM_init                                
0     00082694  GPIO_init                                
0     000826a1  EN1_M1_init                              
0     000826ba  EN2_M1_init                              
0     000826d3  EN1_M2_init                              
0     000826ec  EN2_M2_init                              
0     00082705  myBoardLED0_GPIO_init                    
0     0008271e  myBoardLED1_GPIO_init                    
0     00082737  INTERRUPT_init                           
0     00082750  SYNC_init                                
0     00082805  Device_init                              
0     00082858  Device_enableAllPeripherals              
0     00082943  Device_initGPIO                          
0     00082964  Device_enableUnbondedGPIOPullupsFor176Pin
0     00082977  Device_enableUnbondedGPIOPullupsFor100Pin
0     00082994  Device_enableUnbondedGPIOPullups         
0     000829aa  Device_configureTMXAnalogTrim            
0     000829db  Device_bootCPU2                          
0     00082b55  __error__                                
0     00082b5c  Example_setResultPass                    
0     00082b61  Example_setResultFail                    
0     00082b66  Example_done                             
0     00082b67  SysCtl_setClock                          
0     00082e4e  main                                     
0     00082e91  INT_I2T_TIMER_0_ISR                      
0     00082f36  INT_myADC1_1_ISR                         
0     00082f73  SysCtl_selectXTAL                        
0     00082ffd  __c28xabi_divf                           
0     00083085  __c28xabi_mpyd                           
0     00083108  ADC_setINLTrim                           
0     00083177  SysCtl_getDeviceParametric               
0     000831df  ADC_setOffsetTrim                        
0     0008323f  GPIO_setPadConfig                        
0     00083291  SysCtl_getClock                          
0     000832e2  SysCtl_selectOscSource                   
0     0008332a  Interrupt_initModule                     
0     00083367  GPIO_setControllerCore                   
0     0008339e  GPIO_setPinConfig                        
0     000833d5  GPIO_setQualificationMode                
0     0008340c  Interrupt_enable                         
0     00083443  GPIO_setDirectionMode                    
0     00083474  __TI_decompress_lzss                     
0     000834a4  ADC_setMode                              
0     000834d3  __TI_auto_init_nobinit_nopinit           
0     000834fe  C$$EXIT                                  
0     000834fe  abort                                    
0     00083500  exit                                     
0     0008354d  __c28xabi_dtof                           
0     000835b0  Interrupt_initVectorTable                
0     000835ce  memcpy                                   
0     00083620  SysCtl_getLowSpeedClock                  
0     00083668  _c_int00                                 
0     0008367f  __c28xabi_utod                           
0     000836aa  CPUTimer_setEmulationMode                
0     00083757  _args_main                               
0     00083777  _register_unlock                         
0     0008377b  _register_lock                           
0     0008377f  _nop                                     
0     00083788  __TI_decompress_none                     
0     0008379b  _system_pre_init                         
0     0008379d  _system_post_cinit                       
0     000837b4  __TI_Handler_Table_Base                  
0     000837b8  __TI_CINIT_Base                          
0     000837b8  __TI_Handler_Table_Limit                 
0     000837bc  __TI_CINIT_Limit                         
0     000837bc  __TI_CINIT_Warm                          
0     00086000  RamfuncsLoadStart                        
0     00086128  RamfuncsLoadEnd                          
1     00000400  __stack                                  
1     00000500  __TI_STACK_END                           
1     0000a800  module1current                           
1     0000a801  module2current                           
1     0000a802  module1ADC                               
1     0000a803  module2ADC                               
1     0000a804  module1offset                            
1     0000a805  module2offset                            
1     0000a806  i2t_threshold                            
1     0000a807  overcurrent_duration                     
1     0000a808  overcurrentDetected                      
1     0000a809  current1                                 
1     0000a80a  current2                                 
1     0000a80c  Overcurrent_Threshold                    
1     0000a80e  i2t_accumulated1                         
1     0000a810  i2t_accumulated2                         
1     0000a812  temp1                                    
1     0000a814  temp2                                    
1     0000a816  temp3                                    
1     0000a818  temp4                                    
1     0000a81a  Example_Result                           
1     0000a81c  Example_PassCount                        
1     0000a81e  Example_Fail                             
1     0000a820  __TI_enable_exit_profile_output          
1     0000a822  __TI_cleanup_ptr                         
1     0000a824  __TI_dtors_ptr                           
1     0000a826  _lock                                    
1     0000a828  _unlock                                  
abs   00000100  __TI_STACK_SIZE                          
abs   00000128  RamfuncsLoadSize                         
abs   00000128  RamfuncsRunSize                          
abs   ffffffff  __TI_pprof_out_hndl                      
abs   ffffffff  __TI_prof_data_size                      
abs   ffffffff  __TI_prof_data_start                     
n/a   UNDEFED   __c_args__                               

[114 symbols]
