******************************************************************************
             TMS320C2000 Linker PC v22.6.1                     
******************************************************************************
>> Linked Thu Mar 28 19:39:57 2024

OUTPUT FILE NAME:   <syscfg_lp_f2837xd.out>
ENTRY POINT SYMBOL: "code_start"  address: 00080000


MEMORY CONFIGURATION

         name            origin    length      used     unused   attr    fill
----------------------  --------  ---------  --------  --------  ----  --------
PAGE 0:
  RAMM0                 00000123   000002dd  00000000  000002dd  RWIX
  RAMLS0                00008000   00000800  00000128  000006d8  RWIX
  RAMLS1                00008800   00000800  00000000  00000800  RWIX
  RAMLS2                00009000   00000800  00000000  00000800  RWIX
  RAMLS3                00009800   00000800  00000000  00000800  RWIX
  RAMLS4                0000a000   00000800  00000000  00000800  RWIX
  RAMD0                 0000b000   00000800  00000000  00000800  RWIX
  RAMGS14               0001a000   00001000  00000000  00001000  RWIX
  RAMGS15               0001b000   00000ff8  00000000  00000ff8  RWIX
  BEGIN                 00080000   00000002  00000002  00000000  RWIX
  FLASHA                00080002   00001ffe  00000000  00001ffe  RWIX
  FLASHB                00082000   00002000  00001774  0000088c  RWIX
  FLASHC                00084000   00002000  00000000  00002000  RWIX
  FLASHD                00086000   00002000  00000128  00001ed8  RWIX
  FLASHE                00088000   00008000  00000000  00008000  RWIX
  FLASHF                00090000   00008000  000004fa  00007b06  RWIX
  FLASHG                00098000   00008000  00000000  00008000  RWIX
  FLASHH                000a0000   00008000  00000000  00008000  RWIX
  FLASHI                000a8000   00008000  00000000  00008000  RWIX
  FLASHJ                000b0000   00008000  00000000  00008000  RWIX
  FLASHK                000b8000   00002000  00000000  00002000  RWIX
  FLASHL                000ba000   00002000  00000000  00002000  RWIX
  FLASHM                000bc000   00002000  00000000  00002000  RWIX
  FLASHN                000be000   00001ff0  00000000  00001ff0  RWIX
  RESET                 003fffc0   00000002  00000000  00000002  RWIX

PAGE 1:
  BOOT_RSVD             00000002   00000121  00000000  00000121  RWIX
  RAMM1                 00000400   000003f8  00000100  000002f8  RWIX
  RAMLS5                0000a800   00000800  0000001c  000007e4  RWIX
  RAMD1                 0000b800   00000800  00000000  00000800  RWIX
  RAMGS0                0000c000   00001000  00000000  00001000  RWIX
  RAMGS1                0000d000   00001000  00000000  00001000  RWIX
  RAMGS2                0000e000   00001000  00000000  00001000  RWIX
  RAMGS3                0000f000   00001000  00000000  00001000  RWIX
  RAMGS4                00010000   00001000  00000000  00001000  RWIX
  RAMGS5                00011000   00001000  00000000  00001000  RWIX
  RAMGS6                00012000   00001000  00000000  00001000  RWIX
  RAMGS7                00013000   00001000  00000000  00001000  RWIX
  RAMGS8                00014000   00001000  00000000  00001000  RWIX
  RAMGS9                00015000   00001000  00000000  00001000  RWIX
  RAMGS10               00016000   00001000  00000000  00001000  RWIX
  RAMGS11               00017000   00001000  00000000  00001000  RWIX
  RAMGS12               00018000   00001000  00000000  00001000  RWIX
  RAMGS13               00019000   00001000  00000000  00001000  RWIX
  CPU2TOCPU1RAM         0003f800   00000400  00000000  00000400  RWIX
  CPU1TOCPU2RAM         0003fc00   00000400  00000000  00000400  RWIX


SECTION ALLOCATION MAP

 output                                  attributes/
section   page    origin      length       input sections
--------  ----  ----------  ----------   ----------------
codestart 
*          0    00080000    00000002     
                  00080000    00000002     F2837xD_CodeStartBranch.obj (codestart)

.cinit     0    00083760    00000018     
                  00083760    00000010     (.cinit..data.load) [load image, compression = lzss]
                  00083770    00000004     (__TI_handler_table)
                  00083774    00000004     (__TI_cinit_table)

.stack     1    00000400    00000100     UNINITIALIZED
                  00000400    00000100     --HOLE--

.reset     0    003fffc0    00000000     DSECT

.init_array 
*          0    00082000    00000000     UNINITIALIZED

.data      1    0000a800    0000001c     UNINITIALIZED
                  0000a800    0000000c     lab_main.obj (.data)
                  0000a80c    00000006     device.obj (.data)
                  0000a812    00000006     rts2800_fpu32_eabi.lib : exit.c.obj (.data)
                  0000a818    00000002                            : _lock.c.obj (.data:_lock)
                  0000a81a    00000002                            : _lock.c.obj (.data:_unlock)

.const     0    00090000    000004fa     
                  00090000    00000114     board.obj (.const:.string)
                  00090114    000000d0     lab_main.obj (.const:.string)
                  000901e4    000000c2     driverlib_eabi.lib : sysctl.obj (.const:.string)
                  000902a6    000000bf                        : flash.obj (.const:.string)
                  00090365    00000001     --HOLE-- [fill = 0]
                  00090366    000000bc                        : gpio.obj (.const:.string)
                  00090422    00000062                        : cputimer.obj (.const:.string)
                  00090484    0000005d                        : adc.obj (.const:.string)
                  000904e1    00000001     --HOLE-- [fill = 0]
                  000904e2    00000013     device.obj (.const:.string)
                  000904f5    00000001     --HOLE-- [fill = 0]
                  000904f6    00000004     lab_main.obj (.const)

.TI.ramfunc 
*          0    00086000    00000128     RUN ADDR = 00008000
                  00086000    00000043     driverlib_eabi.lib : flash.obj (.TI.ramfunc:Flash_initModule)
                  00086043    0000002c                        : flash.obj (.TI.ramfunc:Flash_setBankPowerMode)
                  0008606f    00000024                        : flash.obj (.TI.ramfunc:Flash_setWaitstates)
                  00086093    0000001d                        : flash.obj (.TI.ramfunc:Flash_setPumpPowerMode)
                  000860b0    00000018                        : flash.obj (.TI.ramfunc:Flash_disableCache)
                  000860c8    00000018                        : flash.obj (.TI.ramfunc:Flash_disablePrefetch)
                  000860e0    00000017                        : flash.obj (.TI.ramfunc:Flash_enableCache)
                  000860f7    00000017                        : flash.obj (.TI.ramfunc:Flash_enablePrefetch)
                  0008610e    00000016                        : flash.obj (.TI.ramfunc:Flash_enableECC)
                  00086124    00000004                        : sysctl.obj (.TI.ramfunc)

GETBUFFER 
*          0    0003f800    00000000     DSECT

GETWRITEIDX 
*          0    0003f800    00000000     DSECT

PUTREADIDX 
*          0    0003f800    00000000     DSECT

.text      0    00082000    0000175c     
                  00082000    0000072e     board.obj (.text)
                  0008272e    000003f9     device.obj (.text)
                  00082b27    00000206     driverlib_eabi.lib : sysctl.obj (.text:SysCtl_setClock)
                  00082d2d    00000124     lab_main.obj (.text)
                  00082e51    000000e0     lab_main.obj (.text:retain)
                  00082f31    0000008a     driverlib_eabi.lib : sysctl.obj (.text:SysCtl_selectXTAL)
                  00082fbb    00000088     rts2800_fpu32_eabi.lib : fs_div28.asm.obj (.text)
                  00083043    00000083                            : fd_mpy28.asm.obj (.text)
                  000830c6    0000006f     driverlib_eabi.lib : adc.obj (.text:ADC_setINLTrim)
                  00083135    00000068                        : sysctl.obj (.text:SysCtl_getDeviceParametric)
                  0008319d    00000060                        : adc.obj (.text:ADC_setOffsetTrim)
                  000831fd    00000052                        : gpio.obj (.text:GPIO_setPadConfig)
                  0008324f    00000051                        : sysctl.obj (.text:SysCtl_getClock)
                  000832a0    00000048                        : sysctl.obj (.text:SysCtl_selectOscSource)
                  000832e8    0000003d                        : interrupt.obj (.text:Interrupt_initModule)
                  00083325    00000037                        : gpio.obj (.text:GPIO_setControllerCore)
                  0008335c    00000037                        : gpio.obj (.text:GPIO_setPinConfig)
                  00083393    00000037                        : gpio.obj (.text:GPIO_setQualificationMode)
                  000833ca    00000037                        : interrupt.obj (.text:Interrupt_enable)
                  00083401    00000031                        : gpio.obj (.text:GPIO_setDirectionMode)
                  00083432    00000030     rts2800_fpu32_eabi.lib : copy_decompress_lzss.c.obj (.text:decompress:lzss)
                  00083462    0000002f     driverlib_eabi.lib : adc.obj (.text:ADC_setMode)
                  00083491    0000002b     rts2800_fpu32_eabi.lib : autoinit.c.obj (.text:__TI_auto_init_nobinit_nopinit)
                  000834bc    00000029                            : exit.c.obj (.text)
                  000834e5    00000026     driverlib_eabi.lib : flash.obj (.text:Flash_setBankPowerUpDelay)
                  0008350b    00000023     rts2800_fpu32_eabi.lib : fd_tofsfpu32.asm.obj (.text)
                  0008352e    00000021     driverlib_eabi.lib : sysctl.obj (.text:CPUTimer_selectClockSource)
                  0008354f    0000001f                        : sysctl.obj (.text:CPUTimer_getTimerOverflowStatus)
                  0008356e    0000001e                        : interrupt.obj (.text:Interrupt_initVectorTable)
                  0008358c    0000001d     rts2800_fpu32_eabi.lib : memcpy.c.obj (.text)
                  000835a9    0000001b     driverlib_eabi.lib : adc.obj (.text:ADC_isBaseValid)
                  000835c4    0000001a                        : sysctl.obj (.text:CPUTimer_startTimer)
                  000835de    0000001a                        : sysctl.obj (.text:SysCtl_getLowSpeedClock)
                  000835f8    00000017                        : cputimer.obj (.text:CPUTimer_isBaseValid)
                  0008360f    00000017                        : sysctl.obj (.text:CPUTimer_isBaseValid)
                  00083626    00000017     rts2800_fpu32_eabi.lib : boot28.asm.obj (.text)
                  0008363d    00000017                            : u_tofd28.asm.obj (.text)
                  00083654    00000014     driverlib_eabi.lib : sysctl.obj (.text:CPUTimer_stopTimer)
                  00083668    00000013                        : cputimer.obj (.text:CPUTimer_setEmulationMode)
                  0008367b    00000012                        : sysctl.obj (.text:CPUTimer_clearOverflowFlag)
                  0008368d    00000012                        : sysctl.obj (.text:CPUTimer_disableInterrupt)
                  0008369f    00000011                        : sysctl.obj (.text:CPUTimer_setPeriod)
                  000836b0    00000010                        : flash.obj (.text:Flash_isCtrlBaseValid)
                  000836c0    00000010                        : flash.obj (.text:Flash_isECCBaseValid)
                  000836d0    0000000f                        : sysctl.obj (.text:SysCtl_pollCpuTimer)
                  000836df    0000000e                        : gpio.obj (.text:GPIO_isPinValid)
                  000836ed    0000000e                        : interrupt.obj (.text:Interrupt_defaultHandler)
                  000836fb    0000000d                        : interrupt.obj (.text:Interrupt_disableGlobal)
                  00083708    0000000d                        : interrupt.obj (.text:Interrupt_enableGlobal)
                  00083715    0000000c     rts2800_fpu32_eabi.lib : args_main.c.obj (.text)
                  00083721    0000000b     driverlib_eabi.lib : sysctl.obj (.text:SysCtl_isMCDClockFailureDetected)
                  0008372c    00000009                        : sysctl.obj (.text:SysCtl_serviceWatchdog)
                  00083735    00000009     rts2800_fpu32_eabi.lib : _lock.c.obj (.text)
                  0008373e    00000008     F2837xD_CodeStartBranch.obj (.text)
                  00083746    00000008     rts2800_fpu32_eabi.lib : copy_decompress_none.c.obj (.text:decompress:none)
                  0008374e    00000007     driverlib_eabi.lib : sysctl.obj (.text:SysCtl_resetMCD)
                  00083755    00000002                        : interrupt.obj (.text:Interrupt_illegalOperationHandler)
                  00083757    00000002                        : interrupt.obj (.text:Interrupt_nmiHandler)
                  00083759    00000002     rts2800_fpu32_eabi.lib : pre_init.c.obj (.text)
                  0008375b    00000001                            : startup.c.obj (.text)

MODULE SUMMARY

       Module                        code   ro data   rw data
       ------                        ----   -------   -------
    .\
       lab_main.obj                  516    212       12     
    +--+-----------------------------+------+---------+---------+
       Total:                        516    212       12     
                                                             
    .\device\
       device.obj                    1017   19        6      
       F2837xD_CodeStartBranch.obj   10     0         0      
    +--+-----------------------------+------+---------+---------+
       Total:                        1027   19        6      
                                                             
    .\syscfg\
       board.obj                     1838   276       0      
    +--+-----------------------------+------+---------+---------+
       Total:                        1838   276       0      
                                                             
    C:\ti\c2000\C2000Ware_5_01_00_00\driverlib\f2837xd\driverlib\ccs\Debug\driverlib_eabi.lib
       sysctl.obj                    1175   194       0      
       flash.obj                     654    191       0      
       gpio.obj                      310    188       0      
       adc.obj                       281    93        0      
       interrupt.obj                 190    0         0      
       cputimer.obj                  42     98        0      
    +--+-----------------------------+------+---------+---------+
       Total:                        2652   764       0      
                                                             
    C:\ti\ccs1260\ccs\tools\compiler\ti-cgt-c2000_22.6.1.LTS\lib\rts2800_fpu32_eabi.lib
       fs_div28.asm.obj              136    0         0      
       fd_mpy28.asm.obj              131    0         0      
       copy_decompress_lzss.c.obj    48     0         0      
       exit.c.obj                    41     0         6      
       autoinit.c.obj                43     0         0      
       fd_tofsfpu32.asm.obj          35     0         0      
       memcpy.c.obj                  29     0         0      
       boot28.asm.obj                23     0         0      
       u_tofd28.asm.obj              23     0         0      
       _lock.c.obj                   9      0         4      
       args_main.c.obj               12     0         0      
       copy_decompress_none.c.obj    8      0         0      
       pre_init.c.obj                2      0         0      
       startup.c.obj                 1      0         0      
    +--+-----------------------------+------+---------+---------+
       Total:                        541    0         10     
                                                             
       Stack:                        0      0         256    
       Linker Generated:             0      24        0      
    +--+-----------------------------+------+---------+---------+
       Grand Total:                  6574   1295      284    


LINKER GENERATED COPY TABLES

__TI_cinit_table @ 00083774 records: 1, size/record: 4, table size: 4
	.data: load addr=00083760, load size=00000010 bytes, run addr=0000a800, run size=0000001c bytes, compression=lzss


LINKER GENERATED HANDLER TABLE

__TI_handler_table @ 00083770 records: 2, size/record: 2, table size: 4
	index: 0, handler: __TI_decompress_lzss
	index: 1, handler: __TI_decompress_none


GLOBAL DATA SYMBOLS: SORTED BY DATA PAGE

address     data page           name
--------    ----------------    ----
00000400      10 (00000400)     __stack

0000a800     2a0 (0000a800)     adcAResult0
0000a801     2a0 (0000a800)     i2t_threshold
0000a802     2a0 (0000a800)     overcurrent_duration
0000a803     2a0 (0000a800)     overcurrentDetected
0000a804     2a0 (0000a800)     Overcurrent_Threshold
0000a806     2a0 (0000a800)     i2t_accumulated
0000a808     2a0 (0000a800)     temp1
0000a80a     2a0 (0000a800)     temp2
0000a80c     2a0 (0000a800)     Example_Result
0000a80e     2a0 (0000a800)     Example_PassCount
0000a810     2a0 (0000a800)     Example_Fail
0000a812     2a0 (0000a800)     __TI_enable_exit_profile_output
0000a814     2a0 (0000a800)     __TI_cleanup_ptr
0000a816     2a0 (0000a800)     __TI_dtors_ptr
0000a818     2a0 (0000a800)     _lock
0000a81a     2a0 (0000a800)     _unlock


GLOBAL SYMBOLS: SORTED ALPHABETICALLY BY Name 

page  address   name                                     
----  -------   ----                                     
0     0008255d  ADC_init                                 
0     000830c6  ADC_setINLTrim                           
0     00083462  ADC_setMode                              
0     0008319d  ADC_setOffsetTrim                        
0     0008251b  Board_init                               
0     000834bc  C$$EXIT                                  
0     000825a8  CPUTIMER_init                            
0     00083668  CPUTimer_setEmulationMode                
0     0008299b  Device_bootCPU2                          
0     0008296a  Device_configureTMXAnalogTrim            
0     00082818  Device_enableAllPeripherals              
0     00082954  Device_enableUnbondedGPIOPullups         
0     00082937  Device_enableUnbondedGPIOPullupsFor100Pin
0     00082924  Device_enableUnbondedGPIOPullupsFor176Pin
0     000827c5  Device_init                              
0     00082903  Device_initGPIO                          
0     00082693  EN1_init                                 
0     000826ac  EN2_init                                 
0     000825cb  EPWM_init                                
1     0000a810  Example_Fail                             
1     0000a80e  Example_PassCount                        
1     0000a80c  Example_Result                           
0     00082b26  Example_done                             
0     00082b21  Example_setResultFail                    
0     00082b1c  Example_setResultPass                    
0     00008000  Flash_initModule                         
0     0008268a  GPIO_init                                
0     00083325  GPIO_setControllerCore                   
0     00083401  GPIO_setDirectionMode                    
0     000831fd  GPIO_setPadConfig                        
0     0008335c  GPIO_setPinConfig                        
0     00083393  GPIO_setQualificationMode                
0     000825ab  I2T_TIMER_0_init                         
0     000826f7  INTERRUPT_init                           
0     00082e51  INT_I2T_TIMER_0_ISR                      
0     00082ef4  INT_myADC1_1_ISR                         
0     000833ca  Interrupt_enable                         
0     000832e8  Interrupt_initModule                     
0     0008356e  Interrupt_initVectorTable                
1     0000a804  Overcurrent_Threshold                    
0     0008252c  PinMux_init                              
0     00086128  RamfuncsLoadEnd                          
abs   00000128  RamfuncsLoadSize                         
0     00086000  RamfuncsLoadStart                        
0     00008128  RamfuncsRunEnd                           
abs   00000128  RamfuncsRunSize                          
0     00008000  RamfuncsRunStart                         
0     00082710  SYNC_init                                
0     00008124  SysCtl_delay                             
0     0008324f  SysCtl_getClock                          
0     00083135  SysCtl_getDeviceParametric               
0     000835de  SysCtl_getLowSpeedClock                  
0     000832a0  SysCtl_selectOscSource                   
0     00082f31  SysCtl_selectXTAL                        
0     00082b27  SysCtl_setClock                          
0     00083774  __TI_CINIT_Base                          
0     00083778  __TI_CINIT_Limit                         
0     00083778  __TI_CINIT_Warm                          
0     00083770  __TI_Handler_Table_Base                  
0     00083774  __TI_Handler_Table_Limit                 
1     00000500  __TI_STACK_END                           
abs   00000100  __TI_STACK_SIZE                          
0     00083491  __TI_auto_init_nobinit_nopinit           
1     0000a814  __TI_cleanup_ptr                         
0     00083432  __TI_decompress_lzss                     
0     00083746  __TI_decompress_none                     
1     0000a816  __TI_dtors_ptr                           
1     0000a812  __TI_enable_exit_profile_output          
abs   ffffffff  __TI_pprof_out_hndl                      
abs   ffffffff  __TI_prof_data_size                      
abs   ffffffff  __TI_prof_data_start                     
0     00082fbb  __c28xabi_divf                           
0     0008350b  __c28xabi_dtof                           
0     00083043  __c28xabi_mpyd                           
0     0008363d  __c28xabi_utod                           
n/a   UNDEFED   __c_args__                               
0     00082b15  __error__                                
1     00000400  __stack                                  
0     00083715  _args_main                               
0     00083626  _c_int00                                 
1     0000a818  _lock                                    
0     0008373d  _nop                                     
0     00083739  _register_lock                           
0     00083735  _register_unlock                         
0     0008375b  _system_post_cinit                       
0     00083759  _system_pre_init                         
1     0000a81a  _unlock                                  
0     000834bc  abort                                    
1     0000a800  adcAResult0                              
0     00080000  code_start                               
0     000834be  exit                                     
1     0000a806  i2t_accumulated                          
1     0000a801  i2t_threshold                            
0     00082e0e  main                                     
0     0008358c  memcpy                                   
0     00082560  myADC1_init                              
0     000826c5  myBoardLED0_GPIO_init                    
0     000826de  myBoardLED1_GPIO_init                    
1     0000a803  overcurrentDetected                      
1     0000a802  overcurrent_duration                     
1     0000a808  temp1                                    
1     0000a80a  temp2                                    


GLOBAL SYMBOLS: SORTED BY Symbol Address 

page  address   name                                     
----  -------   ----                                     
0     00008000  Flash_initModule                         
0     00008000  RamfuncsRunStart                         
0     00008124  SysCtl_delay                             
0     00008128  RamfuncsRunEnd                           
0     00080000  code_start                               
0     0008251b  Board_init                               
0     0008252c  PinMux_init                              
0     0008255d  ADC_init                                 
0     00082560  myADC1_init                              
0     000825a8  CPUTIMER_init                            
0     000825ab  I2T_TIMER_0_init                         
0     000825cb  EPWM_init                                
0     0008268a  GPIO_init                                
0     00082693  EN1_init                                 
0     000826ac  EN2_init                                 
0     000826c5  myBoardLED0_GPIO_init                    
0     000826de  myBoardLED1_GPIO_init                    
0     000826f7  INTERRUPT_init                           
0     00082710  SYNC_init                                
0     000827c5  Device_init                              
0     00082818  Device_enableAllPeripherals              
0     00082903  Device_initGPIO                          
0     00082924  Device_enableUnbondedGPIOPullupsFor176Pin
0     00082937  Device_enableUnbondedGPIOPullupsFor100Pin
0     00082954  Device_enableUnbondedGPIOPullups         
0     0008296a  Device_configureTMXAnalogTrim            
0     0008299b  Device_bootCPU2                          
0     00082b15  __error__                                
0     00082b1c  Example_setResultPass                    
0     00082b21  Example_setResultFail                    
0     00082b26  Example_done                             
0     00082b27  SysCtl_setClock                          
0     00082e0e  main                                     
0     00082e51  INT_I2T_TIMER_0_ISR                      
0     00082ef4  INT_myADC1_1_ISR                         
0     00082f31  SysCtl_selectXTAL                        
0     00082fbb  __c28xabi_divf                           
0     00083043  __c28xabi_mpyd                           
0     000830c6  ADC_setINLTrim                           
0     00083135  SysCtl_getDeviceParametric               
0     0008319d  ADC_setOffsetTrim                        
0     000831fd  GPIO_setPadConfig                        
0     0008324f  SysCtl_getClock                          
0     000832a0  SysCtl_selectOscSource                   
0     000832e8  Interrupt_initModule                     
0     00083325  GPIO_setControllerCore                   
0     0008335c  GPIO_setPinConfig                        
0     00083393  GPIO_setQualificationMode                
0     000833ca  Interrupt_enable                         
0     00083401  GPIO_setDirectionMode                    
0     00083432  __TI_decompress_lzss                     
0     00083462  ADC_setMode                              
0     00083491  __TI_auto_init_nobinit_nopinit           
0     000834bc  C$$EXIT                                  
0     000834bc  abort                                    
0     000834be  exit                                     
0     0008350b  __c28xabi_dtof                           
0     0008356e  Interrupt_initVectorTable                
0     0008358c  memcpy                                   
0     000835de  SysCtl_getLowSpeedClock                  
0     00083626  _c_int00                                 
0     0008363d  __c28xabi_utod                           
0     00083668  CPUTimer_setEmulationMode                
0     00083715  _args_main                               
0     00083735  _register_unlock                         
0     00083739  _register_lock                           
0     0008373d  _nop                                     
0     00083746  __TI_decompress_none                     
0     00083759  _system_pre_init                         
0     0008375b  _system_post_cinit                       
0     00083770  __TI_Handler_Table_Base                  
0     00083774  __TI_CINIT_Base                          
0     00083774  __TI_Handler_Table_Limit                 
0     00083778  __TI_CINIT_Limit                         
0     00083778  __TI_CINIT_Warm                          
0     00086000  RamfuncsLoadStart                        
0     00086128  RamfuncsLoadEnd                          
1     00000400  __stack                                  
1     00000500  __TI_STACK_END                           
1     0000a800  adcAResult0                              
1     0000a801  i2t_threshold                            
1     0000a802  overcurrent_duration                     
1     0000a803  overcurrentDetected                      
1     0000a804  Overcurrent_Threshold                    
1     0000a806  i2t_accumulated                          
1     0000a808  temp1                                    
1     0000a80a  temp2                                    
1     0000a80c  Example_Result                           
1     0000a80e  Example_PassCount                        
1     0000a810  Example_Fail                             
1     0000a812  __TI_enable_exit_profile_output          
1     0000a814  __TI_cleanup_ptr                         
1     0000a816  __TI_dtors_ptr                           
1     0000a818  _lock                                    
1     0000a81a  _unlock                                  
abs   00000100  __TI_STACK_SIZE                          
abs   00000128  RamfuncsLoadSize                         
abs   00000128  RamfuncsRunSize                          
abs   ffffffff  __TI_pprof_out_hndl                      
abs   ffffffff  __TI_prof_data_size                      
abs   ffffffff  __TI_prof_data_start                     
n/a   UNDEFED   __c_args__                               

[102 symbols]
