Microchip MPLAB XC8 Compiler V2.46

Linker command line:

-W-3 \
  --edf=C:\Program Files\Microchip\xc8\v2.46\pic\dat\20240104201356_en.msgs \
  -cn -h+dist/VARIANT_C/production\Archives.production.sym \
  --cmf=dist/VARIANT_C/production\Archives.production.cmf -z -Q16F15345 \
  -oC:\Users\Abhinav\AppData\Local\Temp\xcAsbv0.\driver_tmp_3.o \
  --defsym=__MPLAB_BUILD=1 --fixupoverflow=error \
  -Mdist/VARIANT_C/production/Archives.production.map \
  --md=C:\Users\Abhinav\AppData\Local\Temp\xcAsbv0.\driver_tmp_0.dat -E1 \
  -ver=XC8 Compiler --acfsm=1493 -ACODE=00h-07FFhx4 -ASTRCODE=00h-01FFFh \
  -ASTRING=00h-0FFhx32 -ACONST=00h-0FFhx32 -AENTRY=00h-0FFhx32 \
  -ACOMMON=070h-07Fh -ABANK0=020h-06Fh -ABANK1=0A0h-0EFh \
  -ABANK2=0120h-016Fh -ABANK3=01A0h-01EFh -ABANK4=0220h-026Fh \
  -ABANK5=02A0h-02EFh -ABANK6=0320h-036Fh -ABANK7=03A0h-03EFh \
  -ABANK8=0420h-046Fh -ABANK9=04A0h-04EFh -ABANK10=0520h-056Fh \
  -ABANK11=05A0h-05EFh -ABANK12=0620h-064Fh -ABIGRAM=02000h-023EFh \
  -ARAM=020h-06Fh,0A0h-0EFh,0120h-016Fh,01A0h-01EFh,0220h-026Fh,02A0h-02EFh,0320h-036Fh,03A0h-03EFh,0420h-046Fh,04A0h-04EFh,0520h-056Fh,05A0h-05EFh,0620h-064Fh \
  -AABS1=020h-07Fh,0A0h-0EFh,0120h-016Fh,01A0h-01EFh,0220h-026Fh,02A0h-02EFh,0320h-036Fh,03A0h-03EFh,0420h-046Fh,04A0h-04EFh,0520h-056Fh,05A0h-05EFh,0620h-064Fh \
  -ASFR0=00h-01Fh -ASFR1=080h-09Fh -ASFR2=0100h-011Fh -ASFR3=0180h-019Fh \
  -ASFR4=0200h-021Fh -ASFR5=0280h-029Fh -ASFR6=0300h-031Fh \
  -ASFR7=0380h-039Fh -ASFR8=0400h-041Fh -ASFR9=0480h-049Fh \
  -ASFR10=0500h-051Fh -ASFR11=0580h-059Fh -ASFR12=0600h-061Fh \
  -ASFR13=0680h-06EFh -ASFR14=0700h-076Fh -ASFR15=0780h-07EFh \
  -ASFR16=0800h-086Fh -ASFR17=0880h-08EFh -ASFR18=0900h-096Fh \
  -ASFR19=0980h-09EFh -ASFR20=0A00h-0A6Fh -ASFR21=0A80h-0AEFh \
  -ASFR22=0B00h-0B6Fh -ASFR23=0B80h-0BEFh -ASFR24=0C00h-0C6Fh \
  -ASFR25=0C80h-0CEFh -ASFR26=0D00h-0D6Fh -ASFR27=0D80h-0DEFh \
  -ASFR28=0E00h-0E6Fh -ASFR29=0E80h-0EEFh -ASFR30=0F00h-0F6Fh \
  -ASFR31=0F80h-0FEFh -ASFR32=01000h-0106Fh -ASFR33=01080h-010EFh \
  -ASFR34=01100h-0116Fh -ASFR35=01180h-011EFh -ASFR36=01200h-0126Fh \
  -ASFR37=01280h-012EFh -ASFR38=01300h-0136Fh -ASFR39=01380h-013EFh \
  -ASFR40=01400h-0146Fh -ASFR41=01480h-014EFh -ASFR42=01500h-0156Fh \
  -ASFR43=01580h-015EFh -ASFR44=01600h-0166Fh -ASFR45=01680h-016EFh \
  -ASFR46=01700h-0176Fh -ASFR47=01780h-017EFh -ASFR48=01800h-0186Fh \
  -ASFR49=01880h-018EFh -ASFR50=01900h-0196Fh -ASFR51=01980h-019EFh \
  -ASFR52=01A00h-01A6Fh -ASFR53=01A80h-01AEFh -ASFR54=01B00h-01B6Fh \
  -ASFR55=01B80h-01BEFh -ASFR56=01C00h-01C6Fh -ASFR57=01C80h-01CEFh \
  -ASFR58=01D00h-01D6Fh -ASFR59=01D80h-01DEFh -ASFR60=01E00h-01E6Fh \
  -ASFR61=01E80h-01EEFh -ASFR62=01F00h-01F6Fh -ASFR63=01F80h-01FEFh \
  -ACONFIG=08007h-0800Bh -DCONFIG=2 -AIDLOC=08000h-08003h -DIDLOC=2 \
  -DCODE=2 -DSTRCODE=2 -DSTRING=2 -DCONST=2 -DENTRY=2 \
  -preset_vec=00h,intentry=04h,sivt,init,end_init -ppowerup=CODE \
  -pcinit=CODE -pfunctab=ENTRY -k \
  C:\Users\Abhinav\AppData\Local\Temp\xcAsbv0.\driver_tmp_12.o \
  dist/VARIANT_C/production\Archives.production.o 

Object code version is 3.11

Machine type is 16F15345



                Name                               Link     Load   Length Selector   Space Scale
C:\Users\Abhinav\AppData\Local\Temp\xcAsbv0.\driver_tmp_12.o
                end_init                             2C       2C        2        8       0
                reset_vec                             0        0        2        0       0
                config                             8007     8007        5        0       4
                idloc                              8000     8000        4        0       5
dist/VARIANT_C/production\Archives.production.o
                cinit                                2E       2E       39        8       0
                intentry                              4        4       28        8       0
                config                             8007     8007        5        0       4
                idloc                              8000     8000        4        0       5
                text83                              860      860        2     10C0       0
                text82                              9E0      9E0       16     13C0       0
                text81                              864      864        3     10C8       0
                text80                              85E      85E        1     10BC       0
                text79                              867      867        3     10CE       0
                text78                              C66      C66       33     18CC       0
                text77                              AB8      AB8       1E     1570       0
                text76                              880      880        5     1100       0
                text75                              A52      A52       19     14A4       0
                text74                              936      936        D     126C       0
                text73                              86A      86A        3     10D4       0
                text72                              86D      86D        3     10DA       0
                text71                              979      979        F     12F2       0
                text70                              95D      95D        E     12BA       0
                text69                              862      862        2     10C4       0
                text68                              870      870        3     10E0       0
                text67                              D29      D29       5C     1A52       0
                text66                              593      593       B0      732       0
                text65                              85F      85F        1     10BE       0
                text64                              92A      92A        C     1254       0
                text63                              A3A      A3A       18     1474       0
                text61                              873      873        3     10E6       0
                text60                              876      876        3     10EC       0
                text59                              A0C      A0C       17     1418       0
                text58                              96B      96B        E     12D6       0
                text57                                2        2        2        0       0
                text56                              879      879        3     10F2       0
                text55                              D85      D85       5D     1B0A       0
                text54                              CDA      CDA       4F     19B4       0
                text53                              DE2      DE2       64     1BC4       0
                text52                              BA8      BA8       2F     1750       0
                text51                              EAC      EAC       67     1D58       0
                text50                               67       67      1E6        8       0
                text49                              F89      F89       77     1F12       0
                text48                              6CF      6CF       82      D9E       0
                text47                              8AC      8AC        8     1158       0
                text46                              B3C      B3C       23     1678       0
                text45                              7FE      7FE        2      D9E       0
                text44                              988      988        F     1310       0
                text43                              751      751       81      D9E       0
                text42                              E46      E46       66     1C8C       0
                text41                              A23      A23       17     1446       0
                text40                              885      885        5     110A       0
                text39                              88A      88A        5     1114       0
                text38                              AD6      AD6       22     15AC       0
                text37                              C06      C06       30     180C       0
                text36                              AF8      AF8       22     15F0       0
                text35                              B82      B82       26     1704       0
                text34                              F13      F13       76     1E26       0
                text33                              8B4      8B4        8     1168       0
                text32                              943      943        D     1286       0
                text31                              88F      88F        5     111E       0
                text30                              894      894        6     1128       0
                text29                              B5F      B5F       23     16BE       0
                text28                              9F6      9F6       16     13EC       0
                text27                              B1A      B1A       22     1634       0
                text26                              49D      49D       F6      732       0
                text25                              399      399      104      732       0
                text24                              8BC      8BC        8     1178       0
                text23                              9B7      9B7       14     136E       0
                text22                              9CB      9CB       15     1396       0
                text21                              9A6      9A6       11     134C       0
                text20                              997      997        F     132E       0
                text19                              90C      90C        A     1218       0
                text18                              89A      89A        6     1134       0
                text17                              8C4      8C4        8     1188       0
                text16                              8CC      8CC        8     1198       0
                text15                              8D4      8D4        8     11A8       0
                text14                              8DC      8DC        8     11B8       0
                text13                              8E4      8E4        8     11C8       0
                text12                              C99      C99       41     1932       0
                text11                              87C      87C        4     10F8       0
                text10                              8EC      8EC        8     11D8       0
                text9                               8F4      8F4        8     11E8       0
                text8                               A9D      A9D       1B     153A       0
                text7                               950      950        D     12A0       0
                text6                               916      916        A     122C       0
                text5                               BD7      BD7       2F     17AE       0
                text4                               8FC      8FC        8     11F8       0
                text3                               A6B      A6B       19     14D6       0
                text2                               A84      A84       19     1508       0
                text1                               C36      C36       30     186C       0
                maintext                            7D2      7D2       2C      D9E       0
                cstackBANK0                          4E       4E       17       20       1
                cstackCOMMON                         76       76        5       70       1
                cstackBANK2                         120      120       22      120       1
                clrtext                             8A0      8A0        6     1140       0
                inittext                            8A6      8A6        6     114C       0
                bssBANK2                            142      142       20      120       1
                dataBANK1                            E3       E3        8       A0       1
                bssBANK1                             A0       A0       43       A0       1
                dataBANK0                            65       65        A       20       1
                bssBANK0                             20       20       2E       20       1
                bssCOMMON                            70       70        6       70       1
                nvBANK2                             162      162        C      120       1
                nvBANK1                              EB       EB        4       A0       1
                nvBANK0                              6F       6F        1       20       1
                stringtext2                         643      643       8C      C86       0
                stringtext1                         24D      24D      14C      49A       0
                idataBANK1                          904      904        8     1208       0
                idataBANK0                          920      920        A     1240       0

TOTAL           Name                               Link     Load   Length     Space
        CLASS   CODE           
                end_init                             2C       2C        2         0
                cinit                                2E       2E       39         0
                intentry                              4        4       28         0
                reset_vec                             0        0        2         0
                text83                              860      860        2         0
                text82                              9E0      9E0       16         0
                text81                              864      864        3         0
                text80                              85E      85E        1         0
                text79                              867      867        3         0
                text78                              C66      C66       33         0
                text77                              AB8      AB8       1E         0
                text76                              880      880        5         0
                text75                              A52      A52       19         0
                text74                              936      936        D         0
                text73                              86A      86A        3         0
                text72                              86D      86D        3         0
                text71                              979      979        F         0
                text70                              95D      95D        E         0
                text69                              862      862        2         0
                text68                              870      870        3         0
                text67                              D29      D29       5C         0
                text66                              593      593       B0         0
                text65                              85F      85F        1         0
                text64                              92A      92A        C         0
                text63                              A3A      A3A       18         0
                text61                              873      873        3         0
                text60                              876      876        3         0
                text59                              A0C      A0C       17         0
                text58                              96B      96B        E         0
                text57                                2        2        2         0
                text56                              879      879        3         0
                text55                              D85      D85       5D         0
                text54                              CDA      CDA       4F         0
                text53                              DE2      DE2       64         0
                text52                              BA8      BA8       2F         0
                text51                              EAC      EAC       67         0
                text50                               67       67      1E6         0
                text49                              F89      F89       77         0
                text48                              6CF      6CF       82         0
                text47                              8AC      8AC        8         0
                text46                              B3C      B3C       23         0
                text45                              7FE      7FE        2         0
                text44                              988      988        F         0
                text43                              751      751       81         0
                text42                              E46      E46       66         0
                text41                              A23      A23       17         0
                text40                              885      885        5         0
                text39                              88A      88A        5         0
                text38                              AD6      AD6       22         0
                text37                              C06      C06       30         0
                text36                              AF8      AF8       22         0
                text35                              B82      B82       26         0
                text34                              F13      F13       76         0
                text33                              8B4      8B4        8         0
                text32                              943      943        D         0
                text31                              88F      88F        5         0
                text30                              894      894        6         0
                text29                              B5F      B5F       23         0
                text28                              9F6      9F6       16         0
                text27                              B1A      B1A       22         0
                text26                              49D      49D       F6         0
                text25                              399      399      104         0
                text24                              8BC      8BC        8         0
                text23                              9B7      9B7       14         0
                text22                              9CB      9CB       15         0
                text21                              9A6      9A6       11         0
                text20                              997      997        F         0
                text19                              90C      90C        A         0
                text18                              89A      89A        6         0
                text17                              8C4      8C4        8         0
                text16                              8CC      8CC        8         0
                text15                              8D4      8D4        8         0
                text14                              8DC      8DC        8         0
                text13                              8E4      8E4        8         0
                text12                              C99      C99       41         0
                text11                              87C      87C        4         0
                text10                              8EC      8EC        8         0
                text9                               8F4      8F4        8         0
                text8                               A9D      A9D       1B         0
                text7                               950      950        D         0
                text6                               916      916        A         0
                text5                               BD7      BD7       2F         0
                text4                               8FC      8FC        8         0
                text3                               A6B      A6B       19         0
                text2                               A84      A84       19         0
                text1                               C36      C36       30         0
                maintext                            7D2      7D2       2C         0
                clrtext                             8A0      8A0        6         0
                inittext                            8A6      8A6        6         0
                idataBANK1                          904      904        8         0
                idataBANK0                          920      920        A         0

        CLASS   STRCODE        
                stringtext2                         643      643       8C         0
                stringtext1                         24D      24D      14C         0

        CLASS   STRING         

        CLASS   CONST          

        CLASS   ENTRY          

        CLASS   COMMON         
                cstackCOMMON                         76       76        5         1
                bssCOMMON                            70       70        6         1

        CLASS   BANK0          
                cstackBANK0                          4E       4E       17         1
                dataBANK0                            65       65        A         1
                bssBANK0                             20       20       2E         1
                nvBANK0                              6F       6F        1         1

        CLASS   BANK1          
                dataBANK1                            E3       E3        8         1
                bssBANK1                             A0       A0       43         1
                nvBANK1                              EB       EB        4         1

        CLASS   BANK2          
                cstackBANK2                         120      120       22         1
                bssBANK2                            142      142       20         1
                nvBANK2                             162      162        C         1

        CLASS   BANK3          

        CLASS   BANK4          

        CLASS   BANK5          

        CLASS   BANK6          

        CLASS   BANK7          

        CLASS   BANK8          

        CLASS   BANK9          

        CLASS   BANK10         

        CLASS   BANK11         

        CLASS   BANK12         

        CLASS   BIGRAM         

        CLASS   RAM            

        CLASS   ABS1           
                abs_s1                               7E       7E        2         1

        CLASS   SFR0           

        CLASS   SFR1           

        CLASS   SFR2           

        CLASS   SFR3           

        CLASS   SFR4           

        CLASS   SFR5           

        CLASS   SFR6           

        CLASS   SFR7           

        CLASS   SFR8           

        CLASS   SFR9           

        CLASS   SFR10          

        CLASS   SFR11          

        CLASS   SFR12          

        CLASS   SFR13          

        CLASS   SFR14          

        CLASS   SFR15          

        CLASS   SFR16          

        CLASS   SFR17          

        CLASS   SFR18          

        CLASS   SFR19          

        CLASS   SFR20          

        CLASS   SFR21          

        CLASS   SFR22          

        CLASS   SFR23          

        CLASS   SFR24          

        CLASS   SFR25          

        CLASS   SFR26          

        CLASS   SFR27          

        CLASS   SFR28          

        CLASS   SFR29          

        CLASS   SFR30          

        CLASS   SFR31          

        CLASS   SFR32          

        CLASS   SFR33          

        CLASS   SFR34          

        CLASS   SFR35          

        CLASS   SFR36          

        CLASS   SFR37          

        CLASS   SFR38          

        CLASS   SFR39          

        CLASS   SFR40          

        CLASS   SFR41          

        CLASS   SFR42          

        CLASS   SFR43          

        CLASS   SFR44          

        CLASS   SFR45          

        CLASS   SFR46          

        CLASS   SFR47          

        CLASS   SFR48          

        CLASS   SFR49          

        CLASS   SFR50          

        CLASS   SFR51          

        CLASS   SFR52          

        CLASS   SFR53          

        CLASS   SFR54          

        CLASS   SFR55          

        CLASS   SFR56          

        CLASS   SFR57          

        CLASS   SFR58          

        CLASS   SFR59          

        CLASS   SFR60          

        CLASS   SFR61          

        CLASS   SFR62          

        CLASS   SFR63          

        CLASS   CONFIG         
                config                             8007     8007        5         4

        CLASS   IDLOC          
                idloc                              8000     8000        4         5

        CLASS   BANK63         

        CLASS   BANK62         

        CLASS   BANK61         

        CLASS   BANK60         

        CLASS   BANK59         

        CLASS   BANK58         

        CLASS   BANK57         

        CLASS   BANK56         

        CLASS   BANK55         

        CLASS   BANK54         

        CLASS   BANK53         

        CLASS   BANK52         

        CLASS   BANK51         

        CLASS   BANK50         

        CLASS   BANK49         

        CLASS   BANK48         

        CLASS   BANK47         

        CLASS   BANK46         

        CLASS   BANK45         

        CLASS   BANK44         

        CLASS   BANK43         

        CLASS   BANK42         

        CLASS   BANK41         

        CLASS   BANK40         

        CLASS   BANK39         

        CLASS   BANK38         

        CLASS   BANK37         

        CLASS   BANK36         

        CLASS   BANK35         

        CLASS   BANK34         

        CLASS   BANK33         

        CLASS   BANK32         

        CLASS   BANK31         

        CLASS   BANK30         

        CLASS   BANK29         

        CLASS   BANK28         

        CLASS   BANK27         

        CLASS   BANK26         

        CLASS   BANK25         

        CLASS   BANK24         

        CLASS   BANK23         

        CLASS   BANK22         

        CLASS   BANK21         

        CLASS   BANK20         

        CLASS   BANK19         

        CLASS   BANK18         

        CLASS   BANK17         

        CLASS   BANK16         

        CLASS   BANK15         

        CLASS   BANK14         

        CLASS   BANK13         

        CLASS   HEAP           

        CLASS   STACK          

        CLASS   EEDATA         



SEGMENTS        Name                           Load    Length   Top    Selector   Space  Class     Delta

                reset_vec                      000000  000004  000004         0       0  CODE        2
                intentry                       000004  000249  00024D         8       0  CODE        2
                bssBANK0                       000020  000050  000070        20       1  BANK0       1
                bssCOMMON                      000070  00000B  00007B        70       1  COMMON      1
                bssBANK1                       0000A0  00004F  0000EF        A0       1  BANK1       1
                cstackBANK2                    000120  00004E  00016E       120       1  BANK2       1
                stringtext1                    00024D  00014C  000399       49A       0  STRCODE     2
                text25                         000399  0002AA  000643       732       0  CODE        2
                stringtext2                    000643  00008C  0006CF       C86       0  STRCODE     2
                text48                         0006CF  000131  000800       D9E       0  CODE        2
                text80                         00085E  000001  00085F      10BC       0  CODE        2
                text65                         00085F  000001  000860      10BE       0  CODE        2
                text83                         000860  000002  000862      10C0       0  CODE        2
                text69                         000862  000002  000864      10C4       0  CODE        2
                text81                         000864  000003  000867      10C8       0  CODE        2
                text79                         000867  000003  00086A      10CE       0  CODE        2
                text73                         00086A  000003  00086D      10D4       0  CODE        2
                text72                         00086D  000003  000870      10DA       0  CODE        2
                text68                         000870  000003  000873      10E0       0  CODE        2
                text61                         000873  000003  000876      10E6       0  CODE        2
                text60                         000876  000003  000879      10EC       0  CODE        2
                text56                         000879  000003  00087C      10F2       0  CODE        2
                text11                         00087C  000004  000880      10F8       0  CODE        2
                text76                         000880  000005  000885      1100       0  CODE        2
                text40                         000885  000005  00088A      110A       0  CODE        2
                text39                         00088A  000005  00088F      1114       0  CODE        2
                text31                         00088F  000005  000894      111E       0  CODE        2
                text30                         000894  000006  00089A      1128       0  CODE        2
                text18                         00089A  000006  0008A0      1134       0  CODE        2
                clrtext                        0008A0  000006  0008A6      1140       0  CODE        2
                inittext                       0008A6  000006  0008AC      114C       0  CODE        2
                text47                         0008AC  000008  0008B4      1158       0  CODE        2
                text33                         0008B4  000008  0008BC      1168       0  CODE        2
                text24                         0008BC  000008  0008C4      1178       0  CODE        2
                text17                         0008C4  000008  0008CC      1188       0  CODE        2
                text16                         0008CC  000008  0008D4      1198       0  CODE        2
                text15                         0008D4  000008  0008DC      11A8       0  CODE        2
                text14                         0008DC  000008  0008E4      11B8       0  CODE        2
                text13                         0008E4  000008  0008EC      11C8       0  CODE        2
                text10                         0008EC  000008  0008F4      11D8       0  CODE        2
                text9                          0008F4  000008  0008FC      11E8       0  CODE        2
                text4                          0008FC  000008  000904      11F8       0  CODE        2
                idataBANK1                     000904  000008  00090C      1208       0  CODE        2
                text19                         00090C  00000A  000916      1218       0  CODE        2
                text6                          000916  00000A  000920      122C       0  CODE        2
                idataBANK0                     000920  00000A  00092A      1240       0  CODE        2
                text64                         00092A  00000C  000936      1254       0  CODE        2
                text74                         000936  00000D  000943      126C       0  CODE        2
                text32                         000943  00000D  000950      1286       0  CODE        2
                text7                          000950  00000D  00095D      12A0       0  CODE        2
                text70                         00095D  00000E  00096B      12BA       0  CODE        2
                text58                         00096B  00000E  000979      12D6       0  CODE        2
                text71                         000979  00000F  000988      12F2       0  CODE        2
                text44                         000988  00000F  000997      1310       0  CODE        2
                text20                         000997  00000F  0009A6      132E       0  CODE        2
                text21                         0009A6  000011  0009B7      134C       0  CODE        2
                text23                         0009B7  000014  0009CB      136E       0  CODE        2
                text22                         0009CB  000015  0009E0      1396       0  CODE        2
                text82                         0009E0  000016  0009F6      13C0       0  CODE        2
                text28                         0009F6  000016  000A0C      13EC       0  CODE        2
                text59                         000A0C  000017  000A23      1418       0  CODE        2
                text41                         000A23  000017  000A3A      1446       0  CODE        2
                text63                         000A3A  000018  000A52      1474       0  CODE        2
                text75                         000A52  000019  000A6B      14A4       0  CODE        2
                text3                          000A6B  000019  000A84      14D6       0  CODE        2
                text2                          000A84  000019  000A9D      1508       0  CODE        2
                text8                          000A9D  00001B  000AB8      153A       0  CODE        2
                text77                         000AB8  00001E  000AD6      1570       0  CODE        2
                text38                         000AD6  000022  000AF8      15AC       0  CODE        2
                text36                         000AF8  000022  000B1A      15F0       0  CODE        2
                text27                         000B1A  000022  000B3C      1634       0  CODE        2
                text46                         000B3C  000023  000B5F      1678       0  CODE        2
                text29                         000B5F  000023  000B82      16BE       0  CODE        2
                text35                         000B82  000026  000BA8      1704       0  CODE        2
                text52                         000BA8  00002F  000BD7      1750       0  CODE        2
                text5                          000BD7  00002F  000C06      17AE       0  CODE        2
                text37                         000C06  000030  000C36      180C       0  CODE        2
                text1                          000C36  000030  000C66      186C       0  CODE        2
                text78                         000C66  000033  000C99      18CC       0  CODE        2
                text12                         000C99  000041  000CDA      1932       0  CODE        2
                text54                         000CDA  00004F  000D29      19B4       0  CODE        2
                text67                         000D29  00005C  000D85      1A52       0  CODE        2
                text55                         000D85  00005D  000DE2      1B0A       0  CODE        2
                text53                         000DE2  000064  000E46      1BC4       0  CODE        2
                text42                         000E46  000066  000EAC      1C8C       0  CODE        2
                text51                         000EAC  000067  000F13      1D58       0  CODE        2
                text34                         000F13  000076  000F89      1E26       0  CODE        2
                text49                         000F89  000077  001000      1F12       0  CODE        2


UNUSED ADDRESS RANGES

        Name                Unused          Largest block    Delta
        BANK1            000EF-000EF               1           1
        BANK10           00520-0056F              50           1
        BANK11           005A0-005EF              50           1
        BANK12           00620-0064F              30           1
        BANK2            0016E-0016F               2           1
        BANK3            001A0-001EF              50           1
        BANK4            00220-0026F              50           1
        BANK5            002A0-002EF              50           1
        BANK6            00320-0036F              50           1
        BANK7            003A0-003EF              50           1
        BANK8            00420-0046F              50           1
        BANK9            004A0-004EF              50           1
        BIGRAM           02000-023EF             3F0           1
        CODE             00800-0085D              5E           2
                         01000-01FFF             800
        COMMON           0007B-0007D               3           1
        CONST            00800-0085D              5E           2
                         01000-01FFF             100
        ENTRY            00800-0085D              5E           2
                         01000-01FFF             100
        RAM              000EF-000EF               1           1
                         0016E-0016F               2
                         001A0-001EF              50
                         00220-0026F              50
                         002A0-002EF              50
                         00320-0036F              50
                         003A0-003EF              50
                         00420-0046F              50
                         004A0-004EF              50
                         00520-0056F              50
                         005A0-005EF              50
                         00620-0064F              30
        SFR0             00000-0001F              20           1
        SFR1             00080-0009F              20           1
        SFR10            00500-0051F              20           1
        SFR11            00580-0059F              20           1
        SFR12            00600-0061F              20           1
        SFR13            00680-006EF              70           1
        SFR14            00700-0076F              70           1
        SFR15            00780-007EF              70           1
        SFR16            00800-0086F              70           1
        SFR17            00880-008EF              70           1
        SFR18            00900-0096F              70           1
        SFR19            00980-009EF              70           1
        SFR2             00100-0011F              20           1
        SFR20            00A00-00A6F              70           1
        SFR21            00A80-00AEF              70           1
        SFR22            00B00-00B6F              70           1
        SFR23            00B80-00BEF              70           1
        SFR24            00C00-00C6F              70           1
        SFR25            00C80-00CEF              70           1
        SFR26            00D00-00D6F              70           1
        SFR27            00D80-00DEF              70           1
        SFR28            00E00-00E6F              70           1
        SFR29            00E80-00EEF              70           1
        SFR3             00180-0019F              20           1
        SFR30            00F00-00F6F              70           1
        SFR31            00F80-00FEF              70           1
        SFR32            01000-0106F              70           1
        SFR33            01080-010EF              70           1
        SFR34            01100-0116F              70           1
        SFR35            01180-011EF              70           1
        SFR36            01200-0126F              70           1
        SFR37            01280-012EF              70           1
        SFR38            01300-0136F              70           1
        SFR39            01380-013EF              70           1
        SFR4             00200-0021F              20           1
        SFR40            01400-0146F              70           1
        SFR41            01480-014EF              70           1
        SFR42            01500-0156F              70           1
        SFR43            01580-015EF              70           1
        SFR44            01600-0166F              70           1
        SFR45            01680-016EF              70           1
        SFR46            01700-0176F              70           1
        SFR47            01780-017EF              70           1
        SFR48            01800-0186F              70           1
        SFR49            01880-018EF              70           1
        SFR5             00280-0029F              20           1
        SFR50            01900-0196F              70           1
        SFR51            01980-019EF              70           1
        SFR52            01A00-01A6F              70           1
        SFR53            01A80-01AEF              70           1
        SFR54            01B00-01B6F              70           1
        SFR55            01B80-01BEF              70           1
        SFR56            01C00-01C6F              70           1
        SFR57            01C80-01CEF              70           1
        SFR58            01D00-01D6F              70           1
        SFR59            01D80-01DEF              70           1
        SFR6             00300-0031F              20           1
        SFR60            01E00-01E6F              70           1
        SFR61            01E80-01EEF              70           1
        SFR62            01F00-01F6F              70           1
        SFR63            01F80-01FEF              70           1
        SFR7             00380-0039F              20           1
        SFR8             00400-0041F              20           1
        SFR9             00480-0049F              20           1
        STRCODE          00800-0085D              5E           2
                         01000-01FFF            1000
        STRING           00800-0085D              5E           2
                         01000-01FFF             100

                                  Symbol Table

?_ADC_GetConversion                             cstackCOMMON 00076
?_GetAmbientTemperature                         cstackBANK0  0004E
?___lldiv                                       cstackBANK0  0005A
?___lmul                                        cstackBANK0  0004E
?___omul                                        cstackBANK0  0004E
ADC_GetConversion@channel                       cstackCOMMON 00079
ADC_SelectChannel@channel                       cstackCOMMON 00077
CmdOutput@enable                                cstackBANK0  00052
EUSART1_Read@readValue                          cstackBANK0  0004F
EUSART1_SetErrorHandler@interruptHandler        cstackBANK0  0004E
EUSART1_SetFramingErrorHandler@interruptHandler cstackBANK0  0004E
EUSART1_SetOverrunErrorHandler@interruptHandler cstackBANK0  0004E
EUSART1_SetRxInterruptHandler@interruptHandler  cstackBANK0  0004E
EUSART1_SetTxInterruptHandler@interruptHandler  cstackBANK0  0004E
EUSART1_Write@txData                            cstackBANK0  0004F
GetAmbientTemperature@adcTemp                   cstackBANK0  00054
GetAmbientTemperature@i                         cstackBANK0  00056
GetAmbientTemperature@temperature               cstackBANK0  00057
LIN_calcParity@CMD                              cstackBANK0  0004F
LIN_calcParity@PID                              cstackBANK0  00050
LIN_checkPID@pid                                cstackBANK0  00055
LIN_getChecksum@checksum                        cstackBANK0  00054
LIN_getChecksum@data                            cstackBANK0  0004F
LIN_getChecksum@i                               cstackBANK0  00053
LIN_getChecksum@length                          cstackBANK0  00052
LIN_getChecksum@pid                             cstackBANK0  0004E
LIN_getFromTable@cmd                            cstackBANK0  00051
LIN_getFromTable@length                         cstackBANK0  00052
LIN_getFromTable@param                          cstackBANK0  0004E
LIN_getFromTable@rxCommand                      cstackBANK0  00053
LIN_getPacket@cmd                               cstackBANK0  0005A
LIN_getPacket@data                              cstackBANK0  00059
LIN_handler@LIN_rxState                         bssBANK0     00028
LIN_handler@rxDataIndex                         bssBANK0     00027
LIN_init@command                                cstackBANK0  00050
LIN_init@processData                            cstackBANK0  00052
LIN_init@tableLength                            cstackBANK0  00054
LIN_queuePacket@cmd                             cstackBANK0  0005E
LIN_queuePacket@i                               cstackBANK0  0005F
LIN_queuePacket@tempSchedule                    cstackBANK0  00060
LIN_sendPacket@data                             cstackBANK0  00057
LIN_sendPacket@i                                cstackBANK0  0005A
LIN_sendPacket@length                           cstackBANK0  00059
LIN_sendPacket@pid                              cstackBANK0  00056
LIN_startTimer@timeout                          cstackBANK0  00050
TMR0_SetInterruptHandler@InterruptHandler       cstackBANK0  0004E
TMR0_WriteTimer@timerVal                        cstackBANK0  0004E
TMR1_WriteTimer@timerVal                        cstackBANK0  0004E
_ADCON0                                         (abs)        0009D
_ADCON0bits                                     (abs)        0009D
_ADCON1                                         (abs)        0009E
_ADC_GetConversion                              text75       00A52
_ADC_Initialize                                 text24       008BC
_ADC_SelectChannel                              text74       00936
_ADRESH                                         (abs)        0009C
_ADRESL                                         (abs)        0009B
_ANSELA                                         (abs)        01F38
_ANSELB                                         (abs)        01F43
_ANSELC                                         (abs)        01F4E
_BAUD1CON                                       (abs)        0011F
_CLC1CON                                        (abs)        01E10
_CLC1CONbits                                    (abs)        01E10
_CLC1GLS0                                       (abs)        01E16
_CLC1GLS1                                       (abs)        01E17
_CLC1GLS1bits                                   (abs)        01E17
_CLC1GLS2                                       (abs)        01E18
_CLC1GLS3                                       (abs)        01E19
_CLC1GLS3bits                                   (abs)        01E19
_CLC1POL                                        (abs)        01E11
_CLC1POLbits                                    (abs)        01E11
_CLC1SEL0                                       (abs)        01E12
_CLC1SEL1                                       (abs)        01E13
_CLC1SEL2                                       (abs)        01E14
_CLC1SEL3                                       (abs)        01E15
_CLC1_Initialize                                text23       009B7
_CLC2CON                                        (abs)        01E1A
_CLC2GLS0                                       (abs)        01E20
_CLC2GLS1                                       (abs)        01E21
_CLC2GLS2                                       (abs)        01E22
_CLC2GLS3                                       (abs)        01E23
_CLC2POL                                        (abs)        01E1B
_CLC2POLbits                                    (abs)        01E1B
_CLC2SEL0                                       (abs)        01E1C
_CLC2SEL1                                       (abs)        01E1D
_CLC2SEL2                                       (abs)        01E1E
_CLC2SEL3                                       (abs)        01E1F
_CLC2_ISR                                       text83       00860
_CLC2_Initialize                                text22       009CB
_CLC3CON                                        (abs)        01E24
_CLC3CONbits                                    (abs)        01E24
_CLC3GLS0                                       (abs)        01E2A
_CLC3GLS1                                       (abs)        01E2B
_CLC3GLS2                                       (abs)        01E2C
_CLC3GLS3                                       (abs)        01E2D
_CLC3POL                                        (abs)        01E25
_CLC3SEL0                                       (abs)        01E26
_CLC3SEL1                                       (abs)        01E27
_CLC3SEL2                                       (abs)        01E28
_CLC3SEL3                                       (abs)        01E29
_CLC3_Initialize                                text21       009A6
_CLC4CON                                        (abs)        01E2E
_CLC4GLS0                                       (abs)        01E34
_CLC4GLS1                                       (abs)        01E35
_CLC4GLS2                                       (abs)        01E36
_CLC4GLS3                                       (abs)        01E37
_CLC4POL                                        (abs)        01E2F
_CLC4SEL0                                       (abs)        01E30
_CLC4SEL1                                       (abs)        01E31
_CLC4SEL2                                       (abs)        01E32
_CLC4SEL3                                       (abs)        01E33
_CLC4_Initialize                                text20       00997
_CLCDATAbits                                    (abs)        01E0F
_CLCIN0PPS                                      (abs)        01EBB
_CM2CON0                                        (abs)        00994
_CM2CON0bits                                    (abs)        00994
_CM2CON1                                        (abs)        00995
_CM2NCH                                         (abs)        00996
_CM2PCH                                         (abs)        00997
_CMP2_Initialize                                text19       0090C
_CmdOutput                                      text55       00D85
_CountCallBack                                  bssBANK0     00029
_DAC1CON0                                       (abs)        0090E
_DAC1CON1                                       (abs)        0090F
_DAC1CON1bits                                   (abs)        0090F
_DAC1_Initialize                                text18       0089A
_EFuse                                          text48       006CF
_EFuseInit                                      text29       00B5F
_EUSART1_DefaultErrorHandler                    text81       00864
_EUSART1_DefaultFramingErrorHandler             text80       0085E
_EUSART1_DefaultOverrunErrorHandler             text79       00867
_EUSART1_ErrorHandler                           nvBANK2      00162
_EUSART1_FramingErrorHandler                    nvBANK2      00166
_EUSART1_Initialize                             text12       00C99
_EUSART1_OverrunErrorHandler                    nvBANK2      00164
_EUSART1_Read                                   text46       00B3C
_EUSART1_Receive_ISR                            text78       00C66
_EUSART1_RxDataHandler                          text82       009E0
_EUSART1_RxDefaultInterruptHandler              nvBANK2      00168
_EUSART1_SetErrorHandler                        text17       008C4
_EUSART1_SetFramingErrorHandler                 text16       008CC
_EUSART1_SetOverrunErrorHandler                 text15       008D4
_EUSART1_SetRxInterruptHandler                  text14       008DC
_EUSART1_SetTxInterruptHandler                  text13       008E4
_EUSART1_Transmit_ISR                           text77       00AB8
_EUSART1_TxDefaultInterruptHandler              nvBANK2      0016A
_EUSART1_Write                                  text38       00AD6
_EUSART1_get_last_status                        text45       007FE
_EUSART1_is_rx_ready                            text47       008AC
_FVRCON                                         (abs)        0090C
_FVR_Initialize                                 text11       0087C
_GetAmbientTemperature                          text54       00CDA
_INLVLA                                         (abs)        01F3C
_INLVLB                                         (abs)        01F47
_INLVLC                                         (abs)        01F52
_INTCONbits                                     (abs)        0000B
_INTERRUPT_InterruptManager                     intentry     00004
_LATA                                           (abs)        00018
_LATB                                           (abs)        00019
_LATBbits                                       (abs)        00019
_LATC                                           (abs)        0001A
_LIN_ADC_CURRENT_SENSE_CORRECTED_Data           bssBANK1     000D1
_LIN_ADC_CURRENT_SENSE_UNCORRECTED_Data         bssBANK1     000D5
_LIN_ADC_TEMP_SENSE_Data                        bssBANK1     000D3
_LIN_ADC_VCC_SENSE_Data                         bssBANK1     000D7
_LIN_AMBIENT_TEMPERATURE_Data                   bssBANK1     000CD
_LIN_B1_COEF_Data                               bssBANK0     00048
_LIN_COMMAND_Data                               bssBANK0     0004D
_LIN_CURRENT2COUNTS_SQUARED_Data                bssBANK1     000DD
_LIN_CURRENT_SENSE_OFFSET_Data                  bssBANK1     000CF
_LIN_DAC_I_HW_TRIP_Data                         bssBANK0     00049
_LIN_DIAGNOSTIC_Data                            bssBANK2     0015A
_LIN_ENTER_SLEEP_MODE_Data                      bssBANK0     0004B
_LIN_FACTOR_RDSON_RTHJS_Data                    bssBANK1     000E1
_LIN_FACTOR_RDSON_RTHSA_Data                    bssBANK1     000DF
_LIN_GET_TRIGGER_TYPE_Data                      bssBANK0     00045
_LIN_HEATSINK_TEMPERATURE_Data                  bssBANK1     000CB
_LIN_ISENSE_MAX_Data                            bssBANK1     000DB
_LIN_JUNCTION_TEMPERATURE_Data                  bssBANK1     000C9
_LIN_OUTPUT_STATE_Data                          bssBANK0     00046
_LIN_OVER_CURRENT_FAULT_Data                    bssBANK0     00044
_LIN_OVER_TEMP_FAULT_Data                       bssBANK0     00042
_LIN_REDUCED_DRIVE_TIME_Data                    bssBANK0     00047
_LIN_Slave_Initialize                           text7        00950
_LIN_TCC_SAMPLE_TIME_Data                       bssBANK1     000D9
_LIN_TEMPERATURE_RISE_JS_Data                   bssBANK1     000C7
_LIN_TEMPERATURE_RISE_SA_Data                   bssBANK1     000C5
_LIN_TJ_LIMIT_Data                              bssBANK0     0004A
_LIN_TRIGGER_TYPE_Data                          bssBANK0     0004C
_LIN_UVLO_FAULT_Data                            bssBANK0     00043
_LIN_breakCheck                                 text44       00988
_LIN_calcParity                                 text43       00751
_LIN_checkPID                                   text41       00A23
_LIN_disableRx                                  text40       00885
_LIN_enableRx                                   text39       0088A
_LIN_getChecksum                                text37       00C06
_LIN_getFromTable                               text42       00E46
_LIN_getPacket                                  text27       00B1A
_LIN_handler                                    text25       00399
_LIN_init                                       text8        00A9D
_LIN_packet                                     bssBANK1     000B8
_LIN_processData                                nvBANK2      0016C
_LIN_queuePacket                                text34       00F13
_LIN_rxCommand                                  nvBANK1      000ED
_LIN_rxCommandLength                            nvBANK0      0006F
_LIN_rxInProgress                               bssBANK0     0002B
_LIN_sendPacket                                 text36       00AF8
_LIN_setTimerHandler                            text9        008F4
_LIN_startTimer                                 text32       00943
_LIN_stopTimer                                  text31       0088F
_LIN_timeout                                    dataBANK0    00069
_LIN_timerHandler                               text64       0092A
_LIN_timerRunning                               bssBANK0     0002A
_ODCONA                                         (abs)        01F3A
_ODCONB                                         (abs)        01F45
_ODCONC                                         (abs)        01F50
_OSCCON1                                        (abs)        0088D
_OSCCON3                                        (abs)        0088F
_OSCEN                                          (abs)        00891
_OSCFRQ                                         (abs)        00893
_OSCILLATOR_Initialize                          text6        00916
_OSCSTAT                                        (abs)        00890
_OSCTUNE                                        (abs)        00892
_PIE0bits                                       (abs)        00716
_PIE3bits                                       (abs)        00719
_PIE5bits                                       (abs)        0071B
_PIN_MANAGER_Initialize                         text5        00BD7
_PIR0bits                                       (abs)        0070C
_PIR2bits                                       (abs)        0070E
_PIR3bits                                       (abs)        0070F
_PIR4bits                                       (abs)        00710
_PIR5bits                                       (abs)        00711
_PMD0                                           (abs)        00796
_PMD1                                           (abs)        00797
_PMD2                                           (abs)        00798
_PMD3                                           (abs)        00799
_PMD4                                           (abs)        0079A
_PMD5                                           (abs)        0079B
_PMD_Initialize                                 text4        008FC
_ProcessAnalogInputs                            text66       00593
_RB7PPS                                         (abs)        01F1F
_RC1REG                                         (abs)        00119
_RC1STA                                         (abs)        0011D
_RC1STAbits                                     (abs)        0011D
_RC6PPS                                         (abs)        01F26
_RC7PPS                                         (abs)        01F27
_RX1DTPPS                                       (abs)        01ECB
_SLRCONA                                        (abs)        01F3B
_SLRCONB                                        (abs)        01F46
_SLRCONC                                        (abs)        01F51
_SP1BRGH                                        (abs)        0011C
_SP1BRGL                                        (abs)        0011B
_SYSTEM_Initialize                              text1        00C36
_T0CON0                                         (abs)        0059E
_T0CON1                                         (abs)        0059F
_T1CLK                                          (abs)        00211
_T1CON                                          (abs)        0020E
_T1CONbits                                      (abs)        0020E
_T1GATE                                         (abs)        00210
_T1GCON                                         (abs)        0020F
_T2CLKCON                                       (abs)        00290
_T2CON                                          (abs)        0028E
_T2CONbits                                      (abs)        0028E
_T2HLT                                          (abs)        0028F
_T2PR                                           (abs)        0028D
_T2RST                                          (abs)        00291
_T2TMR                                          (abs)        0028C
_TCC_Curve                                      text50       00067
_TCC_Curve$3309                                 cstackBANK2  00134
_TCC_Curve$3310                                 cstackBANK2  0013C
_TMR0H                                          (abs)        0059D
_TMR0L                                          (abs)        0059C
_TMR0_DefaultInterruptHandler                   text65       0085F
_TMR0_ISR                                       text63       00A3A
_TMR0_Initialize                                text3        00A6B
_TMR0_InterruptHandler                          nvBANK1      000EB
_TMR0_Reload                                    text30       00894
_TMR0_SetInterruptHandler                       text10       008EC
_TMR0_WriteTimer                                text33       008B4
_TMR1H                                          (abs)        0020D
_TMR1L                                          (abs)        0020C
_TMR1_Initialize                                text2        00A84
_TMR1_StartTimer                                text61       00873
_TMR1_StopTimer                                 text60       00876
_TMR1_WriteTimer                                text59       00A0C
_TMR2_Initialize                                text58       0096B
_TMR2_Start                                     text57       00002
_TMR2_Stop                                      text56       00879
_TRISA                                          (abs)        00012
_TRISB                                          (abs)        00013
_TRISC                                          (abs)        00014
_TRISCbits                                      (abs)        00014
_TX1REG                                         (abs)        0011A
_TX1STA                                         (abs)        0011E
_TX1STAbits                                     (abs)        0011E
_Tambient                                       dataBANK0    0006D
_Tjunction                                      bssBANK0     00036
_Trise_filtered                                 bssBANK1     000A8
_Trise_js                                       bssBANK0     00034
_Trise_raw_curr                                 bssBANK1     000A4
_Trise_raw_prev                                 bssBANK1     000A0
_Trise_sa                                       bssBANK0     00032
_Tsink                                          bssBANK0     00038
_Update_LIN_Data                                text49       00F89
_WPUA                                           (abs)        01F39
_WPUB                                           (abs)        01F44
_WPUC                                           (abs)        01F4F
__H__absolute__                                 __absolute__ 00000
__Habs1                                         abs1         00000
__Hbank0                                        bank0        00000
__Hbank1                                        bank1        00000
__Hbank10                                       bank10       00000
__Hbank11                                       bank11       00000
__Hbank12                                       bank12       00000
__Hbank13                                       bank13       00000
__Hbank14                                       bank14       00000
__Hbank15                                       bank15       00000
__Hbank16                                       bank16       00000
__Hbank17                                       bank17       00000
__Hbank18                                       bank18       00000
__Hbank19                                       bank19       00000
__Hbank2                                        bank2        00000
__Hbank20                                       bank20       00000
__Hbank21                                       bank21       00000
__Hbank22                                       bank22       00000
__Hbank23                                       bank23       00000
__Hbank24                                       bank24       00000
__Hbank25                                       bank25       00000
__Hbank26                                       bank26       00000
__Hbank27                                       bank27       00000
__Hbank28                                       bank28       00000
__Hbank29                                       bank29       00000
__Hbank3                                        bank3        00000
__Hbank30                                       bank30       00000
__Hbank31                                       bank31       00000
__Hbank32                                       bank32       00000
__Hbank33                                       bank33       00000
__Hbank34                                       bank34       00000
__Hbank35                                       bank35       00000
__Hbank36                                       bank36       00000
__Hbank37                                       bank37       00000
__Hbank38                                       bank38       00000
__Hbank39                                       bank39       00000
__Hbank4                                        bank4        00000
__Hbank40                                       bank40       00000
__Hbank41                                       bank41       00000
__Hbank42                                       bank42       00000
__Hbank43                                       bank43       00000
__Hbank44                                       bank44       00000
__Hbank45                                       bank45       00000
__Hbank46                                       bank46       00000
__Hbank47                                       bank47       00000
__Hbank48                                       bank48       00000
__Hbank49                                       bank49       00000
__Hbank5                                        bank5        00000
__Hbank50                                       bank50       00000
__Hbank51                                       bank51       00000
__Hbank52                                       bank52       00000
__Hbank53                                       bank53       00000
__Hbank54                                       bank54       00000
__Hbank55                                       bank55       00000
__Hbank56                                       bank56       00000
__Hbank57                                       bank57       00000
__Hbank58                                       bank58       00000
__Hbank59                                       bank59       00000
__Hbank6                                        bank6        00000
__Hbank60                                       bank60       00000
__Hbank61                                       bank61       00000
__Hbank62                                       bank62       00000
__Hbank63                                       bank63       00000
__Hbank7                                        bank7        00000
__Hbank8                                        bank8        00000
__Hbank9                                        bank9        00000
__Hbigram                                       bigram       00000
__HbssBANK0                                     bssBANK0     00000
__HbssBANK1                                     bssBANK1     00000
__HbssBANK2                                     bssBANK2     00000
__HbssCOMMON                                    bssCOMMON    00000
__Hcinit                                        cinit        00067
__Hclrtext                                      clrtext      00000
__Hcode                                         code         00000
__Hcommon                                       common       00000
__Hconfig                                       config       0800C
__HcstackBANK0                                  cstackBANK0  00000
__HcstackBANK2                                  cstackBANK2  00000
__HcstackCOMMON                                 cstackCOMMON 00000
__HdataBANK0                                    dataBANK0    00000
__HdataBANK1                                    dataBANK1    00000
__Heeprom_data                                  eeprom_data  00000
__Hend_init                                     end_init     0002E
__Hfunctab                                      functab      00000
__Hheap                                         heap         00000
__HidataBANK0                                   idataBANK0   00000
__HidataBANK1                                   idataBANK1   00000
__Hidloc                                        idloc        08004
__Hinit                                         init         0002C
__Hinittext                                     inittext     00000
__Hintentry                                     intentry     0002C
__Hmaintext                                     maintext     00000
__HnvBANK0                                      nvBANK0      00000
__HnvBANK1                                      nvBANK1      00000
__HnvBANK2                                      nvBANK2      00000
__Hpowerup                                      powerup      00000
__Hram                                          ram          00000
__Hreset_vec                                    reset_vec    00002
__Hsfr0                                         sfr0         00000
__Hsfr1                                         sfr1         00000
__Hsfr10                                        sfr10        00000
__Hsfr11                                        sfr11        00000
__Hsfr12                                        sfr12        00000
__Hsfr13                                        sfr13        00000
__Hsfr14                                        sfr14        00000
__Hsfr15                                        sfr15        00000
__Hsfr16                                        sfr16        00000
__Hsfr17                                        sfr17        00000
__Hsfr18                                        sfr18        00000
__Hsfr19                                        sfr19        00000
__Hsfr2                                         sfr2         00000
__Hsfr20                                        sfr20        00000
__Hsfr21                                        sfr21        00000
__Hsfr22                                        sfr22        00000
__Hsfr23                                        sfr23        00000
__Hsfr24                                        sfr24        00000
__Hsfr25                                        sfr25        00000
__Hsfr26                                        sfr26        00000
__Hsfr27                                        sfr27        00000
__Hsfr28                                        sfr28        00000
__Hsfr29                                        sfr29        00000
__Hsfr3                                         sfr3         00000
__Hsfr30                                        sfr30        00000
__Hsfr31                                        sfr31        00000
__Hsfr32                                        sfr32        00000
__Hsfr33                                        sfr33        00000
__Hsfr34                                        sfr34        00000
__Hsfr35                                        sfr35        00000
__Hsfr36                                        sfr36        00000
__Hsfr37                                        sfr37        00000
__Hsfr38                                        sfr38        00000
__Hsfr39                                        sfr39        00000
__Hsfr4                                         sfr4         00000
__Hsfr40                                        sfr40        00000
__Hsfr41                                        sfr41        00000
__Hsfr42                                        sfr42        00000
__Hsfr43                                        sfr43        00000
__Hsfr44                                        sfr44        00000
__Hsfr45                                        sfr45        00000
__Hsfr46                                        sfr46        00000
__Hsfr47                                        sfr47        00000
__Hsfr48                                        sfr48        00000
__Hsfr49                                        sfr49        00000
__Hsfr5                                         sfr5         00000
__Hsfr50                                        sfr50        00000
__Hsfr51                                        sfr51        00000
__Hsfr52                                        sfr52        00000
__Hsfr53                                        sfr53        00000
__Hsfr54                                        sfr54        00000
__Hsfr55                                        sfr55        00000
__Hsfr56                                        sfr56        00000
__Hsfr57                                        sfr57        00000
__Hsfr58                                        sfr58        00000
__Hsfr59                                        sfr59        00000
__Hsfr6                                         sfr6         00000
__Hsfr60                                        sfr60        00000
__Hsfr61                                        sfr61        00000
__Hsfr62                                        sfr62        00000
__Hsfr63                                        sfr63        00000
__Hsfr7                                         sfr7         00000
__Hsfr8                                         sfr8         00000
__Hsfr9                                         sfr9         00000
__Hsivt                                         sivt         0002C
__Hspace_0                                      (abs)        01000
__Hspace_1                                      (abs)        0016E
__Hspace_2                                      (abs)        00000
__Hspace_3                                      (abs)        00000
__Hspace_4                                      (abs)        10013
__Hstack                                        stack        00000
__Hstrings                                      strings      00000
__Hstringtext1                                  stringtext1  00000
__Hstringtext2                                  stringtext2  00000
__Htext                                         text         00000
__L__absolute__                                 __absolute__ 00000
__Labs1                                         abs1         00000
__Lbank0                                        bank0        00000
__Lbank1                                        bank1        00000
__Lbank10                                       bank10       00000
__Lbank11                                       bank11       00000
__Lbank12                                       bank12       00000
__Lbank13                                       bank13       00000
__Lbank14                                       bank14       00000
__Lbank15                                       bank15       00000
__Lbank16                                       bank16       00000
__Lbank17                                       bank17       00000
__Lbank18                                       bank18       00000
__Lbank19                                       bank19       00000
__Lbank2                                        bank2        00000
__Lbank20                                       bank20       00000
__Lbank21                                       bank21       00000
__Lbank22                                       bank22       00000
__Lbank23                                       bank23       00000
__Lbank24                                       bank24       00000
__Lbank25                                       bank25       00000
__Lbank26                                       bank26       00000
__Lbank27                                       bank27       00000
__Lbank28                                       bank28       00000
__Lbank29                                       bank29       00000
__Lbank3                                        bank3        00000
__Lbank30                                       bank30       00000
__Lbank31                                       bank31       00000
__Lbank32                                       bank32       00000
__Lbank33                                       bank33       00000
__Lbank34                                       bank34       00000
__Lbank35                                       bank35       00000
__Lbank36                                       bank36       00000
__Lbank37                                       bank37       00000
__Lbank38                                       bank38       00000
__Lbank39                                       bank39       00000
__Lbank4                                        bank4        00000
__Lbank40                                       bank40       00000
__Lbank41                                       bank41       00000
__Lbank42                                       bank42       00000
__Lbank43                                       bank43       00000
__Lbank44                                       bank44       00000
__Lbank45                                       bank45       00000
__Lbank46                                       bank46       00000
__Lbank47                                       bank47       00000
__Lbank48                                       bank48       00000
__Lbank49                                       bank49       00000
__Lbank5                                        bank5        00000
__Lbank50                                       bank50       00000
__Lbank51                                       bank51       00000
__Lbank52                                       bank52       00000
__Lbank53                                       bank53       00000
__Lbank54                                       bank54       00000
__Lbank55                                       bank55       00000
__Lbank56                                       bank56       00000
__Lbank57                                       bank57       00000
__Lbank58                                       bank58       00000
__Lbank59                                       bank59       00000
__Lbank6                                        bank6        00000
__Lbank60                                       bank60       00000
__Lbank61                                       bank61       00000
__Lbank62                                       bank62       00000
__Lbank63                                       bank63       00000
__Lbank7                                        bank7        00000
__Lbank8                                        bank8        00000
__Lbank9                                        bank9        00000
__Lbigram                                       bigram       00000
__LbssBANK0                                     bssBANK0     00000
__LbssBANK1                                     bssBANK1     00000
__LbssBANK2                                     bssBANK2     00000
__LbssCOMMON                                    bssCOMMON    00000
__Lcinit                                        cinit        0002E
__Lclrtext                                      clrtext      00000
__Lcode                                         code         00000
__Lcommon                                       common       00000
__Lconfig                                       config       00000
__LcstackBANK0                                  cstackBANK0  00000
[...]
__end_of___omul                                 text51       00F13
__end_of__initialization                        cinit        00063
__end_of_main                                   maintext     007FE
__end_of_memcpy                                 text35       00BA8
__end_of_memset                                 text28       00A0C
__end_of_processLIN                             text26       00593
__end_of_scheduleTable                          stringtext2  006CF
__end_of_temperatureLUT                         stringtext1  00399
__end_ofi1_CmdOutput                            text67       00D85
__end_ofi1_LIN_stopTimer                        text76       00885
__end_ofi1_TMR1_StartTimer                      text73       0086D
__end_ofi1_TMR1_StopTimer                       text72       00870
__end_ofi1_TMR1_WriteTimer                      text71       00988
__end_ofi1_TMR2_Initialize                      text70       0096B
__end_ofi1_TMR2_Start                           text69       00864
__end_ofi1_TMR2_Stop                            text68       00873
__initialization                                cinit        0002E
__pbssBANK0                                     bssBANK0     00020
__pbssBANK1                                     bssBANK1     000A0
__pbssBANK2                                     bssBANK2     00142
__pbssCOMMON                                    bssCOMMON    00070
__pcstackBANK0                                  cstackBANK0  0004E
__pcstackBANK2                                  cstackBANK2  00120
__pcstackCOMMON                                 cstackCOMMON 00076
__pdataBANK0                                    dataBANK0    00065
__pdataBANK1                                    dataBANK1    000E3
__pidataBANK0                                   idataBANK0   00920
__pidataBANK1                                   idataBANK1   00904
__pintentry                                     intentry     00004
__pmaintext                                     maintext     007D2
__pnvBANK0                                      nvBANK0      0006F
__pnvBANK1                                      nvBANK1      000EB
__pnvBANK2                                      nvBANK2      00162
__pstringtext1                                  stringtext1  0024D
__pstringtext2                                  stringtext2  00643
__ptext1                                        text1        00C36
__ptext10                                       text10       008EC
__ptext11                                       text11       0087C
__ptext12                                       text12       00C99
__ptext13                                       text13       008E4
__ptext14                                       text14       008DC
__ptext15                                       text15       008D4
__ptext16                                       text16       008CC
__ptext17                                       text17       008C4
__ptext18                                       text18       0089A
__ptext19                                       text19       0090C
__ptext2                                        text2        00A84
__ptext20                                       text20       00997
__ptext21                                       text21       009A6
__ptext22                                       text22       009CB
__ptext23                                       text23       009B7
__ptext24                                       text24       008BC
__ptext25                                       text25       00399
__ptext26                                       text26       0049D
__ptext27                                       text27       00B1A
__ptext28                                       text28       009F6
__ptext29                                       text29       00B5F
__ptext3                                        text3        00A6B
__ptext30                                       text30       00894
__ptext31                                       text31       0088F
__ptext32                                       text32       00943
__ptext33                                       text33       008B4
__ptext34                                       text34       00F13
__ptext35                                       text35       00B82
__ptext36                                       text36       00AF8
__ptext37                                       text37       00C06
__ptext38                                       text38       00AD6
__ptext39                                       text39       0088A
__ptext4                                        text4        008FC
__ptext40                                       text40       00885
__ptext41                                       text41       00A23
__ptext42                                       text42       00E46
__ptext43                                       text43       00751
__ptext44                                       text44       00988
__ptext45                                       text45       007FE
__ptext46                                       text46       00B3C
__ptext47                                       text47       008AC
__ptext48                                       text48       006CF
__ptext49                                       text49       00F89
__ptext5                                        text5        00BD7
__ptext50                                       text50       00067
__ptext51                                       text51       00EAC
__ptext52                                       text52       00BA8
__ptext53                                       text53       00DE2
__ptext54                                       text54       00CDA
__ptext55                                       text55       00D85
__ptext56                                       text56       00879
__ptext57                                       text57       00002
__ptext58                                       text58       0096B
__ptext59                                       text59       00A0C
__ptext6                                        text6        00916
__ptext60                                       text60       00876
__ptext61                                       text61       00873
__ptext63                                       text63       00A3A
__ptext64                                       text64       0092A
__ptext65                                       text65       0085F
__ptext66                                       text66       00593
__ptext67                                       text67       00D29
__ptext68                                       text68       00870
__ptext69                                       text69       00862
__ptext7                                        text7        00950
__ptext70                                       text70       0095D
__ptext71                                       text71       00979
__ptext72                                       text72       0086D
__ptext73                                       text73       0086A
__ptext74                                       text74       00936
__ptext75                                       text75       00A52
__ptext76                                       text76       00880
__ptext77                                       text77       00AB8
__ptext78                                       text78       00C66
__ptext79                                       text79       00867
__ptext8                                        text8        00A9D
__ptext80                                       text80       0085E
__ptext81                                       text81       00864
__ptext82                                       text82       009E0
__ptext83                                       text83       00860
__ptext9                                        text9        008F4
_a1_coef                                        dataBANK1    000E5
_adcISense_OneMOSFET                            bssBANK1     000AE
_adcISense_corr                                 bssBANK0     0003C
_adcISense_curr                                 bssBANK0     0003E
_adcISense_prev                                 bssBANK1     000AC
_adcTSense_curr                                 bssCOMMON    00074
_adcTSense_prev                                 bssBANK0     00020
_adcVccSense_curr                               bssBANK0     00040
_adcVccSense_prev                               bssBANK1     000B0
_b1_coef                                        dataBANK0    0006A
_current2counts_squared                         dataBANK0    00067
_dac_i_hw_trip                                  dataBANK0    0006B
_eusart1RxBuffer                                bssBANK2     0014A
_eusart1RxCount                                 bssBANK0     00023
_eusart1RxHead                                  bssCOMMON    00073
_eusart1RxLastError                             bssBANK0     00022
_eusart1RxStatusBuffer                          bssBANK2     00142
_eusart1RxTail                                  bssCOMMON    00072
_eusart1TxBuffer                                bssBANK2     00152
_eusart1TxBufferRemaining                       bssBANK0     00024
_eusart1TxHead                                  bssBANK0     00026
_eusart1TxTail                                  bssBANK0     00025
_factor_rdson_rthjs                             dataBANK1    000E9
_factor_rdson_rthsa                             dataBANK1    000E7
_iSenseOffset                                   bssBANK0     0003A
_isense_max                                     dataBANK0    00065
_main                                           maintext     007D2
_memcpy                                         text35       00B82
_memset                                         text28       009F6
_outputState                                    bssBANK0     0002F
_overCurrentFault                               bssBANK0     0002E
_overTempFault                                  bssBANK0     0002C
_processLIN                                     text26       0049D
_reduced_drive_time                             bssBANK0     00030
_scheduleTable                                  stringtext2  00643
_tcc_sample_time                                dataBANK1    000E3
_temperatureLUT                                 stringtext1  0024D
_ticks_1ms                                      bssBANK1     000B6
_timer0ReloadVal16bit                           bssCOMMON    00070
_timer1ReloadVal                                bssBANK1     000B4
_tj_limit                                       dataBANK0    0006C
_triggerType                                    bssBANK0     00031
_uvloFault                                      bssBANK0     0002D
btemp                                           (abs)        0007E
clear_ram0                                      clrtext      008A0
end_of_initialization                           cinit        00063
i1CmdOutput@enable                              cstackCOMMON 0007A
i1TMR1_WriteTimer@timerVal                      cstackCOMMON 00076
i1_CmdOutput                                    text67       00D29
i1_LIN_stopTimer                                text76       00880
i1_TMR1_StartTimer                              text73       0086A
i1_TMR1_StopTimer                               text72       0086D
i1_TMR1_WriteTimer                              text71       00979
i1_TMR2_Initialize                              text70       0095D
i1_TMR2_Start                                   text69       00862
i1_TMR2_Stop                                    text68       00870
init_ram                                        inittext     008A6
int$flags                                       (abs)        0007E
intlevel0                                       functab      00000
intlevel1                                       functab      00000
intlevel2                                       functab      00000
intlevel3                                       functab      00000
intlevel4                                       functab      00000
intlevel5                                       functab      00000
memcpy@d                                        cstackBANK0  00055
memcpy@d1                                       cstackBANK0  0004E
memcpy@n                                        cstackBANK0  00052
memcpy@s                                        cstackBANK0  00057
memcpy@s1                                       cstackBANK0  00050
memcpy@tmp                                      cstackBANK0  00054
memset@c                                        cstackBANK0  0004E
memset@dest                                     cstackBANK0  00054
memset@n                                        cstackBANK0  00050
memset@p                                        cstackBANK0  00053
processLIN@cmd                                  cstackBANK2  00120
processLIN@tempRxData                           cstackBANK2  00121
reset_vec                                       reset_vec    00000
start                                           init         0002C
start_initialization                            cinit        0002E
wtemp0                                          (abs)        0007E


MODULE INFORMATION

Module		Function		Class		Link	Load	Size
mcc_generated_files/fvr.c
		_FVR_Initialize		CODE           	087C	0000	4

mcc_generated_files/fvr.c estimated size: 4

mcc_generated_files/tmr2.c
		_TMR2_Initialize		CODE           	096B	0000	14
		_TMR2_Stop     		CODE           	0879	0000	3
		_TMR2_Start    		CODE           	0002	0000	2

mcc_generated_files/tmr2.c estimated size: 19

mcc_generated_files/interrupt_manager.c
		_INTERRUPT_InterruptManager		CODE           	0004	0000	40

mcc_generated_files/interrupt_manager.c estimated size: 40

mcc_generated_files/tmr0.c
		_TMR0_SetInterruptHandler		CODE           	08EC	0000	8
		_TMR0_Reload   		CODE           	0894	0000	6
		_TMR0_DefaultInterruptHandler		CODE           	085F	0000	1
		_TMR0_WriteTimer		CODE           	08B4	0000	8
		_TMR0_ISR      		CODE           	0A3A	0000	24
		_TMR0_Initialize		CODE           	0A6B	0000	25

mcc_generated_files/tmr0.c estimated size: 72

mcc_generated_files/pin_manager.c
		_PIN_MANAGER_Initialize		CODE           	0BD7	0000	47

mcc_generated_files/pin_manager.c estimated size: 47

C:\Program Files\Microchip\xc8\v2.46\pic\sources\c99\common\memset.c
		_memset        		CODE           	09F6	0000	22

C:\Program Files\Microchip\xc8\v2.46\pic\sources\c99\common\memset.c estimated size: 22

mcc_generated_files/clc4.c
		_CLC4_Initialize		CODE           	0997	0000	15

mcc_generated_files/clc4.c estimated size: 15

mcc_generated_files/adc.c
		_ADC_Initialize		CODE           	08BC	0000	8
		_ADC_GetConversion		CODE           	0A52	0000	25
		_ADC_SelectChannel		CODE           	0936	0000	13

mcc_generated_files/adc.c estimated size: 46

mcc_generated_files/clc2.c
		_CLC2_ISR      		CODE           	0860	0000	2
		_CLC2_Initialize		CODE           	09CB	0000	21

mcc_generated_files/clc2.c estimated size: 23

mcc_generated_files/cmp2.c
		_CMP2_Initialize		CODE           	090C	0000	10

mcc_generated_files/cmp2.c estimated size: 10

shared
		i1_LIN_stopTimer		CODE           	0880	0000	5
		_temperatureLUT		STRCODE        	024D	0000	332
		i1_TMR1_StopTimer		CODE           	086D	0000	3
		_scheduleTable 		STRCODE        	0643	0000	140
		__initialization		CODE           	002E	0000	53
		i1_TMR1_WriteTimer		CODE           	0979	0000	15
		i1_TMR1_StartTimer		CODE           	086A	0000	3
		i1_TMR2_Stop   		CODE           	0870	0000	3
		i1_TMR2_Start  		CODE           	0862	0000	2
		i1_CmdOutput   		CODE           	0D29	0000	92
		i1_TMR2_Initialize		CODE           	095D	0000	14

shared estimated size: 662

mcc_generated_files/eusart1.c
		_EUSART1_SetRxInterruptHandler		CODE           	08DC	0000	8
		_EUSART1_SetTxInterruptHandler		CODE           	08E4	0000	8
		_EUSART1_is_rx_ready		CODE           	08AC	0000	8
		_EUSART1_Initialize		CODE           	0C99	0000	65
		_EUSART1_DefaultErrorHandler		CODE           	0864	0000	3
		_EUSART1_SetFramingErrorHandler		CODE           	08CC	0000	8
		_EUSART1_Read  		CODE           	0B3C	0000	35
		_EUSART1_SetOverrunErrorHandler		CODE           	08D4	0000	8
		_EUSART1_SetErrorHandler		CODE           	08C4	0000	8
		_EUSART1_Write 		CODE           	0AD6	0000	34
		_EUSART1_Receive_ISR		CODE           	0C66	0000	51
		_EUSART1_RxDataHandler		CODE           	09E0	0000	22
		_EUSART1_DefaultOverrunErrorHandler		CODE           	0867	0000	3
		_EUSART1_get_last_status		CODE           	07FE	0000	2
		_EUSART1_Transmit_ISR		CODE           	0AB8	0000	30
		_EUSART1_DefaultFramingErrorHandler		CODE           	085E	0000	1

mcc_generated_files/eusart1.c estimated size: 294

C:\Program Files\Microchip\xc8\v2.46\pic\sources\c99\common\__lldiv.c
		___lldiv       		CODE           	0DE2	0000	100

C:\Program Files\Microchip\xc8\v2.46\pic\sources\c99\common\__lldiv.c estimated size: 100

C:\Program Files\Microchip\xc8\v2.46\pic\sources\c99\common\Umul64.c
		___omul        		CODE           	0EAC	0000	103

C:\Program Files\Microchip\xc8\v2.46\pic\sources\c99\common\Umul64.c estimated size: 103

mcc_generated_files/mcc.c
		_PMD_Initialize		CODE           	08FC	0000	8
		_OSCILLATOR_Initialize		CODE           	0916	0000	10
		_SYSTEM_Initialize		CODE           	0C36	0000	48

mcc_generated_files/mcc.c estimated size: 66

mcc_generated_files/tmr1.c
		_TMR1_Initialize		CODE           	0A84	0000	25
		_TMR1_StopTimer		CODE           	0876	0000	3
		_TMR1_WriteTimer		CODE           	0A0C	0000	23
		_TMR1_StartTimer		CODE           	0873	0000	3

mcc_generated_files/tmr1.c estimated size: 54

mcc_generated_files/LINDrivers/lin_app.c
		_processLIN    		CODE           	049D	0000	246
		_LIN_Slave_Initialize		CODE           	0950	0000	13
		_Update_LIN_Data		CODE           	0F89	0000	119

mcc_generated_files/LINDrivers/lin_app.c estimated size: 378

C:\Program Files\Microchip\xc8\v2.46\pic\sources\c99\common\memcpy.c
		_memcpy        		CODE           	0B82	0000	38

C:\Program Files\Microchip\xc8\v2.46\pic\sources\c99\common\memcpy.c estimated size: 38

mcc_generated_files/dac1.c
		_DAC1_Initialize		CODE           	089A	0000	6

mcc_generated_files/dac1.c estimated size: 6

mcc_generated_files/LINDrivers/lin_slave.c
		_LIN_init      		CODE           	0A9D	0000	27
		_LIN_stopTimer 		CODE           	088F	0000	5
		_LIN_timerHandler		CODE           	092A	0000	12
		_LIN_checkPID  		CODE           	0A23	0000	23
		_LIN_getFromTable		CODE           	0E46	0000	102
		_LIN_getPacket 		CODE           	0B1A	0000	34
		_LIN_sendPacket		CODE           	0AF8	0000	34
		_LIN_disableRx 		CODE           	0885	0000	5
		_LIN_setTimerHandler		CODE           	08F4	0000	8
		_LIN_startTimer		CODE           	0943	0000	13
		_LIN_queuePacket		CODE           	0F13	0000	118
		_LIN_breakCheck		CODE           	0988	0000	15
		_LIN_getChecksum		CODE           	0C06	0000	48
		_LIN_handler   		CODE           	0399	0000	260
		_LIN_calcParity		CODE           	0751	0000	129
		_LIN_enableRx  		CODE           	088A	0000	5

mcc_generated_files/LINDrivers/lin_slave.c estimated size: 838

efuse.c
		_GetAmbientTemperature		CODE           	0CDA	0000	79
		_CmdOutput     		CODE           	0D85	0000	93
		_EFuseInit     		CODE           	0B5F	0000	35
		_ProcessAnalogInputs		CODE           	0593	0000	176
		_EFuse         		CODE           	06CF	0000	130
		_TCC_Curve     		CODE           	0067	0000	486

efuse.c estimated size: 999

main.c
		_main          		CODE           	07D2	0000	44

main.c estimated size: 44

mcc_generated_files/clc3.c
		_CLC3_Initialize		CODE           	09A6	0000	17

mcc_generated_files/clc3.c estimated size: 17

C:\Program Files\Microchip\xc8\v2.46\pic\sources\c99\common\Umul32.c
		___lmul        		CODE           	0BA8	0000	47

C:\Program Files\Microchip\xc8\v2.46\pic\sources\c99\common\Umul32.c estimated size: 47

mcc_generated_files/clc1.c
		_CLC1_Initialize		CODE           	09B7	0000	20

mcc_generated_files/clc1.c estimated size: 20

