<?xml version="1.0" encoding="ISO-8859-1" ?>
<link_info>
   <banner>TMS320C2000 Linker PC v22.6.1.LTS</banner>
   <copyright>Copyright (c) 1996-2018 Texas Instruments Incorporated</copyright>
   <link_time>0x660818ac</link_time>
   <link_errors>0x0</link_errors>
   <output_file>i2t_SSCB_with_syscfg.out</output_file>
   <entry_point>
      <name>code_start</name>
      <address>0x0</address>
   </entry_point>
   <input_file_list>
      <input_file id="fl-2">
         <path>.\</path>
         <kind>object</kind>
         <file>i2t_SSCB_syscfg.obj</file>
         <name>i2t_SSCB_syscfg.obj</name>
      </input_file>
      <input_file id="fl-3">
         <path>.\syscfg\</path>
         <kind>object</kind>
         <file>board.obj</file>
         <name>board.obj</name>
      </input_file>
      <input_file id="fl-4">
         <path>.\syscfg\</path>
         <kind>object</kind>
         <file>c2000ware_libraries.obj</file>
         <name>c2000ware_libraries.obj</name>
      </input_file>
      <input_file id="fl-5">
         <path>.\device\</path>
         <kind>object</kind>
         <file>F2837xD_CodeStartBranch.obj</file>
         <name>F2837xD_CodeStartBranch.obj</name>
      </input_file>
      <input_file id="fl-6">
         <path>.\device\</path>
         <kind>object</kind>
         <file>device.obj</file>
         <name>device.obj</name>
      </input_file>
      <input_file id="fl-b">
         <kind>object</kind>
         <file>&lt;internal&gt;</file>
         <name>&lt;internal&gt;</name>
      </input_file>
      <input_file id="fl-f">
         <path>C:\ti\c2000\C2000Ware_5_01_00_00\driverlib\f2837xd\driverlib\ccs\Debug\</path>
         <kind>archive</kind>
         <file>driverlib_eabi.lib</file>
         <name>adc.obj</name>
      </input_file>
      <input_file id="fl-10">
         <path>C:\ti\c2000\C2000Ware_5_01_00_00\driverlib\f2837xd\driverlib\ccs\Debug\</path>
         <kind>archive</kind>
         <file>driverlib_eabi.lib</file>
         <name>cputimer.obj</name>
      </input_file>
      <input_file id="fl-11">
         <path>C:\ti\c2000\C2000Ware_5_01_00_00\driverlib\f2837xd\driverlib\ccs\Debug\</path>
         <kind>archive</kind>
         <file>driverlib_eabi.lib</file>
         <name>gpio.obj</name>
      </input_file>
      <input_file id="fl-12">
         <path>C:\ti\c2000\C2000Ware_5_01_00_00\driverlib\f2837xd\driverlib\ccs\Debug\</path>
         <kind>archive</kind>
         <file>driverlib_eabi.lib</file>
         <name>interrupt.obj</name>
      </input_file>
      <input_file id="fl-13">
         <path>C:\ti\c2000\C2000Ware_5_01_00_00\driverlib\f2837xd\driverlib\ccs\Debug\</path>
         <kind>archive</kind>
         <file>driverlib_eabi.lib</file>
         <name>sysctl.obj</name>
      </input_file>
      <input_file id="fl-1f">
         <path>C:\ti\ccs1260\ccs\tools\compiler\ti-cgt-c2000_22.6.1.LTS\lib\</path>
         <kind>archive</kind>
         <file>rts2800_fpu32_eabi.lib</file>
         <name>boot28.asm.obj</name>
      </input_file>
      <input_file id="fl-20">
         <path>C:\ti\ccs1260\ccs\tools\compiler\ti-cgt-c2000_22.6.1.LTS\lib\</path>
         <kind>archive</kind>
         <file>rts2800_fpu32_eabi.lib</file>
         <name>fd_mpy28.asm.obj</name>
      </input_file>
      <input_file id="fl-21">
         <path>C:\ti\ccs1260\ccs\tools\compiler\ti-cgt-c2000_22.6.1.LTS\lib\</path>
         <kind>archive</kind>
         <file>rts2800_fpu32_eabi.lib</file>
         <name>fs_div28.asm.obj</name>
      </input_file>
      <input_file id="fl-22">
         <path>C:\ti\ccs1260\ccs\tools\compiler\ti-cgt-c2000_22.6.1.LTS\lib\</path>
         <kind>archive</kind>
         <file>rts2800_fpu32_eabi.lib</file>
         <name>ll_cmp28.asm.obj</name>
      </input_file>
      <input_file id="fl-23">
         <path>C:\ti\ccs1260\ccs\tools\compiler\ti-cgt-c2000_22.6.1.LTS\lib\</path>
         <kind>archive</kind>
         <file>rts2800_fpu32_eabi.lib</file>
         <name>u_tofd28.asm.obj</name>
      </input_file>
      <input_file id="fl-24">
         <path>C:\ti\ccs1260\ccs\tools\compiler\ti-cgt-c2000_22.6.1.LTS\lib\</path>
         <kind>archive</kind>
         <file>rts2800_fpu32_eabi.lib</file>
         <name>fd_tofsfpu32.asm.obj</name>
      </input_file>
      <input_file id="fl-25">
         <path>C:\ti\ccs1260\ccs\tools\compiler\ti-cgt-c2000_22.6.1.LTS\lib\</path>
         <kind>archive</kind>
         <file>rts2800_fpu32_eabi.lib</file>
         <name>pre_init.c.obj</name>
      </input_file>
      <input_file id="fl-26">
         <path>C:\ti\ccs1260\ccs\tools\compiler\ti-cgt-c2000_22.6.1.LTS\lib\</path>
         <kind>archive</kind>
         <file>rts2800_fpu32_eabi.lib</file>
         <name>autoinit.c.obj</name>
      </input_file>
      <input_file id="fl-27">
         <path>C:\ti\ccs1260\ccs\tools\compiler\ti-cgt-c2000_22.6.1.LTS\lib\</path>
         <kind>archive</kind>
         <file>rts2800_fpu32_eabi.lib</file>
         <name>copy_zero_init.c.obj</name>
      </input_file>
      <input_file id="fl-28">
         <path>C:\ti\ccs1260\ccs\tools\compiler\ti-cgt-c2000_22.6.1.LTS\lib\</path>
         <kind>archive</kind>
         <file>rts2800_fpu32_eabi.lib</file>
         <name>copy_decompress_none.c.obj</name>
      </input_file>
      <input_file id="fl-29">
         <path>C:\ti\ccs1260\ccs\tools\compiler\ti-cgt-c2000_22.6.1.LTS\lib\</path>
         <kind>archive</kind>
         <file>rts2800_fpu32_eabi.lib</file>
         <name>copy_decompress_lzss.c.obj</name>
      </input_file>
      <input_file id="fl-2a">
         <path>C:\ti\ccs1260\ccs\tools\compiler\ti-cgt-c2000_22.6.1.LTS\lib\</path>
         <kind>archive</kind>
         <file>rts2800_fpu32_eabi.lib</file>
         <name>exit.c.obj</name>
      </input_file>
      <input_file id="fl-2b">
         <path>C:\ti\ccs1260\ccs\tools\compiler\ti-cgt-c2000_22.6.1.LTS\lib\</path>
         <kind>archive</kind>
         <file>rts2800_fpu32_eabi.lib</file>
         <name>_lock.c.obj</name>
      </input_file>
      <input_file id="fl-2c">
         <path>C:\ti\ccs1260\ccs\tools\compiler\ti-cgt-c2000_22.6.1.LTS\lib\</path>
         <kind>archive</kind>
         <file>rts2800_fpu32_eabi.lib</file>
         <name>args_main.c.obj</name>
      </input_file>
      <input_file id="fl-2d">
         <path>C:\ti\ccs1260\ccs\tools\compiler\ti-cgt-c2000_22.6.1.LTS\lib\</path>
         <kind>archive</kind>
         <file>rts2800_fpu32_eabi.lib</file>
         <name>memset.c.obj</name>
      </input_file>
      <input_file id="fl-2e">
         <path>C:\ti\ccs1260\ccs\tools\compiler\ti-cgt-c2000_22.6.1.LTS\lib\</path>
         <kind>archive</kind>
         <file>rts2800_fpu32_eabi.lib</file>
         <name>cpy_tbl.c.obj</name>
      </input_file>
      <input_file id="fl-2f">
         <path>C:\ti\ccs1260\ccs\tools\compiler\ti-cgt-c2000_22.6.1.LTS\lib\</path>
         <kind>archive</kind>
         <file>rts2800_fpu32_eabi.lib</file>
         <name>memcpy.c.obj</name>
      </input_file>
      <input_file id="fl-30">
         <path>C:\ti\ccs1260\ccs\tools\compiler\ti-cgt-c2000_22.6.1.LTS\lib\</path>
         <kind>archive</kind>
         <file>rts2800_fpu32_eabi.lib</file>
         <name>startup.c.obj</name>
      </input_file>
   </input_file_list>
   <object_component_list>
      <object_component id="oc-2d">
         <name>codestart</name>
         <load_address>0x0</load_address>
         <run_address>0x0</run_address>
         <size>0x2</size>
         <input_file_ref idref="fl-5"/>
      </object_component>
      <object_component id="oc-77">
         <name>.text</name>
         <load_address>0x8000</load_address>
         <run_address>0x8000</run_address>
         <size>0x3fa</size>
         <input_file_ref idref="fl-6"/>
      </object_component>
      <object_component id="oc-e3">
         <name>.text:SysCtl_setClock</name>
         <load_address>0x83fa</load_address>
         <run_address>0x83fa</run_address>
         <size>0x206</size>
         <input_file_ref idref="fl-13"/>
      </object_component>
      <object_component id="oc-6e">
         <name>.text</name>
         <load_address>0x8600</load_address>
         <run_address>0x8600</run_address>
         <size>0x124</size>
         <input_file_ref idref="fl-2"/>
      </object_component>
      <object_component id="oc-17c">
         <name>.text</name>
         <load_address>0x8724</load_address>
         <run_address>0x8724</run_address>
         <size>0x88</size>
         <input_file_ref idref="fl-21"/>
      </object_component>
      <object_component id="oc-83">
         <name>.text:GPIO_setPadConfig</name>
         <load_address>0x87ac</load_address>
         <run_address>0x87ac</run_address>
         <size>0x52</size>
         <input_file_ref idref="fl-11"/>
      </object_component>
      <object_component id="oc-160">
         <name>.text:Interrupt_illegalOperationHandler</name>
         <load_address>0x87fe</load_address>
         <run_address>0x87fe</run_address>
         <size>0x2</size>
         <input_file_ref idref="fl-12"/>
      </object_component>
      <object_component id="oc-32">
         <name>.text:retain</name>
         <load_address>0x8800</load_address>
         <run_address>0x8800</run_address>
         <size>0xe2</size>
         <input_file_ref idref="fl-2"/>
      </object_component>
      <object_component id="oc-64">
         <name>.text</name>
         <load_address>0x88e2</load_address>
         <run_address>0x88e2</run_address>
         <size>0x83</size>
         <input_file_ref idref="fl-20"/>
      </object_component>
      <object_component id="oc-10d">
         <name>.text:ADC_setINLTrim</name>
         <load_address>0x8965</load_address>
         <run_address>0x8965</run_address>
         <size>0x6f</size>
         <input_file_ref idref="fl-f"/>
      </object_component>
      <object_component id="oc-dd">
         <name>.text:SysCtl_getDeviceParametric</name>
         <load_address>0x89d4</load_address>
         <run_address>0x89d4</run_address>
         <size>0x68</size>
         <input_file_ref idref="fl-13"/>
      </object_component>
      <object_component id="oc-113">
         <name>.text:ADC_setOffsetTrim</name>
         <load_address>0x8a3c</load_address>
         <run_address>0x8a3c</run_address>
         <size>0x60</size>
         <input_file_ref idref="fl-f"/>
      </object_component>
      <object_component id="oc-e9">
         <name>.text:SysCtl_getClock</name>
         <load_address>0x8a9c</load_address>
         <run_address>0x8a9c</run_address>
         <size>0x51</size>
         <input_file_ref idref="fl-13"/>
      </object_component>
      <object_component id="oc-170">
         <name>.text:SysCtl_selectOscSource</name>
         <load_address>0x8aed</load_address>
         <run_address>0x8aed</run_address>
         <size>0x48</size>
         <input_file_ref idref="fl-13"/>
      </object_component>
      <object_component id="oc-cd">
         <name>.text:Interrupt_initModule</name>
         <load_address>0x8b35</load_address>
         <run_address>0x8b35</run_address>
         <size>0x3d</size>
         <input_file_ref idref="fl-12"/>
      </object_component>
      <object_component id="oc-a2">
         <name>.text:GPIO_setControllerCore</name>
         <load_address>0x8b72</load_address>
         <run_address>0x8b72</run_address>
         <size>0x37</size>
         <input_file_ref idref="fl-11"/>
      </object_component>
      <object_component id="oc-7d">
         <name>.text:GPIO_setPinConfig</name>
         <load_address>0x8ba9</load_address>
         <run_address>0x8ba9</run_address>
         <size>0x37</size>
         <input_file_ref idref="fl-11"/>
      </object_component>
      <object_component id="oc-89">
         <name>.text:GPIO_setQualificationMode</name>
         <load_address>0x8be0</load_address>
         <run_address>0x8be0</run_address>
         <size>0x37</size>
         <input_file_ref idref="fl-11"/>
      </object_component>
      <object_component id="oc-a8">
         <name>.text:Interrupt_enable</name>
         <load_address>0x8c17</load_address>
         <run_address>0x8c17</run_address>
         <size>0x37</size>
         <input_file_ref idref="fl-12"/>
      </object_component>
      <object_component id="oc-9c">
         <name>.text:GPIO_setDirectionMode</name>
         <load_address>0x8c4e</load_address>
         <run_address>0x8c4e</run_address>
         <size>0x31</size>
         <input_file_ref idref="fl-11"/>
      </object_component>
      <object_component id="oc-20">
         <name>.text:decompress:lzss</name>
         <load_address>0x8c7f</load_address>
         <run_address>0x8c7f</run_address>
         <size>0x30</size>
         <input_file_ref idref="fl-29"/>
      </object_component>
      <object_component id="oc-8f">
         <name>.text:ADC_setMode</name>
         <load_address>0x8caf</load_address>
         <run_address>0x8caf</run_address>
         <size>0x2f</size>
         <input_file_ref idref="fl-f"/>
      </object_component>
      <object_component id="oc-1a1">
         <name>.text:__TI_auto_init_nobinit_nopinit</name>
         <load_address>0x8cde</load_address>
         <run_address>0x8cde</run_address>
         <size>0x2b</size>
         <input_file_ref idref="fl-26"/>
      </object_component>
      <object_component id="oc-14c">
         <name>.text</name>
         <load_address>0x8d09</load_address>
         <run_address>0x8d09</run_address>
         <size>0x29</size>
         <input_file_ref idref="fl-2a"/>
      </object_component>
      <object_component id="oc-69">
         <name>.text</name>
         <load_address>0x8d32</load_address>
         <run_address>0x8d32</run_address>
         <size>0x23</size>
         <input_file_ref idref="fl-24"/>
      </object_component>
      <object_component id="oc-226">
         <name>.text:CPUTimer_selectClockSource</name>
         <load_address>0x8d55</load_address>
         <run_address>0x8d55</run_address>
         <size>0x21</size>
         <input_file_ref idref="fl-13"/>
      </object_component>
      <object_component id="oc-25f">
         <name>.text:CPUTimer_getTimerOverflowStatus</name>
         <load_address>0x8d76</load_address>
         <run_address>0x8d76</run_address>
         <size>0x1f</size>
         <input_file_ref idref="fl-13"/>
      </object_component>
      <object_component id="oc-d3">
         <name>.text:Interrupt_initVectorTable</name>
         <load_address>0x8d95</load_address>
         <run_address>0x8d95</run_address>
         <size>0x1e</size>
         <input_file_ref idref="fl-12"/>
      </object_component>
      <object_component id="oc-41">
         <name>.text</name>
         <load_address>0x8db3</load_address>
         <run_address>0x8db3</run_address>
         <size>0x1d</size>
         <input_file_ref idref="fl-2f"/>
      </object_component>
      <object_component id="oc-106">
         <name>.text:ADC_isBaseValid</name>
         <load_address>0x8dd0</load_address>
         <run_address>0x8dd0</run_address>
         <size>0x1b</size>
         <input_file_ref idref="fl-f"/>
      </object_component>
      <object_component id="oc-232">
         <name>.text:CPUTimer_startTimer</name>
         <load_address>0x8deb</load_address>
         <run_address>0x8deb</run_address>
         <size>0x1a</size>
         <input_file_ref idref="fl-13"/>
      </object_component>
      <object_component id="oc-f0">
         <name>.text:SysCtl_getLowSpeedClock</name>
         <load_address>0x8e05</load_address>
         <run_address>0x8e05</run_address>
         <size>0x1a</size>
         <input_file_ref idref="fl-13"/>
      </object_component>
      <object_component id="oc-11b">
         <name>.text:CPUTimer_isBaseValid</name>
         <load_address>0x8e1f</load_address>
         <run_address>0x8e1f</run_address>
         <size>0x17</size>
         <input_file_ref idref="fl-10"/>
      </object_component>
      <object_component id="oc-253">
         <name>.text:CPUTimer_isBaseValid</name>
         <load_address>0x8e36</load_address>
         <run_address>0x8e36</run_address>
         <size>0x17</size>
         <input_file_ref idref="fl-13"/>
      </object_component>
      <object_component id="oc-c1">
         <name>.text</name>
         <load_address>0x8e4d</load_address>
         <run_address>0x8e4d</run_address>
         <size>0x17</size>
         <input_file_ref idref="fl-1f"/>
      </object_component>
      <object_component id="oc-5e">
         <name>.text</name>
         <load_address>0x8e64</load_address>
         <run_address>0x8e64</run_address>
         <size>0x17</size>
         <input_file_ref idref="fl-23"/>
      </object_component>
      <object_component id="oc-21a">
         <name>.text:CPUTimer_stopTimer</name>
         <load_address>0x8e7b</load_address>
         <run_address>0x8e7b</run_address>
         <size>0x14</size>
         <input_file_ref idref="fl-13"/>
      </object_component>
      <object_component id="oc-96">
         <name>.text:CPUTimer_setEmulationMode</name>
         <load_address>0x8e8f</load_address>
         <run_address>0x8e8f</run_address>
         <size>0x13</size>
         <input_file_ref idref="fl-10"/>
      </object_component>
      <object_component id="oc-22c">
         <name>.text:CPUTimer_clearOverflowFlag</name>
         <load_address>0x8ea2</load_address>
         <run_address>0x8ea2</run_address>
         <size>0x12</size>
         <input_file_ref idref="fl-13"/>
      </object_component>
      <object_component id="oc-214">
         <name>.text:CPUTimer_disableInterrupt</name>
         <load_address>0x8eb4</load_address>
         <run_address>0x8eb4</run_address>
         <size>0x12</size>
         <input_file_ref idref="fl-13"/>
      </object_component>
      <object_component id="oc-220">
         <name>.text:CPUTimer_setPeriod</name>
         <load_address>0x8ec6</load_address>
         <run_address>0x8ec6</run_address>
         <size>0x11</size>
         <input_file_ref idref="fl-13"/>
      </object_component>
      <object_component id="oc-238">
         <name>.text:SysCtl_pollCpuTimer</name>
         <load_address>0x8ed7</load_address>
         <run_address>0x8ed7</run_address>
         <size>0xf</size>
         <input_file_ref idref="fl-13"/>
      </object_component>
      <object_component id="oc-fd">
         <name>.text:GPIO_isPinValid</name>
         <load_address>0x8ee6</load_address>
         <run_address>0x8ee6</run_address>
         <size>0xe</size>
         <input_file_ref idref="fl-11"/>
      </object_component>
      <object_component id="oc-154">
         <name>.text:Interrupt_defaultHandler</name>
         <load_address>0x8ef4</load_address>
         <run_address>0x8ef4</run_address>
         <size>0xe</size>
         <input_file_ref idref="fl-12"/>
      </object_component>
      <object_component id="oc-126">
         <name>.text:Interrupt_disableGlobal</name>
         <load_address>0x8f02</load_address>
         <run_address>0x8f02</run_address>
         <size>0xd</size>
         <input_file_ref idref="fl-12"/>
      </object_component>
      <object_component id="oc-12c">
         <name>.text:Interrupt_enableGlobal</name>
         <load_address>0x8f0f</load_address>
         <run_address>0x8f0f</run_address>
         <size>0xd</size>
         <input_file_ref idref="fl-12"/>
      </object_component>
      <object_component id="oc-146">
         <name>.text</name>
         <load_address>0x8f1c</load_address>
         <run_address>0x8f1c</run_address>
         <size>0xc</size>
         <input_file_ref idref="fl-2c"/>
      </object_component>
      <object_component id="oc-16a">
         <name>.text:SysCtl_isMCDClockFailureDetected</name>
         <load_address>0x8f28</load_address>
         <run_address>0x8f28</run_address>
         <size>0xb</size>
         <input_file_ref idref="fl-13"/>
      </object_component>
      <object_component id="oc-176">
         <name>.text:SysCtl_serviceWatchdog</name>
         <load_address>0x8f33</load_address>
         <run_address>0x8f33</run_address>
         <size>0x9</size>
         <input_file_ref idref="fl-13"/>
      </object_component>
      <object_component id="oc-208">
         <name>.text</name>
         <load_address>0x8f3c</load_address>
         <run_address>0x8f3c</run_address>
         <size>0x9</size>
         <input_file_ref idref="fl-2b"/>
      </object_component>
      <object_component id="oc-26">
         <name>.text:decompress:none</name>
         <load_address>0x8f45</load_address>
         <run_address>0x8f45</run_address>
         <size>0x8</size>
         <input_file_ref idref="fl-28"/>
      </object_component>
      <object_component id="oc-23e">
         <name>.text:SysCtl_resetMCD</name>
         <load_address>0x8f4d</load_address>
         <run_address>0x8f4d</run_address>
         <size>0x7</size>
         <input_file_ref idref="fl-13"/>
      </object_component>
      <object_component id="oc-15a">
         <name>.text:Interrupt_nmiHandler</name>
         <load_address>0x8f54</load_address>
         <run_address>0x8f54</run_address>
         <size>0x2</size>
         <input_file_ref idref="fl-12"/>
      </object_component>
      <object_component id="oc-13f">
         <name>.text</name>
         <load_address>0x8f56</load_address>
         <run_address>0x8f56</run_address>
         <size>0x2</size>
         <input_file_ref idref="fl-25"/>
      </object_component>
      <object_component id="oc-1ee">
         <name>.text</name>
         <load_address>0x8f58</load_address>
         <run_address>0x8f58</run_address>
         <size>0x1</size>
         <input_file_ref idref="fl-30"/>
      </object_component>
      <object_component id="oc-38">
         <name>.text</name>
         <load_address>0xb000</load_address>
         <run_address>0xb000</run_address>
         <size>0x76e</size>
         <input_file_ref idref="fl-3"/>
      </object_component>
      <object_component id="oc-1e2">
         <name>.text:SysCtl_selectXTAL</name>
         <load_address>0xb76e</load_address>
         <run_address>0xb76e</run_address>
         <size>0x8a</size>
         <input_file_ref idref="fl-13"/>
      </object_component>
      <object_component id="oc-55">
         <name>.text</name>
         <load_address>0xb7f8</load_address>
         <run_address>0xb7f8</run_address>
         <size>0x8</size>
         <input_file_ref idref="fl-5"/>
      </object_component>
      <object_component id="oc-2a4">
         <name>.cinit..data.load</name>
         <load_address>0x128</load_address>
         <run_address>0x128</run_address>
         <size>0x11</size>
      </object_component>
      <object_component id="oc-2a2">
         <name>__TI_handler_table</name>
         <load_address>0x13a</load_address>
         <run_address>0x13a</run_address>
         <size>0x4</size>
      </object_component>
      <object_component id="oc-2a3">
         <name>__TI_cinit_table</name>
         <load_address>0x13e</load_address>
         <run_address>0x13e</run_address>
         <size>0x4</size>
      </object_component>
      <object_component id="oc-3e">
         <name>.stack</name>
         <uninitialized>true</uninitialized>
         <run_address>0x400</run_address>
         <size>0x0</size>
         <input_file_ref idref="fl-1f"/>
      </object_component>
      <object_component id="oc-2a5">
         <name>.stack</name>
         <uninitialized>true</uninitialized>
         <run_address>0x400</run_address>
         <size>0x0</size>
      </object_component>
      <object_component id="oc-76">
         <name>.const:.string</name>
         <load_address>0xa800</load_address>
         <run_address>0xa800</run_address>
         <size>0x114</size>
         <input_file_ref idref="fl-3"/>
      </object_component>
      <object_component id="oc-cc">
         <name>.const:.string</name>
         <load_address>0xa914</load_address>
         <run_address>0xa914</run_address>
         <size>0xd0</size>
         <input_file_ref idref="fl-2"/>
      </object_component>
      <object_component id="oc-169">
         <name>.const:.string</name>
         <load_address>0xa9e4</load_address>
         <run_address>0xa9e4</run_address>
         <size>0xc2</size>
         <input_file_ref idref="fl-13"/>
      </object_component>
      <object_component id="oc-103">
         <name>.const:.string</name>
         <load_address>0xaaa6</load_address>
         <run_address>0xaaa6</run_address>
         <size>0xbc</size>
         <input_file_ref idref="fl-11"/>
      </object_component>
      <object_component id="oc-121">
         <name>.const:.string</name>
         <load_address>0xab62</load_address>
         <run_address>0xab62</run_address>
         <size>0x62</size>
         <input_file_ref idref="fl-10"/>
      </object_component>
      <object_component id="oc-10c">
         <name>.const:.string</name>
         <load_address>0xabc4</load_address>
         <run_address>0xabc4</run_address>
         <size>0x5d</size>
         <input_file_ref idref="fl-f"/>
      </object_component>
      <object_component id="oc-ef">
         <name>.const:.string</name>
         <load_address>0xac22</load_address>
         <run_address>0xac22</run_address>
         <size>0x13</size>
         <input_file_ref idref="fl-6"/>
      </object_component>
      <object_component id="oc-63">
         <name>.const</name>
         <load_address>0xac36</load_address>
         <run_address>0xac36</run_address>
         <size>0x4</size>
         <input_file_ref idref="fl-2"/>
      </object_component>
      <object_component id="oc-5b">
         <name>.data</name>
         <load_address>0xac40</load_address>
         <run_address>0xac40</run_address>
         <size>0x1a</size>
         <input_file_ref idref="fl-2"/>
      </object_component>
      <object_component id="oc-f6">
         <name>.data</name>
         <load_address>0xac3a</load_address>
         <run_address>0xac3a</run_address>
         <size>0x6</size>
         <input_file_ref idref="fl-6"/>
      </object_component>
      <object_component id="oc-1d3">
         <name>.data</name>
         <load_address>0xac5a</load_address>
         <run_address>0xac5a</run_address>
         <size>0x6</size>
         <input_file_ref idref="fl-2a"/>
      </object_component>
      <object_component id="oc-1d6">
         <name>.data:_lock</name>
         <load_address>0xac60</load_address>
         <run_address>0xac60</run_address>
         <size>0x2</size>
         <input_file_ref idref="fl-2b"/>
      </object_component>
      <object_component id="oc-24c">
         <name>.data:_unlock</name>
         <load_address>0xac62</load_address>
         <run_address>0xac62</run_address>
         <size>0x2</size>
         <input_file_ref idref="fl-2b"/>
      </object_component>
      <object_component id="oc-95">
         <name>.TI.ramfunc</name>
         <load_address>0x123</load_address>
         <run_address>0x123</run_address>
         <size>0x4</size>
         <input_file_ref idref="fl-13"/>
      </object_component>
      <object_component id="oc-75">
         <name>.debug_types</name>
         <load_address>0x0</load_address>
         <run_address>0x0</run_address>
         <size>0x726</size>
         <input_file_ref idref="fl-2"/>
      </object_component>
      <object_component id="oc-af">
         <name>.debug_types</name>
         <load_address>0x726</load_address>
         <run_address>0x726</run_address>
         <size>0x21d0</size>
         <input_file_ref idref="fl-3"/>
      </object_component>
      <object_component id="oc-fa">
         <name>.debug_types</name>
         <load_address>0x28f6</load_address>
         <run_address>0x28f6</run_address>
         <size>0xdc7</size>
         <input_file_ref idref="fl-6"/>
      </object_component>
      <object_component id="oc-11a">
         <name>.debug_types</name>
         <load_address>0x36bd</load_address>
         <run_address>0x36bd</run_address>
         <size>0x12c</size>
         <input_file_ref idref="fl-f"/>
      </object_component>
      <object_component id="oc-123">
         <name>.debug_types</name>
         <load_address>0x0</load_address>
         <run_address>0x0</run_address>
         <size>0x0</size>
         <input_file_ref idref="fl-10"/>
      </object_component>
      <object_component id="oc-fc">
         <name>.debug_types</name>
         <load_address>0x37e9</load_address>
         <run_address>0x37e9</run_address>
         <size>0x2c4</size>
         <input_file_ref idref="fl-11"/>
      </object_component>
      <object_component id="oc-133">
         <name>.debug_types</name>
         <load_address>0x0</load_address>
         <run_address>0x0</run_address>
         <size>0x0</size>
         <input_file_ref idref="fl-12"/>
      </object_component>
      <object_component id="oc-168">
         <name>.debug_types</name>
         <load_address>0x3aad</load_address>
         <run_address>0x3aad</run_address>
         <size>0x254</size>
         <input_file_ref idref="fl-13"/>
      </object_component>
      <object_component id="oc-1a0">
         <name>.debug_types</name>
         <load_address>0x0</load_address>
         <run_address>0x0</run_address>
         <size>0x0</size>
         <input_file_ref idref="fl-25"/>
      </object_component>
      <object_component id="oc-1f5">
         <name>.debug_types</name>
         <load_address>0x3d01</load_address>
         <run_address>0x3d01</run_address>
         <size>0x49b</size>
         <input_file_ref idref="fl-26"/>
      </object_component>
      <object_component id="oc-48">
         <name>.debug_types</name>
         <load_address>0x419c</load_address>
         <run_address>0x419c</run_address>
         <size>0x1c8</size>
         <input_file_ref idref="fl-28"/>
      </object_component>
      <object_component id="oc-40">
         <name>.debug_types</name>
         <load_address>0x4364</load_address>
         <run_address>0x4364</run_address>
         <size>0x191</size>
         <input_file_ref idref="fl-29"/>
      </object_component>
      <object_component id="oc-1da">
         <name>.debug_types</name>
         <load_address>0x44f5</load_address>
         <run_address>0x44f5</run_address>
         <size>0xbf</size>
         <input_file_ref idref="fl-2a"/>
      </object_component>
      <object_component id="oc-210">
         <name>.debug_types</name>
         <load_address>0x45b4</load_address>
         <run_address>0x45b4</run_address>
         <size>0x2f</size>
         <input_file_ref idref="fl-2b"/>
      </object_component>
      <object_component id="oc-1d2">
         <name>.debug_types</name>
         <load_address>0x45e3</load_address>
         <run_address>0x45e3</run_address>
         <size>0xe1</size>
         <input_file_ref idref="fl-2c"/>
      </object_component>
      <object_component id="oc-b4">
         <name>.debug_types</name>
         <load_address>0x46c4</load_address>
         <run_address>0x46c4</run_address>
         <size>0xe3</size>
         <input_file_ref idref="fl-2f"/>
      </object_component>
      <object_component id="oc-246">
         <name>.debug_types</name>
         <load_address>0x0</load_address>
         <run_address>0x0</run_address>
         <size>0x0</size>
         <input_file_ref idref="fl-30"/>
      </object_component>
      <object_component id="oc-5c">
         <name>.debug_info</name>
         <load_address>0x0</load_address>
         <run_address>0x0</run_address>
         <size>0x402</size>
         <input_file_ref idref="fl-2"/>
      </object_component>
      <object_component id="oc-71">
         <name>.debug_info</name>
         <load_address>0x402</load_address>
         <run_address>0x402</run_address>
         <size>0xa86</size>
         <input_file_ref idref="fl-2"/>
      </object_component>
      <object_component id="oc-36">
         <name>.debug_info</name>
         <load_address>0xe88</load_address>
         <run_address>0xe88</run_address>
         <size>0x2be</size>
         <input_file_ref idref="fl-2"/>
      </object_component>
      <object_component id="oc-3b">
         <name>.debug_info</name>
         <load_address>0x1146</load_address>
         <run_address>0x1146</run_address>
         <size>0x3ccc</size>
         <input_file_ref idref="fl-3"/>
      </object_component>
      <object_component id="oc-2e">
         <name>.debug_info</name>
         <load_address>0x4e12</load_address>
         <run_address>0x4e12</run_address>
         <size>0x131</size>
         <input_file_ref idref="fl-5"/>
      </object_component>
      <object_component id="oc-56">
         <name>.debug_info</name>
         <load_address>0x4f43</load_address>
         <run_address>0x4f43</run_address>
         <size>0x132</size>
         <input_file_ref idref="fl-5"/>
      </object_component>
      <object_component id="oc-f7">
         <name>.debug_info</name>
         <load_address>0x5075</load_address>
         <run_address>0x5075</run_address>
         <size>0x17c</size>
         <input_file_ref idref="fl-6"/>
      </object_component>
      <object_component id="oc-78">
         <name>.debug_info</name>
         <load_address>0x51f1</load_address>
         <run_address>0x51f1</run_address>
         <size>0x1d03</size>
         <input_file_ref idref="fl-6"/>
      </object_component>
      <object_component id="oc-10a">
         <name>.debug_info</name>
         <load_address>0x6ef4</load_address>
         <run_address>0x6ef4</run_address>
         <size>0x207</size>
         <input_file_ref idref="fl-f"/>
      </object_component>
      <object_component id="oc-92">
         <name>.debug_info</name>
         <load_address>0x70fb</load_address>
         <run_address>0x70fb</run_address>
         <size>0x2bc</size>
         <input_file_ref idref="fl-f"/>
      </object_component>
      <object_component id="oc-10f">
         <name>.debug_info</name>
         <load_address>0x73b7</load_address>
         <run_address>0x73b7</run_address>
         <size>0x24a</size>
         <input_file_ref idref="fl-f"/>
      </object_component>
      <object_component id="oc-116">
         <name>.debug_info</name>
         <load_address>0x7601</load_address>
         <run_address>0x7601</run_address>
         <size>0x288</size>
         <input_file_ref idref="fl-f"/>
      </object_component>
      <object_component id="oc-11c">
         <name>.debug_info</name>
         <load_address>0x7889</load_address>
         <run_address>0x7889</run_address>
         <size>0x219</size>
         <input_file_ref idref="fl-10"/>
      </object_component>
      <object_component id="oc-99">
         <name>.debug_info</name>
         <load_address>0x7aa2</load_address>
         <run_address>0x7aa2</run_address>
         <size>0x265</size>
         <input_file_ref idref="fl-10"/>
      </object_component>
      <object_component id="oc-ff">
         <name>.debug_info</name>
         <load_address>0x7d07</load_address>
         <run_address>0x7d07</run_address>
         <size>0x205</size>
         <input_file_ref idref="fl-11"/>
      </object_component>
      <object_component id="oc-9d">
         <name>.debug_info</name>
         <load_address>0x7f0c</load_address>
         <run_address>0x7f0c</run_address>
         <size>0x27d</size>
         <input_file_ref idref="fl-11"/>
      </object_component>
      <object_component id="oc-84">
         <name>.debug_info</name>
         <load_address>0x8189</load_address>
         <run_address>0x8189</run_address>
         <size>0x266</size>
         <input_file_ref idref="fl-11"/>
      </object_component>
      <object_component id="oc-8a">
         <name>.debug_info</name>
         <load_address>0x83ef</load_address>
         <run_address>0x83ef</run_address>
         <size>0x2ae</size>
         <input_file_ref idref="fl-11"/>
      </object_component>
      <object_component id="oc-a3">
         <name>.debug_info</name>
         <load_address>0x869d</load_address>
         <run_address>0x869d</run_address>
         <size>0x296</size>
         <input_file_ref idref="fl-11"/>
      </object_component>
      <object_component id="oc-7e">
         <name>.debug_info</name>
         <load_address>0x8933</load_address>
         <run_address>0x8933</run_address>
         <size>0x24f</size>
         <input_file_ref idref="fl-11"/>
      </object_component>
      <object_component id="oc-12e">
         <name>.debug_info</name>
         <load_address>0x8b82</load_address>
         <run_address>0x8b82</run_address>
         <size>0x1fe</size>
         <input_file_ref idref="fl-12"/>
      </object_component>
      <object_component id="oc-129">
         <name>.debug_info</name>
         <load_address>0x8d80</load_address>
         <run_address>0x8d80</run_address>
         <size>0x202</size>
         <input_file_ref idref="fl-12"/>
      </object_component>
      <object_component id="oc-156">
         <name>.debug_info</name>
         <load_address>0x8f82</load_address>
         <run_address>0x8f82</run_address>
         <size>0x21c</size>
         <input_file_ref idref="fl-12"/>
      </object_component>
      <object_component id="oc-161">
         <name>.debug_info</name>
         <load_address>0x919e</load_address>
         <run_address>0x919e</run_address>
         <size>0x202</size>
         <input_file_ref idref="fl-12"/>
      </object_component>
      <object_component id="oc-15b">
         <name>.debug_info</name>
         <load_address>0x93a0</load_address>
         <run_address>0x93a0</run_address>
         <size>0x1e8</size>
         <input_file_ref idref="fl-12"/>
      </object_component>
      <object_component id="oc-cf">
         <name>.debug_info</name>
         <load_address>0x9588</load_address>
         <run_address>0x9588</run_address>
         <size>0x20f</size>
         <input_file_ref idref="fl-12"/>
      </object_component>
      <object_component id="oc-d4">
         <name>.debug_info</name>
         <load_address>0x9797</load_address>
         <run_address>0x9797</run_address>
         <size>0x20a</size>
         <input_file_ref idref="fl-12"/>
      </object_component>
      <object_component id="oc-a9">
         <name>.debug_info</name>
         <load_address>0x99a1</load_address>
         <run_address>0x99a1</run_address>
         <size>0x2b2</size>
         <input_file_ref idref="fl-12"/>
      </object_component>
      <object_component id="oc-177">
         <name>.debug_info</name>
         <load_address>0x9c53</load_address>
         <run_address>0x9c53</run_address>
         <size>0x1f2</size>
         <input_file_ref idref="fl-13"/>
      </object_component>
      <object_component id="oc-16b">
         <name>.debug_info</name>
         <load_address>0x9e45</load_address>
         <run_address>0x9e45</run_address>
         <size>0x20e</size>
         <input_file_ref idref="fl-13"/>
      </object_component>
      <object_component id="oc-23f">
         <name>.debug_info</name>
         <load_address>0xa053</load_address>
         <run_address>0xa053</run_address>
         <size>0x1e4</size>
         <input_file_ref idref="fl-13"/>
      </object_component>
      <object_component id="oc-254">
         <name>.debug_info</name>
         <load_address>0xa237</load_address>
         <run_address>0xa237</run_address>
         <size>0x217</size>
         <input_file_ref idref="fl-13"/>
      </object_component>
      <object_component id="oc-230">
         <name>.debug_info</name>
         <load_address>0xa44e</load_address>
         <run_address>0xa44e</run_address>
         <size>0x244</size>
         <input_file_ref idref="fl-13"/>
      </object_component>
      <object_component id="oc-218">
         <name>.debug_info</name>
         <load_address>0xa692</load_address>
         <run_address>0xa692</run_address>
         <size>0x242</size>
         <input_file_ref idref="fl-13"/>
      </object_component>
      <object_component id="oc-21d">
         <name>.debug_info</name>
         <load_address>0xa8d4</load_address>
         <run_address>0xa8d4</run_address>
         <size>0x24a</size>
         <input_file_ref idref="fl-13"/>
      </object_component>
      <object_component id="oc-236">
         <name>.debug_info</name>
         <load_address>0xab1e</load_address>
         <run_address>0xab1e</run_address>
         <size>0x24d</size>
         <input_file_ref idref="fl-13"/>
      </object_component>
      <object_component id="oc-223">
         <name>.debug_info</name>
         <load_address>0xad6b</load_address>
         <run_address>0xad6b</run_address>
         <size>0x24e</size>
         <input_file_ref idref="fl-13"/>
      </object_component>
      <object_component id="oc-261">
         <name>.debug_info</name>
         <load_address>0xafb9</load_address>
         <run_address>0xafb9</run_address>
         <size>0x258</size>
         <input_file_ref idref="fl-13"/>
      </object_component>
      <object_component id="oc-229">
         <name>.debug_info</name>
         <load_address>0xb211</load_address>
         <run_address>0xb211</run_address>
         <size>0x27c</size>
         <input_file_ref idref="fl-13"/>
      </object_component>
      <object_component id="oc-23c">
         <name>.debug_info</name>
         <load_address>0xb48d</load_address>
         <run_address>0xb48d</run_address>
         <size>0x241</size>
         <input_file_ref idref="fl-13"/>
      </object_component>
      <object_component id="oc-ec">
         <name>.debug_info</name>
         <load_address>0xb6ce</load_address>
         <run_address>0xb6ce</run_address>
         <size>0x277</size>
         <input_file_ref idref="fl-13"/>
      </object_component>
      <object_component id="oc-e6">
         <name>.debug_info</name>
         <load_address>0xb945</load_address>
         <run_address>0xb945</run_address>
         <size>0x51a</size>
         <input_file_ref idref="fl-13"/>
      </object_component>
      <object_component id="oc-1e4">
         <name>.debug_info</name>
         <load_address>0xbe5f</load_address>
         <run_address>0xbe5f</run_address>
         <size>0x3ba</size>
         <input_file_ref idref="fl-13"/>
      </object_component>
      <object_component id="oc-173">
         <name>.debug_info</name>
         <load_address>0xc219</load_address>
         <run_address>0xc219</run_address>
         <size>0x243</size>
         <input_file_ref idref="fl-13"/>
      </object_component>
      <object_component id="oc-f3">
         <name>.debug_info</name>
         <load_address>0xc45c</load_address>
         <run_address>0xc45c</run_address>
         <size>0x251</size>
         <input_file_ref idref="fl-13"/>
      </object_component>
      <object_component id="oc-df">
         <name>.debug_info</name>
         <load_address>0xc6ad</load_address>
         <run_address>0xc6ad</run_address>
         <size>0x241</size>
         <input_file_ref idref="fl-13"/>
      </object_component>
      <object_component id="oc-c2">
         <name>.debug_info</name>
         <load_address>0xc8ee</load_address>
         <run_address>0xc8ee</run_address>
         <size>0x158</size>
         <input_file_ref idref="fl-1f"/>
      </object_component>
      <object_component id="oc-65">
         <name>.debug_info</name>
         <load_address>0xca46</load_address>
         <run_address>0xca46</run_address>
         <size>0x127</size>
         <input_file_ref idref="fl-20"/>
      </object_component>
      <object_component id="oc-17d">
         <name>.debug_info</name>
         <load_address>0xcb6d</load_address>
         <run_address>0xcb6d</run_address>
         <size>0x127</size>
         <input_file_ref idref="fl-21"/>
      </object_component>
      <object_component id="oc-5f">
         <name>.debug_info</name>
         <load_address>0xcc94</load_address>
         <run_address>0xcc94</run_address>
         <size>0x12b</size>
         <input_file_ref idref="fl-23"/>
      </object_component>
      <object_component id="oc-6a">
         <name>.debug_info</name>
         <load_address>0xcdbf</load_address>
         <run_address>0xcdbf</run_address>
         <size>0x12b</size>
         <input_file_ref idref="fl-24"/>
      </object_component>
      <object_component id="oc-140">
         <name>.debug_info</name>
         <load_address>0xceea</load_address>
         <run_address>0xceea</run_address>
         <size>0x14d</size>
         <input_file_ref idref="fl-25"/>
      </object_component>
      <object_component id="oc-1a2">
         <name>.debug_info</name>
         <load_address>0xd037</load_address>
         <run_address>0xd037</run_address>
         <size>0x1bf</size>
         <input_file_ref idref="fl-26"/>
      </object_component>
      <object_component id="oc-29">
         <name>.debug_info</name>
         <load_address>0xd1f6</load_address>
         <run_address>0xd1f6</run_address>
         <size>0x1b7</size>
         <input_file_ref idref="fl-28"/>
      </object_component>
      <object_component id="oc-23">
         <name>.debug_info</name>
         <load_address>0xd3ad</load_address>
         <run_address>0xd3ad</run_address>
         <size>0x219</size>
         <input_file_ref idref="fl-29"/>
      </object_component>
      <object_component id="oc-1d4">
         <name>.debug_info</name>
         <load_address>0xd5c6</load_address>
         <run_address>0xd5c6</run_address>
         <size>0x19e</size>
         <input_file_ref idref="fl-2a"/>
      </object_component>
      <object_component id="oc-150">
         <name>.debug_info</name>
         <load_address>0xd764</load_address>
         <run_address>0xd764</run_address>
         <size>0x1a9</size>
         <input_file_ref idref="fl-2a"/>
      </object_component>
      <object_component id="oc-1d7">
         <name>.debug_info</name>
         <load_address>0xd90d</load_address>
         <run_address>0xd90d</run_address>
         <size>0x107</size>
         <input_file_ref idref="fl-2b"/>
      </object_component>
      <object_component id="oc-24d">
         <name>.debug_info</name>
         <load_address>0xda14</load_address>
         <run_address>0xda14</run_address>
         <size>0x10b</size>
         <input_file_ref idref="fl-2b"/>
      </object_component>
      <object_component id="oc-20b">
         <name>.debug_info</name>
         <load_address>0xdb1f</load_address>
         <run_address>0xdb1f</run_address>
         <size>0x203</size>
         <input_file_ref idref="fl-2b"/>
      </object_component>
      <object_component id="oc-147">
         <name>.debug_info</name>
         <load_address>0xdd22</load_address>
         <run_address>0xdd22</run_address>
         <size>0x15d</size>
         <input_file_ref idref="fl-2c"/>
      </object_component>
      <object_component id="oc-42">
         <name>.debug_info</name>
         <load_address>0xde7f</load_address>
         <run_address>0xde7f</run_address>
         <size>0x19b</size>
         <input_file_ref idref="fl-2f"/>
      </object_component>
      <object_component id="oc-1ef">
         <name>.debug_info</name>
         <load_address>0xe01a</load_address>
         <run_address>0xe01a</run_address>
         <size>0x147</size>
         <input_file_ref idref="fl-30"/>
      </object_component>
      <object_component id="oc-2a9">
         <name>.debug_info</name>
         <load_address>0xe161</load_address>
         <run_address>0xe161</run_address>
         <size>0xd1</size>
      </object_component>
      <object_component id="oc-c8">
         <name>.debug_line</name>
         <load_address>0x0</load_address>
         <run_address>0x0</run_address>
         <size>0x39</size>
         <input_file_ref idref="fl-2"/>
      </object_component>
      <object_component id="oc-73">
         <name>.debug_line</name>
         <load_address>0x39</load_address>
         <run_address>0x39</run_address>
         <size>0x2ba</size>
         <input_file_ref idref="fl-2"/>
      </object_component>
      <object_component id="oc-34">
         <name>.debug_line</name>
         <load_address>0x2f3</load_address>
         <run_address>0x2f3</run_address>
         <size>0x82</size>
         <input_file_ref idref="fl-2"/>
      </object_component>
      <object_component id="oc-db">
         <name>.debug_line</name>
         <load_address>0x375</load_address>
         <run_address>0x375</run_address>
         <size>0x1eb</size>
         <input_file_ref idref="fl-2"/>
      </object_component>
      <object_component id="oc-39">
         <name>.debug_line</name>
         <load_address>0x560</load_address>
         <run_address>0x560</run_address>
         <size>0x8f9</size>
         <input_file_ref idref="fl-3"/>
      </object_component>
      <object_component id="oc-135">
         <name>.debug_line</name>
         <load_address>0xe59</load_address>
         <run_address>0xe59</run_address>
         <size>0xf6</size>
         <input_file_ref idref="fl-3"/>
      </object_component>
      <object_component id="oc-31">
         <name>.debug_line</name>
         <load_address>0xf4f</load_address>
         <run_address>0xf4f</run_address>
         <size>0x55</size>
         <input_file_ref idref="fl-5"/>
      </object_component>
      <object_component id="oc-59">
         <name>.debug_line</name>
         <load_address>0xfa4</load_address>
         <run_address>0xfa4</run_address>
         <size>0x5d</size>
         <input_file_ref idref="fl-5"/>
      </object_component>
      <object_component id="oc-185">
         <name>.debug_line</name>
         <load_address>0x1001</load_address>
         <run_address>0x1001</run_address>
         <size>0x37</size>
         <input_file_ref idref="fl-6"/>
      </object_component>
      <object_component id="oc-7c">
         <name>.debug_line</name>
         <load_address>0x1038</load_address>
         <run_address>0x1038</run_address>
         <size>0x408</size>
         <input_file_ref idref="fl-6"/>
      </object_component>
      <object_component id="oc-187">
         <name>.debug_line</name>
         <load_address>0x1440</load_address>
         <run_address>0x1440</run_address>
         <size>0xb1</size>
         <input_file_ref idref="fl-6"/>
      </object_component>
      <object_component id="oc-107">
         <name>.debug_line</name>
         <load_address>0x14f1</load_address>
         <run_address>0x14f1</run_address>
         <size>0x97</size>
         <input_file_ref idref="fl-f"/>
      </object_component>
      <object_component id="oc-94">
         <name>.debug_line</name>
         <load_address>0x1588</load_address>
         <run_address>0x1588</run_address>
         <size>0xa3</size>
         <input_file_ref idref="fl-f"/>
      </object_component>
      <object_component id="oc-10e">
         <name>.debug_line</name>
         <load_address>0x162b</load_address>
         <run_address>0x162b</run_address>
         <size>0xe2</size>
         <input_file_ref idref="fl-f"/>
      </object_component>
      <object_component id="oc-114">
         <name>.debug_line</name>
         <load_address>0x170d</load_address>
         <run_address>0x170d</run_address>
         <size>0xc3</size>
         <input_file_ref idref="fl-f"/>
      </object_component>
      <object_component id="oc-191">
         <name>.debug_line</name>
         <load_address>0x17d0</load_address>
         <run_address>0x17d0</run_address>
         <size>0xe3</size>
         <input_file_ref idref="fl-f"/>
      </object_component>
      <object_component id="oc-11f">
         <name>.debug_line</name>
         <load_address>0x18b3</load_address>
         <run_address>0x18b3</run_address>
         <size>0x9c</size>
         <input_file_ref idref="fl-10"/>
      </object_component>
      <object_component id="oc-98">
         <name>.debug_line</name>
         <load_address>0x194f</load_address>
         <run_address>0x194f</run_address>
         <size>0x9e</size>
         <input_file_ref idref="fl-10"/>
      </object_component>
      <object_component id="oc-195">
         <name>.debug_line</name>
         <load_address>0x19ed</load_address>
         <run_address>0x19ed</run_address>
         <size>0xe8</size>
         <input_file_ref idref="fl-10"/>
      </object_component>
      <object_component id="oc-fe">
         <name>.debug_line</name>
         <load_address>0x1ad5</load_address>
         <run_address>0x1ad5</run_address>
         <size>0x98</size>
         <input_file_ref idref="fl-11"/>
      </object_component>
      <object_component id="oc-a0">
         <name>.debug_line</name>
         <load_address>0x1b6d</load_address>
         <run_address>0x1b6d</run_address>
         <size>0xa2</size>
         <input_file_ref idref="fl-11"/>
      </object_component>
      <object_component id="oc-87">
         <name>.debug_line</name>
         <load_address>0x1c0f</load_address>
         <run_address>0x1c0f</run_address>
         <size>0xb1</size>
         <input_file_ref idref="fl-11"/>
      </object_component>
      <object_component id="oc-8d">
         <name>.debug_line</name>
         <load_address>0x1cc0</load_address>
         <run_address>0x1cc0</run_address>
         <size>0x9f</size>
         <input_file_ref idref="fl-11"/>
      </object_component>
      <object_component id="oc-a6">
         <name>.debug_line</name>
         <load_address>0x1d5f</load_address>
         <run_address>0x1d5f</run_address>
         <size>0x9f</size>
         <input_file_ref idref="fl-11"/>
      </object_component>
      <object_component id="oc-82">
         <name>.debug_line</name>
         <load_address>0x1dfe</load_address>
         <run_address>0x1dfe</run_address>
         <size>0x9f</size>
         <input_file_ref idref="fl-11"/>
      </object_component>
      <object_component id="oc-18a">
         <name>.debug_line</name>
         <load_address>0x1e9d</load_address>
         <run_address>0x1e9d</run_address>
         <size>0xe4</size>
         <input_file_ref idref="fl-11"/>
      </object_component>
      <object_component id="oc-131">
         <name>.debug_line</name>
         <load_address>0x1f81</load_address>
         <run_address>0x1f81</run_address>
         <size>0x9d</size>
         <input_file_ref idref="fl-12"/>
      </object_component>
      <object_component id="oc-127">
         <name>.debug_line</name>
         <load_address>0x201e</load_address>
         <run_address>0x201e</run_address>
         <size>0x9d</size>
         <input_file_ref idref="fl-12"/>
      </object_component>
      <object_component id="oc-155">
         <name>.debug_line</name>
         <load_address>0x20bb</load_address>
         <run_address>0x20bb</run_address>
         <size>0xa3</size>
         <input_file_ref idref="fl-12"/>
      </object_component>
      <object_component id="oc-164">
         <name>.debug_line</name>
         <load_address>0x215e</load_address>
         <run_address>0x215e</run_address>
         <size>0x9b</size>
         <input_file_ref idref="fl-12"/>
      </object_component>
      <object_component id="oc-15e">
         <name>.debug_line</name>
         <load_address>0x21f9</load_address>
         <run_address>0x21f9</run_address>
         <size>0x9b</size>
         <input_file_ref idref="fl-12"/>
      </object_component>
      <object_component id="oc-ce">
         <name>.debug_line</name>
         <load_address>0x2294</load_address>
         <run_address>0x2294</run_address>
         <size>0xb8</size>
         <input_file_ref idref="fl-12"/>
      </object_component>
      <object_component id="oc-d7">
         <name>.debug_line</name>
         <load_address>0x234c</load_address>
         <run_address>0x234c</run_address>
         <size>0xb1</size>
         <input_file_ref idref="fl-12"/>
      </object_component>
      <object_component id="oc-ad">
         <name>.debug_line</name>
         <load_address>0x23fd</load_address>
         <run_address>0x23fd</run_address>
         <size>0xb1</size>
         <input_file_ref idref="fl-12"/>
      </object_component>
      <object_component id="oc-19a">
         <name>.debug_line</name>
         <load_address>0x24ae</load_address>
         <run_address>0x24ae</run_address>
         <size>0x21</size>
         <input_file_ref idref="fl-12"/>
      </object_component>
      <object_component id="oc-17b">
         <name>.debug_line</name>
         <load_address>0x24cf</load_address>
         <run_address>0x24cf</run_address>
         <size>0x9d</size>
         <input_file_ref idref="fl-13"/>
      </object_component>
      <object_component id="oc-16f">
         <name>.debug_line</name>
         <load_address>0x256c</load_address>
         <run_address>0x256c</run_address>
         <size>0x9a</size>
         <input_file_ref idref="fl-13"/>
      </object_component>
      <object_component id="oc-242">
         <name>.debug_line</name>
         <load_address>0x2606</load_address>
         <run_address>0x2606</run_address>
         <size>0x9c</size>
         <input_file_ref idref="fl-13"/>
      </object_component>
      <object_component id="oc-257">
         <name>.debug_line</name>
         <load_address>0x26a2</load_address>
         <run_address>0x26a2</run_address>
         <size>0x9c</size>
         <input_file_ref idref="fl-13"/>
      </object_component>
      <object_component id="oc-22e">
         <name>.debug_line</name>
         <load_address>0x273e</load_address>
         <run_address>0x273e</run_address>
         <size>0x9d</size>
         <input_file_ref idref="fl-13"/>
      </object_component>
      <object_component id="oc-216">
         <name>.debug_line</name>
         <load_address>0x27db</load_address>
         <run_address>0x27db</run_address>
         <size>0x9d</size>
         <input_file_ref idref="fl-13"/>
      </object_component>
      <object_component id="oc-21f">
         <name>.debug_line</name>
         <load_address>0x2878</load_address>
         <run_address>0x2878</run_address>
         <size>0xa1</size>
         <input_file_ref idref="fl-13"/>
      </object_component>
      <object_component id="oc-235">
         <name>.debug_line</name>
         <load_address>0x2919</load_address>
         <run_address>0x2919</run_address>
         <size>0xa2</size>
         <input_file_ref idref="fl-13"/>
      </object_component>
      <object_component id="oc-222">
         <name>.debug_line</name>
         <load_address>0x29bb</load_address>
         <run_address>0x29bb</run_address>
         <size>0x9d</size>
         <input_file_ref idref="fl-13"/>
      </object_component>
      <object_component id="oc-263">
         <name>.debug_line</name>
         <load_address>0x2a58</load_address>
         <run_address>0x2a58</run_address>
         <size>0x9d</size>
         <input_file_ref idref="fl-13"/>
      </object_component>
      <object_component id="oc-22b">
         <name>.debug_line</name>
         <load_address>0x2af5</load_address>
         <run_address>0x2af5</run_address>
         <size>0xa5</size>
         <input_file_ref idref="fl-13"/>
      </object_component>
      <object_component id="oc-23a">
         <name>.debug_line</name>
         <load_address>0x2b9a</load_address>
         <run_address>0x2b9a</run_address>
         <size>0xa1</size>
         <input_file_ref idref="fl-13"/>
      </object_component>
      <object_component id="oc-ee">
         <name>.debug_line</name>
         <load_address>0x2c3b</load_address>
         <run_address>0x2c3b</run_address>
         <size>0xb4</size>
         <input_file_ref idref="fl-13"/>
      </object_component>
      <object_component id="oc-e5">
         <name>.debug_line</name>
         <load_address>0x2cef</load_address>
         <run_address>0x2cef</run_address>
         <size>0x19c</size>
         <input_file_ref idref="fl-13"/>
      </object_component>
      <object_component id="oc-1e6">
         <name>.debug_line</name>
         <load_address>0x2e8b</load_address>
         <run_address>0x2e8b</run_address>
         <size>0xd0</size>
         <input_file_ref idref="fl-13"/>
      </object_component>
      <object_component id="oc-172">
         <name>.debug_line</name>
         <load_address>0x2f5b</load_address>
         <run_address>0x2f5b</run_address>
         <size>0xbe</size>
         <input_file_ref idref="fl-13"/>
      </object_component>
      <object_component id="oc-f5">
         <name>.debug_line</name>
         <load_address>0x3019</load_address>
         <run_address>0x3019</run_address>
         <size>0xa1</size>
         <input_file_ref idref="fl-13"/>
      </object_component>
      <object_component id="oc-e2">
         <name>.debug_line</name>
         <load_address>0x30ba</load_address>
         <run_address>0x30ba</run_address>
         <size>0xc7</size>
         <input_file_ref idref="fl-13"/>
      </object_component>
      <object_component id="oc-1df">
         <name>.debug_line</name>
         <load_address>0x3181</load_address>
         <run_address>0x3181</run_address>
         <size>0x14b</size>
         <input_file_ref idref="fl-13"/>
      </object_component>
      <object_component id="oc-c5">
         <name>.debug_line</name>
         <load_address>0x32cc</load_address>
         <run_address>0x32cc</run_address>
         <size>0x4f</size>
         <input_file_ref idref="fl-1f"/>
      </object_component>
      <object_component id="oc-68">
         <name>.debug_line</name>
         <load_address>0x331b</load_address>
         <run_address>0x331b</run_address>
         <size>0xa3</size>
         <input_file_ref idref="fl-20"/>
      </object_component>
      <object_component id="oc-180">
         <name>.debug_line</name>
         <load_address>0x33be</load_address>
         <run_address>0x33be</run_address>
         <size>0xae</size>
         <input_file_ref idref="fl-21"/>
      </object_component>
      <object_component id="oc-62">
         <name>.debug_line</name>
         <load_address>0x346c</load_address>
         <run_address>0x346c</run_address>
         <size>0x53</size>
         <input_file_ref idref="fl-23"/>
      </object_component>
      <object_component id="oc-6d">
         <name>.debug_line</name>
         <load_address>0x34bf</load_address>
         <run_address>0x34bf</run_address>
         <size>0x5f</size>
         <input_file_ref idref="fl-24"/>
      </object_component>
      <object_component id="oc-143">
         <name>.debug_line</name>
         <load_address>0x351e</load_address>
         <run_address>0x351e</run_address>
         <size>0x3f</size>
         <input_file_ref idref="fl-25"/>
      </object_component>
      <object_component id="oc-1ec">
         <name>.debug_line</name>
         <load_address>0x355d</load_address>
         <run_address>0x355d</run_address>
         <size>0x21</size>
         <input_file_ref idref="fl-25"/>
      </object_component>
      <object_component id="oc-1a6">
         <name>.debug_line</name>
         <load_address>0x357e</load_address>
         <run_address>0x357e</run_address>
         <size>0x74</size>
         <input_file_ref idref="fl-26"/>
      </object_component>
      <object_component id="oc-248">
         <name>.debug_line</name>
         <load_address>0x35f2</load_address>
         <run_address>0x35f2</run_address>
         <size>0x21</size>
         <input_file_ref idref="fl-26"/>
      </object_component>
      <object_component id="oc-27">
         <name>.debug_line</name>
         <load_address>0x3613</load_address>
         <run_address>0x3613</run_address>
         <size>0x57</size>
         <input_file_ref idref="fl-28"/>
      </object_component>
      <object_component id="oc-b6">
         <name>.debug_line</name>
         <load_address>0x366a</load_address>
         <run_address>0x366a</run_address>
         <size>0x21</size>
         <input_file_ref idref="fl-28"/>
      </object_component>
      <object_component id="oc-25">
         <name>.debug_line</name>
         <load_address>0x368b</load_address>
         <run_address>0x368b</run_address>
         <size>0x95</size>
         <input_file_ref idref="fl-29"/>
      </object_component>
      <object_component id="oc-b1">
         <name>.debug_line</name>
         <load_address>0x3720</load_address>
         <run_address>0x3720</run_address>
         <size>0x21</size>
         <input_file_ref idref="fl-29"/>
      </object_component>
      <object_component id="oc-207">
         <name>.debug_line</name>
         <load_address>0x3741</load_address>
         <run_address>0x3741</run_address>
         <size>0x2b</size>
         <input_file_ref idref="fl-2a"/>
      </object_component>
      <object_component id="oc-14d">
         <name>.debug_line</name>
         <load_address>0x376c</load_address>
         <run_address>0x376c</run_address>
         <size>0x66</size>
         <input_file_ref idref="fl-2a"/>
      </object_component>
      <object_component id="oc-212">
         <name>.debug_line</name>
         <load_address>0x37d2</load_address>
         <run_address>0x37d2</run_address>
         <size>0x21</size>
         <input_file_ref idref="fl-2a"/>
      </object_component>
      <object_component id="oc-20f">
         <name>.debug_line</name>
         <load_address>0x37f3</load_address>
         <run_address>0x37f3</run_address>
         <size>0x2c</size>
         <input_file_ref idref="fl-2b"/>
      </object_component>
      <object_component id="oc-26e">
         <name>.debug_line</name>
         <load_address>0x381f</load_address>
         <run_address>0x381f</run_address>
         <size>0x2c</size>
         <input_file_ref idref="fl-2b"/>
      </object_component>
      <object_component id="oc-209">
         <name>.debug_line</name>
         <load_address>0x384b</load_address>
         <run_address>0x384b</run_address>
         <size>0x5f</size>
         <input_file_ref idref="fl-2b"/>
      </object_component>
      <object_component id="oc-251">
         <name>.debug_line</name>
         <load_address>0x38aa</load_address>
         <run_address>0x38aa</run_address>
         <size>0x21</size>
         <input_file_ref idref="fl-2b"/>
      </object_component>
      <object_component id="oc-14b">
         <name>.debug_line</name>
         <load_address>0x38cb</load_address>
         <run_address>0x38cb</run_address>
         <size>0x4e</size>
         <input_file_ref idref="fl-2c"/>
      </object_component>
      <object_component id="oc-204">
         <name>.debug_line</name>
         <load_address>0x3919</load_address>
         <run_address>0x3919</run_address>
         <size>0x30</size>
         <input_file_ref idref="fl-2c"/>
      </object_component>
      <object_component id="oc-46">
         <name>.debug_line</name>
         <load_address>0x3949</load_address>
         <run_address>0x3949</run_address>
         <size>0x63</size>
         <input_file_ref idref="fl-2f"/>
      </object_component>
      <object_component id="oc-138">
         <name>.debug_line</name>
         <load_address>0x39ac</load_address>
         <run_address>0x39ac</run_address>
         <size>0x21</size>
         <input_file_ref idref="fl-2f"/>
      </object_component>
      <object_component id="oc-1f2">
         <name>.debug_line</name>
         <load_address>0x39cd</load_address>
         <run_address>0x39cd</run_address>
         <size>0x3b</size>
         <input_file_ref idref="fl-30"/>
      </object_component>
      <object_component id="oc-268">
         <name>.debug_line</name>
         <load_address>0x3a08</load_address>
         <run_address>0x3a08</run_address>
         <size>0x21</size>
         <input_file_ref idref="fl-30"/>
      </object_component>
      <object_component id="oc-6f">
         <name>.debug_frame</name>
         <load_address>0x0</load_address>
         <run_address>0x0</run_address>
         <size>0x15c</size>
         <input_file_ref idref="fl-2"/>
      </object_component>
      <object_component id="oc-33">
         <name>.debug_frame</name>
         <load_address>0x15c</load_address>
         <run_address>0x15c</run_address>
         <size>0x138</size>
         <input_file_ref idref="fl-2"/>
      </object_component>
      <object_component id="oc-3a">
         <name>.debug_frame</name>
         <load_address>0x294</load_address>
         <run_address>0x294</run_address>
         <size>0x668</size>
         <input_file_ref idref="fl-3"/>
      </object_component>
      <object_component id="oc-7b">
         <name>.debug_frame</name>
         <load_address>0x8fc</load_address>
         <run_address>0x8fc</run_address>
         <size>0x230</size>
         <input_file_ref idref="fl-6"/>
      </object_component>
      <object_component id="oc-108">
         <name>.debug_frame</name>
         <load_address>0xb2c</load_address>
         <run_address>0xb2c</run_address>
         <size>0x44</size>
         <input_file_ref idref="fl-f"/>
      </object_component>
      <object_component id="oc-90">
         <name>.debug_frame</name>
         <load_address>0xb70</load_address>
         <run_address>0xb70</run_address>
         <size>0x44</size>
         <input_file_ref idref="fl-f"/>
      </object_component>
      <object_component id="oc-112">
         <name>.debug_frame</name>
         <load_address>0xbb4</load_address>
         <run_address>0xbb4</run_address>
         <size>0x44</size>
         <input_file_ref idref="fl-f"/>
      </object_component>
      <object_component id="oc-118">
         <name>.debug_frame</name>
         <load_address>0xbf8</load_address>
         <run_address>0xbf8</run_address>
         <size>0x44</size>
         <input_file_ref idref="fl-f"/>
      </object_component>
      <object_component id="oc-120">
         <name>.debug_frame</name>
         <load_address>0xc3c</load_address>
         <run_address>0xc3c</run_address>
         <size>0x44</size>
         <input_file_ref idref="fl-10"/>
      </object_component>
      <object_component id="oc-9b">
         <name>.debug_frame</name>
         <load_address>0xc80</load_address>
         <run_address>0xc80</run_address>
         <size>0x44</size>
         <input_file_ref idref="fl-10"/>
      </object_component>
      <object_component id="oc-102">
         <name>.debug_frame</name>
         <load_address>0xcc4</load_address>
         <run_address>0xcc4</run_address>
         <size>0x44</size>
         <input_file_ref idref="fl-11"/>
      </object_component>
      <object_component id="oc-a1">
         <name>.debug_frame</name>
         <load_address>0xd08</load_address>
         <run_address>0xd08</run_address>
         <size>0x44</size>
         <input_file_ref idref="fl-11"/>
      </object_component>
      <object_component id="oc-88">
         <name>.debug_frame</name>
         <load_address>0xd4c</load_address>
         <run_address>0xd4c</run_address>
         <size>0x44</size>
         <input_file_ref idref="fl-11"/>
      </object_component>
      <object_component id="oc-8e">
         <name>.debug_frame</name>
         <load_address>0xd90</load_address>
         <run_address>0xd90</run_address>
         <size>0x44</size>
         <input_file_ref idref="fl-11"/>
      </object_component>
      <object_component id="oc-a7">
         <name>.debug_frame</name>
         <load_address>0xdd4</load_address>
         <run_address>0xdd4</run_address>
         <size>0x44</size>
         <input_file_ref idref="fl-11"/>
      </object_component>
      <object_component id="oc-81">
         <name>.debug_frame</name>
         <load_address>0xe18</load_address>
         <run_address>0xe18</run_address>
         <size>0x44</size>
         <input_file_ref idref="fl-11"/>
      </object_component>
      <object_component id="oc-12d">
         <name>.debug_frame</name>
         <load_address>0xe5c</load_address>
         <run_address>0xe5c</run_address>
         <size>0x40</size>
         <input_file_ref idref="fl-12"/>
      </object_component>
      <object_component id="oc-128">
         <name>.debug_frame</name>
         <load_address>0xe9c</load_address>
         <run_address>0xe9c</run_address>
         <size>0x40</size>
         <input_file_ref idref="fl-12"/>
      </object_component>
      <object_component id="oc-159">
         <name>.debug_frame</name>
         <load_address>0xedc</load_address>
         <run_address>0xedc</run_address>
         <size>0x40</size>
         <input_file_ref idref="fl-12"/>
      </object_component>
      <object_component id="oc-165">
         <name>.debug_frame</name>
         <load_address>0xf1c</load_address>
         <run_address>0xf1c</run_address>
         <size>0x40</size>
         <input_file_ref idref="fl-12"/>
      </object_component>
      <object_component id="oc-15f">
         <name>.debug_frame</name>
         <load_address>0xf5c</load_address>
         <run_address>0xf5c</run_address>
         <size>0x40</size>
         <input_file_ref idref="fl-12"/>
      </object_component>
      <object_component id="oc-d2">
         <name>.debug_frame</name>
         <load_address>0xf9c</load_address>
         <run_address>0xf9c</run_address>
         <size>0x40</size>
         <input_file_ref idref="fl-12"/>
      </object_component>
      <object_component id="oc-d8">
         <name>.debug_frame</name>
         <load_address>0xfdc</load_address>
         <run_address>0xfdc</run_address>
         <size>0x44</size>
         <input_file_ref idref="fl-12"/>
      </object_component>
      <object_component id="oc-ac">
         <name>.debug_frame</name>
         <load_address>0x1020</load_address>
         <run_address>0x1020</run_address>
         <size>0x44</size>
         <input_file_ref idref="fl-12"/>
      </object_component>
      <object_component id="oc-17a">
         <name>.debug_frame</name>
         <load_address>0x1064</load_address>
         <run_address>0x1064</run_address>
         <size>0x40</size>
         <input_file_ref idref="fl-13"/>
      </object_component>
      <object_component id="oc-16e">
         <name>.debug_frame</name>
         <load_address>0x10a4</load_address>
         <run_address>0x10a4</run_address>
         <size>0x40</size>
         <input_file_ref idref="fl-13"/>
      </object_component>
      <object_component id="oc-243">
         <name>.debug_frame</name>
         <load_address>0x10e4</load_address>
         <run_address>0x10e4</run_address>
         <size>0x40</size>
         <input_file_ref idref="fl-13"/>
      </object_component>
      <object_component id="oc-258">
         <name>.debug_frame</name>
         <load_address>0x1124</load_address>
         <run_address>0x1124</run_address>
         <size>0x44</size>
         <input_file_ref idref="fl-13"/>
      </object_component>
      <object_component id="oc-22f">
         <name>.debug_frame</name>
         <load_address>0x1168</load_address>
         <run_address>0x1168</run_address>
         <size>0x44</size>
         <input_file_ref idref="fl-13"/>
      </object_component>
      <object_component id="oc-217">
         <name>.debug_frame</name>
         <load_address>0x11ac</load_address>
         <run_address>0x11ac</run_address>
         <size>0x44</size>
         <input_file_ref idref="fl-13"/>
      </object_component>
      <object_component id="oc-21c">
         <name>.debug_frame</name>
         <load_address>0x11f0</load_address>
         <run_address>0x11f0</run_address>
         <size>0x44</size>
         <input_file_ref idref="fl-13"/>
      </object_component>
      <object_component id="oc-234">
         <name>.debug_frame</name>
         <load_address>0x1234</load_address>
         <run_address>0x1234</run_address>
         <size>0x44</size>
         <input_file_ref idref="fl-13"/>
      </object_component>
      <object_component id="oc-225">
         <name>.debug_frame</name>
         <load_address>0x1278</load_address>
         <run_address>0x1278</run_address>
         <size>0x44</size>
         <input_file_ref idref="fl-13"/>
      </object_component>
      <object_component id="oc-264">
         <name>.debug_frame</name>
         <load_address>0x12bc</load_address>
         <run_address>0x12bc</run_address>
         <size>0x44</size>
         <input_file_ref idref="fl-13"/>
      </object_component>
      <object_component id="oc-228">
         <name>.debug_frame</name>
         <load_address>0x1300</load_address>
         <run_address>0x1300</run_address>
         <size>0x44</size>
         <input_file_ref idref="fl-13"/>
      </object_component>
      <object_component id="oc-23b">
         <name>.debug_frame</name>
         <load_address>0x1344</load_address>
         <run_address>0x1344</run_address>
         <size>0x40</size>
         <input_file_ref idref="fl-13"/>
      </object_component>
      <object_component id="oc-eb">
         <name>.debug_frame</name>
         <load_address>0x1384</load_address>
         <run_address>0x1384</run_address>
         <size>0x44</size>
         <input_file_ref idref="fl-13"/>
      </object_component>
      <object_component id="oc-e8">
         <name>.debug_frame</name>
         <load_address>0x13c8</load_address>
         <run_address>0x13c8</run_address>
         <size>0x50</size>
         <input_file_ref idref="fl-13"/>
      </object_component>
      <object_component id="oc-1e7">
         <name>.debug_frame</name>
         <load_address>0x1418</load_address>
         <run_address>0x1418</run_address>
         <size>0x44</size>
         <input_file_ref idref="fl-13"/>
      </object_component>
      <object_component id="oc-175">
         <name>.debug_frame</name>
         <load_address>0x145c</load_address>
         <run_address>0x145c</run_address>
         <size>0x44</size>
         <input_file_ref idref="fl-13"/>
      </object_component>
      <object_component id="oc-f2">
         <name>.debug_frame</name>
         <load_address>0x14a0</load_address>
         <run_address>0x14a0</run_address>
         <size>0x44</size>
         <input_file_ref idref="fl-13"/>
      </object_component>
      <object_component id="oc-e1">
         <name>.debug_frame</name>
         <load_address>0x14e4</load_address>
         <run_address>0x14e4</run_address>
         <size>0x44</size>
         <input_file_ref idref="fl-13"/>
      </object_component>
      <object_component id="oc-144">
         <name>.debug_frame</name>
         <load_address>0x1528</load_address>
         <run_address>0x1528</run_address>
         <size>0x40</size>
         <input_file_ref idref="fl-25"/>
      </object_component>
      <object_component id="oc-1a5">
         <name>.debug_frame</name>
         <load_address>0x1568</load_address>
         <run_address>0x1568</run_address>
         <size>0x58</size>
         <input_file_ref idref="fl-26"/>
      </object_component>
      <object_component id="oc-2b">
         <name>.debug_frame</name>
         <load_address>0x15c0</load_address>
         <run_address>0x15c0</run_address>
         <size>0x40</size>
         <input_file_ref idref="fl-28"/>
      </object_component>
      <object_component id="oc-21">
         <name>.debug_frame</name>
         <load_address>0x1600</load_address>
         <run_address>0x1600</run_address>
         <size>0x48</size>
         <input_file_ref idref="fl-29"/>
      </object_component>
      <object_component id="oc-14f">
         <name>.debug_frame</name>
         <load_address>0x1648</load_address>
         <run_address>0x1648</run_address>
         <size>0x60</size>
         <input_file_ref idref="fl-2a"/>
      </object_component>
      <object_component id="oc-20d">
         <name>.debug_frame</name>
         <load_address>0x16a8</load_address>
         <run_address>0x16a8</run_address>
         <size>0x70</size>
         <input_file_ref idref="fl-2b"/>
      </object_component>
      <object_component id="oc-14a">
         <name>.debug_frame</name>
         <load_address>0x1718</load_address>
         <run_address>0x1718</run_address>
[...]
         <usage_details>
         </usage_details>
      </memory_area>
      <memory_area display="yes" color="green">
         <name>RAMGS13</name>
         <page_id>0x1</page_id>
         <origin>0x19000</origin>
         <length>0x1000</length>
         <used_space>0x0</used_space>
         <unused_space>0x1000</unused_space>
         <attributes>RWIX</attributes>
         <usage_details>
         </usage_details>
      </memory_area>
      <memory_area display="yes" color="green">
         <name>RAMGS14</name>
         <page_id>0x1</page_id>
         <origin>0x1a000</origin>
         <length>0x1000</length>
         <used_space>0x0</used_space>
         <unused_space>0x1000</unused_space>
         <attributes>RWIX</attributes>
         <usage_details>
         </usage_details>
      </memory_area>
      <memory_area display="yes" color="green">
         <name>RAMGS15</name>
         <page_id>0x1</page_id>
         <origin>0x1b000</origin>
         <length>0xff8</length>
         <used_space>0x0</used_space>
         <unused_space>0xff8</unused_space>
         <attributes>RWIX</attributes>
         <usage_details>
         </usage_details>
      </memory_area>
      <memory_area display="yes" color="green">
         <name>CPU2TOCPU1RAM</name>
         <page_id>0x1</page_id>
         <origin>0x3f800</origin>
         <length>0x400</length>
         <used_space>0x0</used_space>
         <unused_space>0x400</unused_space>
         <attributes>RWIX</attributes>
         <usage_details>
         </usage_details>
      </memory_area>
      <memory_area display="yes" color="green">
         <name>CPU1TOCPU2RAM</name>
         <page_id>0x1</page_id>
         <origin>0x3fc00</origin>
         <length>0x400</length>
         <used_space>0x0</used_space>
         <unused_space>0x400</unused_space>
         <attributes>RWIX</attributes>
         <usage_details>
         </usage_details>
      </memory_area>
      <memory_area display="yes" color="green">
         <name>CANA_MSG_RAM</name>
         <page_id>0x1</page_id>
         <origin>0x49000</origin>
         <length>0x800</length>
         <used_space>0x0</used_space>
         <unused_space>0x800</unused_space>
         <attributes>RWIX</attributes>
         <usage_details>
         </usage_details>
      </memory_area>
      <memory_area display="yes" color="green">
         <name>CANB_MSG_RAM</name>
         <page_id>0x1</page_id>
         <origin>0x4b000</origin>
         <length>0x800</length>
         <used_space>0x0</used_space>
         <unused_space>0x800</unused_space>
         <attributes>RWIX</attributes>
         <usage_details>
         </usage_details>
      </memory_area>
   </placement_map>
   <cptbl_list>
      <cptbl>
         <name>__TI_cinit_table</name>
         <cprec>
            <name>.data</name>
            <load_address>0x128</load_address>
            <load_size>0x11</load_size>
            <run_address>0xac3a</run_address>
            <run_size>0x2a</run_size>
            <compression>lzss</compression>
         </cprec>
      </cptbl>
   </cptbl_list>
   <handler_table>
      <handler_table_name>__TI_handler_table</handler_table_name>
      <handler>
         <index>0x0</index>
         <name>__TI_decompress_lzss</name>
      </handler>
      <handler>
         <index>0x1</index>
         <name>__TI_decompress_none</name>
      </handler>
   </handler_table>
   <symbol_table>
      <symbol id="sm-1">
         <name>__TI_CINIT_Base</name>
         <value>0x13e</value>
      </symbol>
      <symbol id="sm-2">
         <name>__TI_CINIT_Limit</name>
         <value>0x142</value>
      </symbol>
      <symbol id="sm-3">
         <name>__TI_CINIT_Warm</name>
         <value>0x142</value>
      </symbol>
      <symbol id="sm-4">
         <name>__TI_Handler_Table_Base</name>
         <value>0x13a</value>
      </symbol>
      <symbol id="sm-5">
         <name>__TI_Handler_Table_Limit</name>
         <value>0x13e</value>
      </symbol>
      <symbol id="sm-6">
         <name>__TI_STACK_SIZE</name>
         <value>0x100</value>
      </symbol>
      <symbol id="sm-7">
         <name>__TI_STACK_END</name>
         <value>0x500</value>
      </symbol>
      <symbol id="sm-8">
         <name>__TI_pprof_out_hndl</name>
         <value>0xffffffff</value>
      </symbol>
      <symbol id="sm-9">
         <name>__TI_prof_data_start</name>
         <value>0xffffffff</value>
      </symbol>
      <symbol id="sm-a">
         <name>__TI_prof_data_size</name>
         <value>0xffffffff</value>
      </symbol>
      <symbol id="sm-6c">
         <name>i2t_threshold</name>
         <value>0xac46</value>
         <object_component_ref idref="oc-5b"/>
      </symbol>
      <symbol id="sm-6d">
         <name>module2current</name>
         <value>0xac41</value>
         <object_component_ref idref="oc-5b"/>
      </symbol>
      <symbol id="sm-6e">
         <name>module2ADC</name>
         <value>0xac43</value>
         <object_component_ref idref="oc-5b"/>
      </symbol>
      <symbol id="sm-6f">
         <name>Overcurrent_Threshold</name>
         <value>0xac4c</value>
         <object_component_ref idref="oc-5b"/>
      </symbol>
      <symbol id="sm-70">
         <name>INT_I2T_TIMER_0_ISR</name>
         <value>0x8800</value>
         <object_component_ref idref="oc-32"/>
      </symbol>
      <symbol id="sm-71">
         <name>current1</name>
         <value>0xac49</value>
         <object_component_ref idref="oc-5b"/>
      </symbol>
      <symbol id="sm-72">
         <name>current2</name>
         <value>0xac4a</value>
         <object_component_ref idref="oc-5b"/>
      </symbol>
      <symbol id="sm-73">
         <name>INT_myADC1_1_ISR</name>
         <value>0x88a5</value>
         <object_component_ref idref="oc-32"/>
      </symbol>
      <symbol id="sm-74">
         <name>main</name>
         <value>0x86e1</value>
         <object_component_ref idref="oc-6e"/>
      </symbol>
      <symbol id="sm-75">
         <name>overcurrent_duration</name>
         <value>0xac47</value>
         <object_component_ref idref="oc-5b"/>
      </symbol>
      <symbol id="sm-76">
         <name>module1current</name>
         <value>0xac40</value>
         <object_component_ref idref="oc-5b"/>
      </symbol>
      <symbol id="sm-77">
         <name>module2offset</name>
         <value>0xac45</value>
         <object_component_ref idref="oc-5b"/>
      </symbol>
      <symbol id="sm-78">
         <name>module1ADC</name>
         <value>0xac42</value>
         <object_component_ref idref="oc-5b"/>
      </symbol>
      <symbol id="sm-79">
         <name>overcurrentDetected</name>
         <value>0xac48</value>
         <object_component_ref idref="oc-5b"/>
      </symbol>
      <symbol id="sm-7a">
         <name>i2t_accumulated2</name>
         <value>0xac50</value>
         <object_component_ref idref="oc-5b"/>
      </symbol>
      <symbol id="sm-7b">
         <name>i2t_accumulated1</name>
         <value>0xac4e</value>
         <object_component_ref idref="oc-5b"/>
      </symbol>
      <symbol id="sm-7c">
         <name>temp1</name>
         <value>0xac52</value>
         <object_component_ref idref="oc-5b"/>
      </symbol>
      <symbol id="sm-7d">
         <name>temp2</name>
         <value>0xac54</value>
         <object_component_ref idref="oc-5b"/>
      </symbol>
      <symbol id="sm-7e">
         <name>temp3</name>
         <value>0xac56</value>
         <object_component_ref idref="oc-5b"/>
      </symbol>
      <symbol id="sm-7f">
         <name>temp4</name>
         <value>0xac58</value>
         <object_component_ref idref="oc-5b"/>
      </symbol>
      <symbol id="sm-80">
         <name>module1offset</name>
         <value>0xac44</value>
         <object_component_ref idref="oc-5b"/>
      </symbol>
      <symbol id="sm-103">
         <name>INTERRUPT_init</name>
         <value>0xb737</value>
         <object_component_ref idref="oc-38"/>
      </symbol>
      <symbol id="sm-104">
         <name>PinMux_init</name>
         <value>0xb52c</value>
         <object_component_ref idref="oc-38"/>
      </symbol>
      <symbol id="sm-105">
         <name>Board_init</name>
         <value>0xb51b</value>
         <object_component_ref idref="oc-38"/>
      </symbol>
      <symbol id="sm-106">
         <name>GPIO_init</name>
         <value>0xb694</value>
         <object_component_ref idref="oc-38"/>
      </symbol>
      <symbol id="sm-107">
         <name>myBoardLED1_GPIO_init</name>
         <value>0xb71e</value>
         <object_component_ref idref="oc-38"/>
      </symbol>
      <symbol id="sm-108">
         <name>myBoardLED0_GPIO_init</name>
         <value>0xb705</value>
         <object_component_ref idref="oc-38"/>
      </symbol>
      <symbol id="sm-109">
         <name>I2T_TIMER_0_init</name>
         <value>0xb5b5</value>
         <object_component_ref idref="oc-38"/>
      </symbol>
      <symbol id="sm-10a">
         <name>ADC_init</name>
         <value>0xb567</value>
         <object_component_ref idref="oc-38"/>
      </symbol>
      <symbol id="sm-10b">
         <name>myADC1_init</name>
         <value>0xb56a</value>
         <object_component_ref idref="oc-38"/>
      </symbol>
      <symbol id="sm-10c">
         <name>SYNC_init</name>
         <value>0xb750</value>
         <object_component_ref idref="oc-38"/>
      </symbol>
      <symbol id="sm-10d">
         <name>EN2_M1_init</name>
         <value>0xb6ba</value>
         <object_component_ref idref="oc-38"/>
      </symbol>
      <symbol id="sm-10e">
         <name>EN2_M2_init</name>
         <value>0xb6ec</value>
         <object_component_ref idref="oc-38"/>
      </symbol>
      <symbol id="sm-10f">
         <name>EPWM_init</name>
         <value>0xb5d5</value>
         <object_component_ref idref="oc-38"/>
      </symbol>
      <symbol id="sm-110">
         <name>CPUTIMER_init</name>
         <value>0xb5b2</value>
         <object_component_ref idref="oc-38"/>
      </symbol>
      <symbol id="sm-111">
         <name>EN1_M1_init</name>
         <value>0xb6a1</value>
         <object_component_ref idref="oc-38"/>
      </symbol>
      <symbol id="sm-112">
         <name>EN1_M2_init</name>
         <value>0xb6d3</value>
         <object_component_ref idref="oc-38"/>
      </symbol>
      <symbol id="sm-122">
         <name>code_start</name>
         <value>0x0</value>
         <object_component_ref idref="oc-2d"/>
      </symbol>
      <symbol id="sm-154">
         <name>Device_enableAllPeripherals</name>
         <value>0x80eb</value>
         <object_component_ref idref="oc-77"/>
      </symbol>
      <symbol id="sm-155">
         <name>Device_initGPIO</name>
         <value>0x81d6</value>
         <object_component_ref idref="oc-77"/>
      </symbol>
      <symbol id="sm-156">
         <name>Example_Fail</name>
         <value>0xac3e</value>
         <object_component_ref idref="oc-f6"/>
      </symbol>
      <symbol id="sm-157">
         <name>Example_setResultFail</name>
         <value>0x83f4</value>
         <object_component_ref idref="oc-77"/>
      </symbol>
      <symbol id="sm-158">
         <name>Device_bootCPU2</name>
         <value>0x826e</value>
         <object_component_ref idref="oc-77"/>
      </symbol>
      <symbol id="sm-159">
         <name>Device_init</name>
         <value>0x80ab</value>
         <object_component_ref idref="oc-77"/>
      </symbol>
      <symbol id="sm-15a">
         <name>Example_Result</name>
         <value>0xac3a</value>
         <object_component_ref idref="oc-f6"/>
      </symbol>
      <symbol id="sm-15b">
         <name>Device_enableUnbondedGPIOPullups</name>
         <value>0x8227</value>
         <object_component_ref idref="oc-77"/>
      </symbol>
      <symbol id="sm-15c">
         <name>__error__</name>
         <value>0x83e8</value>
         <object_component_ref idref="oc-77"/>
      </symbol>
      <symbol id="sm-15d">
         <name>Example_setResultPass</name>
         <value>0x83ef</value>
         <object_component_ref idref="oc-77"/>
      </symbol>
      <symbol id="sm-15e">
         <name>Device_configureTMXAnalogTrim</name>
         <value>0x823d</value>
         <object_component_ref idref="oc-77"/>
      </symbol>
      <symbol id="sm-15f">
         <name>Device_enableUnbondedGPIOPullupsFor176Pin</name>
         <value>0x81f7</value>
         <object_component_ref idref="oc-77"/>
      </symbol>
      <symbol id="sm-160">
         <name>Example_done</name>
         <value>0x83f9</value>
         <object_component_ref idref="oc-77"/>
      </symbol>
      <symbol id="sm-161">
         <name>Example_PassCount</name>
         <value>0xac3c</value>
         <object_component_ref idref="oc-f6"/>
      </symbol>
      <symbol id="sm-162">
         <name>Device_enableUnbondedGPIOPullupsFor100Pin</name>
         <value>0x820a</value>
         <object_component_ref idref="oc-77"/>
      </symbol>
      <symbol id="sm-1a3">
         <name>ADC_setOffsetTrim</name>
         <value>0x8a3c</value>
         <object_component_ref idref="oc-113"/>
      </symbol>
      <symbol id="sm-1a4">
         <name>ADC_setMode</name>
         <value>0x8caf</value>
         <object_component_ref idref="oc-8f"/>
      </symbol>
      <symbol id="sm-1a5">
         <name>ADC_setINLTrim</name>
         <value>0x8965</value>
         <object_component_ref idref="oc-10d"/>
      </symbol>
      <symbol id="sm-1bf">
         <name>CPUTimer_setEmulationMode</name>
         <value>0x8e8f</value>
         <object_component_ref idref="oc-96"/>
      </symbol>
      <symbol id="sm-201">
         <name>GPIO_setQualificationMode</name>
         <value>0x8be0</value>
         <object_component_ref idref="oc-89"/>
      </symbol>
      <symbol id="sm-202">
         <name>GPIO_setPadConfig</name>
         <value>0x87ac</value>
         <object_component_ref idref="oc-83"/>
      </symbol>
      <symbol id="sm-203">
         <name>GPIO_setDirectionMode</name>
         <value>0x8c4e</value>
         <object_component_ref idref="oc-9c"/>
      </symbol>
      <symbol id="sm-204">
         <name>GPIO_setPinConfig</name>
         <value>0x8ba9</value>
         <object_component_ref idref="oc-7d"/>
      </symbol>
      <symbol id="sm-205">
         <name>GPIO_setControllerCore</name>
         <value>0x8b72</value>
         <object_component_ref idref="oc-a2"/>
      </symbol>
      <symbol id="sm-257">
         <name>Interrupt_initModule</name>
         <value>0x8b35</value>
         <object_component_ref idref="oc-cd"/>
      </symbol>
      <symbol id="sm-258">
         <name>Interrupt_enable</name>
         <value>0x8c17</value>
         <object_component_ref idref="oc-a8"/>
      </symbol>
      <symbol id="sm-259">
         <name>Interrupt_initVectorTable</name>
         <value>0x8d95</value>
         <object_component_ref idref="oc-d3"/>
      </symbol>
      <symbol id="sm-332">
         <name>SysCtl_delay</name>
         <value>0x123</value>
         <object_component_ref idref="oc-95"/>
      </symbol>
      <symbol id="sm-333">
         <name>SysCtl_getDeviceParametric</name>
         <value>0x89d4</value>
         <object_component_ref idref="oc-dd"/>
      </symbol>
      <symbol id="sm-334">
         <name>SysCtl_selectXTAL</name>
         <value>0xb76e</value>
         <object_component_ref idref="oc-1e2"/>
      </symbol>
      <symbol id="sm-335">
         <name>SysCtl_selectOscSource</name>
         <value>0x8aed</value>
         <object_component_ref idref="oc-170"/>
      </symbol>
      <symbol id="sm-336">
         <name>SysCtl_getLowSpeedClock</name>
         <value>0x8e05</value>
         <object_component_ref idref="oc-f0"/>
      </symbol>
      <symbol id="sm-337">
         <name>SysCtl_setClock</name>
         <value>0x83fa</value>
         <object_component_ref idref="oc-e3"/>
      </symbol>
      <symbol id="sm-338">
         <name>SysCtl_getClock</name>
         <value>0x8a9c</value>
         <object_component_ref idref="oc-e9"/>
      </symbol>
      <symbol id="sm-342">
         <name>_c_int00</name>
         <value>0x8e4d</value>
         <object_component_ref idref="oc-c1"/>
      </symbol>
      <symbol id="sm-343">
         <name>__stack</name>
         <value>0x400</value>
         <object_component_ref idref="oc-3e"/>
      </symbol>
      <symbol id="sm-351">
         <name>__c28xabi_mpyd</name>
         <value>0x88e2</value>
         <object_component_ref idref="oc-64"/>
      </symbol>
      <symbol id="sm-35e">
         <name>__c28xabi_divf</name>
         <value>0x8724</value>
         <object_component_ref idref="oc-17c"/>
      </symbol>
      <symbol id="sm-36c">
         <name>__c28xabi_utod</name>
         <value>0x8e64</value>
         <object_component_ref idref="oc-5e"/>
      </symbol>
      <symbol id="sm-378">
         <name>__c28xabi_dtof</name>
         <value>0x8d32</value>
         <object_component_ref idref="oc-69"/>
      </symbol>
      <symbol id="sm-385">
         <name>_system_pre_init</name>
         <value>0x8f56</value>
         <object_component_ref idref="oc-13f"/>
      </symbol>
      <symbol id="sm-394">
         <name>__TI_auto_init_nobinit_nopinit</name>
         <value>0x8cde</value>
         <object_component_ref idref="oc-1a1"/>
      </symbol>
      <symbol id="sm-3a2">
         <name>__TI_decompress_none</name>
         <value>0x8f45</value>
         <object_component_ref idref="oc-26"/>
      </symbol>
      <symbol id="sm-3b6">
         <name>__TI_decompress_lzss</name>
         <value>0x8c7f</value>
         <object_component_ref idref="oc-20"/>
      </symbol>
      <symbol id="sm-3cc">
         <name>C$$EXIT</name>
         <value>0x8d09</value>
         <object_component_ref idref="oc-14c"/>
      </symbol>
      <symbol id="sm-3cd">
         <name>abort</name>
         <value>0x8d09</value>
         <object_component_ref idref="oc-14c"/>
      </symbol>
      <symbol id="sm-3ce">
         <name>exit</name>
         <value>0x8d0b</value>
         <object_component_ref idref="oc-14c"/>
      </symbol>
      <symbol id="sm-3cf">
         <name>__TI_dtors_ptr</name>
         <value>0xac5e</value>
         <object_component_ref idref="oc-1d3"/>
      </symbol>
      <symbol id="sm-3d0">
         <name>__TI_cleanup_ptr</name>
         <value>0xac5c</value>
         <object_component_ref idref="oc-1d3"/>
      </symbol>
      <symbol id="sm-3d1">
         <name>__TI_enable_exit_profile_output</name>
         <value>0xac5a</value>
         <object_component_ref idref="oc-1d3"/>
      </symbol>
      <symbol id="sm-3e8">
         <name>_nop</name>
         <value>0x8f44</value>
         <object_component_ref idref="oc-208"/>
      </symbol>
      <symbol id="sm-3e9">
         <name>_lock</name>
         <value>0xac60</value>
         <object_component_ref idref="oc-1d6"/>
      </symbol>
      <symbol id="sm-3ea">
         <name>_unlock</name>
         <value>0xac62</value>
         <object_component_ref idref="oc-24c"/>
      </symbol>
      <symbol id="sm-3eb">
         <name>_register_lock</name>
         <value>0x8f40</value>
         <object_component_ref idref="oc-208"/>
      </symbol>
      <symbol id="sm-3ec">
         <name>_register_unlock</name>
         <value>0x8f3c</value>
         <object_component_ref idref="oc-208"/>
      </symbol>
      <symbol id="sm-3fb">
         <name>_args_main</name>
         <value>0x8f1c</value>
         <object_component_ref idref="oc-146"/>
      </symbol>
      <symbol id="sm-40f">
         <name>memcpy</name>
         <value>0x8db3</value>
         <object_component_ref idref="oc-41"/>
      </symbol>
      <symbol id="sm-41c">
         <name>_system_post_cinit</name>
         <value>0x8f58</value>
         <object_component_ref idref="oc-1ee"/>
      </symbol>
      <symbol id="sm-41e">
         <name>__c_args__</name>
         <value>0x0</value>
      </symbol>
   </symbol_table>
   <title>Link successful</title>
</link_info>
