Microchip MPLAB XC8 Compiler V2.46

Linker command line:

-W-3 \
  --edf=C:\Program Files\Microchip\xc8\v2.46\pic\dat\20240104201356_en.msgs \
  -cn -h+dist/default/production\E-Fuse_HVMCU.X.production.sym \
  --cmf=dist/default/production\E-Fuse_HVMCU.X.production.cmf -z -Q16F15345 \
  -oC:\Users\Abhinav\AppData\Local\Temp\xcAs6qo.\driver_tmp_3.o \
  --defsym=__MPLAB_BUILD=1 --fixupoverflow=error \
  -Mdist/default/production/E-Fuse_HVMCU.X.production.map \
  --md=C:\Users\Abhinav\AppData\Local\Temp\xcAs6qo.\driver_tmp_0.dat -E1 \
  -ver=XC8 Compiler --acfsm=1493 -ACODE=00h-07FFhx4 -ASTRCODE=00h-01FFFh \
  -ASTRING=00h-0FFhx32 -ACONST=00h-0FFhx32 -AENTRY=00h-0FFhx32 \
  -ACOMMON=070h-07Fh -ABANK0=020h-06Fh -ABANK1=0A0h-0EFh \
  -ABANK2=0120h-016Fh -ABANK3=01A0h-01EFh -ABANK4=0220h-026Fh \
  -ABANK5=02A0h-02EFh -ABANK6=0320h-036Fh -ABANK7=03A0h-03EFh \
  -ABANK8=0420h-046Fh -ABANK9=04A0h-04EFh -ABANK10=0520h-056Fh \
  -ABANK11=05A0h-05EFh -ABANK12=0620h-064Fh -ABIGRAM=02000h-023EFh \
  -ARAM=020h-06Fh,0A0h-0EFh,0120h-016Fh,01A0h-01EFh,0220h-026Fh,02A0h-02EFh,0320h-036Fh,03A0h-03EFh,0420h-046Fh,04A0h-04EFh,0520h-056Fh,05A0h-05EFh,0620h-064Fh \
  -AABS1=020h-07Fh,0A0h-0EFh,0120h-016Fh,01A0h-01EFh,0220h-026Fh,02A0h-02EFh,0320h-036Fh,03A0h-03EFh,0420h-046Fh,04A0h-04EFh,0520h-056Fh,05A0h-05EFh,0620h-064Fh \
  -ASFR0=00h-01Fh -ASFR1=080h-09Fh -ASFR2=0100h-011Fh -ASFR3=0180h-019Fh \
  -ASFR4=0200h-021Fh -ASFR5=0280h-029Fh -ASFR6=0300h-031Fh \
  -ASFR7=0380h-039Fh -ASFR8=0400h-041Fh -ASFR9=0480h-049Fh \
  -ASFR10=0500h-051Fh -ASFR11=0580h-059Fh -ASFR12=0600h-061Fh \
  -ASFR13=0680h-06EFh -ASFR14=0700h-076Fh -ASFR15=0780h-07EFh \
  -ASFR16=0800h-086Fh -ASFR17=0880h-08EFh -ASFR18=0900h-096Fh \
  -ASFR19=0980h-09EFh -ASFR20=0A00h-0A6Fh -ASFR21=0A80h-0AEFh \
  -ASFR22=0B00h-0B6Fh -ASFR23=0B80h-0BEFh -ASFR24=0C00h-0C6Fh \
  -ASFR25=0C80h-0CEFh -ASFR26=0D00h-0D6Fh -ASFR27=0D80h-0DEFh \
  -ASFR28=0E00h-0E6Fh -ASFR29=0E80h-0EEFh -ASFR30=0F00h-0F6Fh \
  -ASFR31=0F80h-0FEFh -ASFR32=01000h-0106Fh -ASFR33=01080h-010EFh \
  -ASFR34=01100h-0116Fh -ASFR35=01180h-011EFh -ASFR36=01200h-0126Fh \
  -ASFR37=01280h-012EFh -ASFR38=01300h-0136Fh -ASFR39=01380h-013EFh \
  -ASFR40=01400h-0146Fh -ASFR41=01480h-014EFh -ASFR42=01500h-0156Fh \
  -ASFR43=01580h-015EFh -ASFR44=01600h-0166Fh -ASFR45=01680h-016EFh \
  -ASFR46=01700h-0176Fh -ASFR47=01780h-017EFh -ASFR48=01800h-0186Fh \
  -ASFR49=01880h-018EFh -ASFR50=01900h-0196Fh -ASFR51=01980h-019EFh \
  -ASFR52=01A00h-01A6Fh -ASFR53=01A80h-01AEFh -ASFR54=01B00h-01B6Fh \
  -ASFR55=01B80h-01BEFh -ASFR56=01C00h-01C6Fh -ASFR57=01C80h-01CEFh \
  -ASFR58=01D00h-01D6Fh -ASFR59=01D80h-01DEFh -ASFR60=01E00h-01E6Fh \
  -ASFR61=01E80h-01EEFh -ASFR62=01F00h-01F6Fh -ASFR63=01F80h-01FEFh \
  -ACONFIG=08007h-0800Bh -DCONFIG=2 -AIDLOC=08000h-08003h -DIDLOC=2 \
  -DCODE=2 -DSTRCODE=2 -DSTRING=2 -DCONST=2 -DENTRY=2 \
  -preset_vec=00h,intentry=04h,sivt,init,end_init -ppowerup=CODE \
  -pcinit=CODE -pfunctab=ENTRY -k \
  C:\Users\Abhinav\AppData\Local\Temp\xcAs6qo.\driver_tmp_12.o \
  dist/default/production\E-Fuse_HVMCU.X.production.o 

Object code version is 3.11

Machine type is 16F15345



                Name                               Link     Load   Length Selector   Space Scale
C:\Users\Abhinav\AppData\Local\Temp\xcAs6qo.\driver_tmp_12.o
                end_init                             25       25        2        8       0
                reset_vec                             0        0        2        0       0
                config                             8007     8007        5        0       4
dist/default/production\E-Fuse_HVMCU.X.production.o
                cinit                                27       27       1F        8       0
                intentry                              4        4       21        8       0
                config                             8007     8007        5        0       4
                text39                              3DA      3DA        3        8       0
                text38                              292      292       1B        8       0
                text37                              370      370        D        8       0
                text36                              3D7      3D7        3        8       0
                text35                              3D4      3D4        3        8       0
                text34                              333      333       11        8       0
                text33                              362      362        E        8       0
                text32                              3D1      3D1        3        8       0
                text31                              3CE      3CE        3        8       0
                text30                              11E      11E       5E        8       0
                text29                               46       46       79        8       0
                text28                              3DD      3DD        1        8       0
                text27                              276      276       1C        8       0
                text25                              3CB      3CB        3        8       0
                text24                              3C8      3C8        3        8       0
                text23                              2E0      2E0       19        8       0
                text22                              354      354        E        8       0
                text21                              3C5      3C5        3        8       0
                text20                              3C2      3C2        3        8       0
                text19                               BF       BF       5F        8       0
                text18                              17C      17C       5A        8       0
                text17                              3B3      3B3        6        8       0
                text16                              255      255       21        8       0
                text15                              399      399        8        8       0
                text14                              30E      30E       14        8       0
                text13                              2F9      2F9       15        8       0
                text12                              322      322       11        8       0
                text11                              344      344       10        8       0
                text10                              387      387        A        8       0
                text9                               3AD      3AD        6        8       0
                text8                               3BE      3BE        4        8       0
                text7                               37D      37D        A        8       0
                text6                               22B      22B       2A        8       0
                text5                               391      391        8        8       0
                text4                               3A7      3A7        6        8       0
                text3                               2AD      2AD       1A        8       0
                text2                               2C7      2C7       19        8       0
                text1                               1D6      1D6       2B        8       0
                maintext                            201      201       2A        8       0
                cstackBANK0                          37       37        9       20       1
                cstackCOMMON                         75       75        5       70       1
                clrtext                             3A1      3A1        6        8       0
                dataBANK0                            40       40        5       20       1
                bssBANK0                             20       20       17       20       1
                bssCOMMON                            70       70        5       70       1
                nvBANK0                              45       45        2       20       1
                idataBANK0                          3B9      3B9        5        8       0

TOTAL           Name                               Link     Load   Length     Space
        CLASS   CODE           
                end_init                             25       25        2         0
                cinit                                27       27       1F         0
                intentry                              4        4       21         0
                reset_vec                             0        0        2         0
                text39                              3DA      3DA        3         0
                text38                              292      292       1B         0
                text37                              370      370        D         0
                text36                              3D7      3D7        3         0
                text35                              3D4      3D4        3         0
                text34                              333      333       11         0
                text33                              362      362        E         0
                text32                              3D1      3D1        3         0
                text31                              3CE      3CE        3         0
                text30                              11E      11E       5E         0
                text29                               46       46       79         0
                text28                              3DD      3DD        1         0
                text27                              276      276       1C         0
                text25                              3CB      3CB        3         0
                text24                              3C8      3C8        3         0
                text23                              2E0      2E0       19         0
                text22                              354      354        E         0
                text21                              3C5      3C5        3         0
                text20                              3C2      3C2        3         0
                text19                               BF       BF       5F         0
                text18                              17C      17C       5A         0
                text17                              3B3      3B3        6         0
                text16                              255      255       21         0
                text15                              399      399        8         0
                text14                              30E      30E       14         0
                text13                              2F9      2F9       15         0
                text12                              322      322       11         0
                text11                              344      344       10         0
                text10                              387      387        A         0
                text9                               3AD      3AD        6         0
                text8                               3BE      3BE        4         0
                text7                               37D      37D        A         0
                text6                               22B      22B       2A         0
                text5                               391      391        8         0
                text4                               3A7      3A7        6         0
                text3                               2AD      2AD       1A         0
                text2                               2C7      2C7       19         0
                text1                               1D6      1D6       2B         0
                maintext                            201      201       2A         0
                clrtext                             3A1      3A1        6         0
                idataBANK0                          3B9      3B9        5         0

        CLASS   STRCODE        

        CLASS   STRING         

        CLASS   CONST          

        CLASS   ENTRY          

        CLASS   COMMON         
                cstackCOMMON                         75       75        5         1
                bssCOMMON                            70       70        5         1

        CLASS   BANK0          
                cstackBANK0                          37       37        9         1
                dataBANK0                            40       40        5         1
                bssBANK0                             20       20       17         1
                nvBANK0                              45       45        2         1

        CLASS   BANK1          

        CLASS   BANK2          

        CLASS   BANK3          

        CLASS   BANK4          

        CLASS   BANK5          

        CLASS   BANK6          

        CLASS   BANK7          

        CLASS   BANK8          

        CLASS   BANK9          

        CLASS   BANK10         

        CLASS   BANK11         

        CLASS   BANK12         

        CLASS   BIGRAM         

        CLASS   RAM            

        CLASS   ABS1           
                abs_s1                               7E       7E        2         1

        CLASS   SFR0           

        CLASS   SFR1           

        CLASS   SFR2           

        CLASS   SFR3           

        CLASS   SFR4           

        CLASS   SFR5           

        CLASS   SFR6           

        CLASS   SFR7           

        CLASS   SFR8           

        CLASS   SFR9           

        CLASS   SFR10          

        CLASS   SFR11          

        CLASS   SFR12          

        CLASS   SFR13          

        CLASS   SFR14          

        CLASS   SFR15          

        CLASS   SFR16          

        CLASS   SFR17          

        CLASS   SFR18          

        CLASS   SFR19          

        CLASS   SFR20          

        CLASS   SFR21          

        CLASS   SFR22          

        CLASS   SFR23          

        CLASS   SFR24          

        CLASS   SFR25          

        CLASS   SFR26          

        CLASS   SFR27          

        CLASS   SFR28          

        CLASS   SFR29          

        CLASS   SFR30          

        CLASS   SFR31          

        CLASS   SFR32          

        CLASS   SFR33          

        CLASS   SFR34          

        CLASS   SFR35          

        CLASS   SFR36          

        CLASS   SFR37          

        CLASS   SFR38          

        CLASS   SFR39          

        CLASS   SFR40          

        CLASS   SFR41          

        CLASS   SFR42          

        CLASS   SFR43          

        CLASS   SFR44          

        CLASS   SFR45          

        CLASS   SFR46          

        CLASS   SFR47          

        CLASS   SFR48          

        CLASS   SFR49          

        CLASS   SFR50          

        CLASS   SFR51          

        CLASS   SFR52          

        CLASS   SFR53          

        CLASS   SFR54          

        CLASS   SFR55          

        CLASS   SFR56          

        CLASS   SFR57          

        CLASS   SFR58          

        CLASS   SFR59          

        CLASS   SFR60          

        CLASS   SFR61          

        CLASS   SFR62          

        CLASS   SFR63          

        CLASS   CONFIG         
                config                             8007     8007        5         4

        CLASS   IDLOC          

        CLASS   BANK63         

        CLASS   BANK62         

        CLASS   BANK61         

        CLASS   BANK60         

        CLASS   BANK59         

        CLASS   BANK58         

        CLASS   BANK57         

        CLASS   BANK56         

        CLASS   BANK55         

        CLASS   BANK54         

        CLASS   BANK53         

        CLASS   BANK52         

        CLASS   BANK51         

        CLASS   BANK50         

        CLASS   BANK49         

        CLASS   BANK48         

        CLASS   BANK47         

        CLASS   BANK46         

        CLASS   BANK45         

        CLASS   BANK44         

        CLASS   BANK43         

        CLASS   BANK42         

        CLASS   BANK41         

        CLASS   BANK40         

        CLASS   BANK39         

        CLASS   BANK38         

        CLASS   BANK37         

        CLASS   BANK36         

        CLASS   BANK35         

        CLASS   BANK34         

        CLASS   BANK33         

        CLASS   BANK32         

        CLASS   BANK31         

        CLASS   BANK30         

        CLASS   BANK29         

        CLASS   BANK28         

        CLASS   BANK27         

        CLASS   BANK26         

        CLASS   BANK25         

        CLASS   BANK24         

        CLASS   BANK23         

        CLASS   BANK22         

        CLASS   BANK21         

        CLASS   BANK20         

        CLASS   BANK19         

        CLASS   BANK18         

        CLASS   BANK17         

        CLASS   BANK16         

        CLASS   BANK15         

        CLASS   BANK14         

        CLASS   BANK13         

        CLASS   HEAP           

        CLASS   STACK          

        CLASS   EEDATA         



SEGMENTS        Name                           Load    Length   Top    Selector   Space  Class     Delta

                reset_vec                      000000  000002  000002         0       0  CODE        2
                intentry                       000004  0003DA  0003DE         8       0  CODE        2
                bssBANK0                       000020  000027  000047        20       1  BANK0       1
                bssCOMMON                      000070  00000A  00007A        70       1  COMMON      1


UNUSED ADDRESS RANGES

        Name                Unused          Largest block    Delta
        BANK0            00047-0006F              29           1
        BANK1            000A0-000EF              50           1
        BANK10           00520-0056F              50           1
        BANK11           005A0-005EF              50           1
        BANK12           00620-0064F              30           1
        BANK2            00120-0016F              50           1
        BANK3            001A0-001EF              50           1
        BANK4            00220-0026F              50           1
        BANK5            002A0-002EF              50           1
        BANK6            00320-0036F              50           1
        BANK7            003A0-003EF              50           1
        BANK8            00420-0046F              50           1
        BANK9            004A0-004EF              50           1
        BIGRAM           02000-023EF             3F0           1
        CODE             00002-00003               2           2
                         003DE-01FFF             800
        COMMON           0007A-0007D               4           1
        CONST            00002-00003               2           2
                         003DE-01FFF             100
        ENTRY            00002-00003               2           2
                         003DE-01FFF             100
        IDLOC            08000-08003               4           2
        RAM              00047-0006F              29           1
                         000A0-000EF              50
                         00120-0016F              50
                         001A0-001EF              50
                         00220-0026F              50
                         002A0-002EF              50
                         00320-0036F              50
                         003A0-003EF              50
                         00420-0046F              50
                         004A0-004EF              50
                         00520-0056F              50
                         005A0-005EF              50
                         00620-0064F              30
        SFR0             00000-0001F              20           1
        SFR1             00080-0009F              20           1
        SFR10            00500-0051F              20           1
        SFR11            00580-0059F              20           1
        SFR12            00600-0061F              20           1
        SFR13            00680-006EF              70           1
        SFR14            00700-0076F              70           1
        SFR15            00780-007EF              70           1
        SFR16            00800-0086F              70           1
        SFR17            00880-008EF              70           1
        SFR18            00900-0096F              70           1
        SFR19            00980-009EF              70           1
        SFR2             00100-0011F              20           1
        SFR20            00A00-00A6F              70           1
        SFR21            00A80-00AEF              70           1
        SFR22            00B00-00B6F              70           1
        SFR23            00B80-00BEF              70           1
        SFR24            00C00-00C6F              70           1
        SFR25            00C80-00CEF              70           1
        SFR26            00D00-00D6F              70           1
        SFR27            00D80-00DEF              70           1
        SFR28            00E00-00E6F              70           1
        SFR29            00E80-00EEF              70           1
        SFR3             00180-0019F              20           1
        SFR30            00F00-00F6F              70           1
        SFR31            00F80-00FEF              70           1
        SFR32            01000-0106F              70           1
        SFR33            01080-010EF              70           1
        SFR34            01100-0116F              70           1
        SFR35            01180-011EF              70           1
        SFR36            01200-0126F              70           1
        SFR37            01280-012EF              70           1
        SFR38            01300-0136F              70           1
        SFR39            01380-013EF              70           1
        SFR4             00200-0021F              20           1
        SFR40            01400-0146F              70           1
        SFR41            01480-014EF              70           1
        SFR42            01500-0156F              70           1
        SFR43            01580-015EF              70           1
        SFR44            01600-0166F              70           1
        SFR45            01680-016EF              70           1
        SFR46            01700-0176F              70           1
        SFR47            01780-017EF              70           1
        SFR48            01800-0186F              70           1
        SFR49            01880-018EF              70           1
        SFR5             00280-0029F              20           1
        SFR50            01900-0196F              70           1
        SFR51            01980-019EF              70           1
        SFR52            01A00-01A6F              70           1
        SFR53            01A80-01AEF              70           1
        SFR54            01B00-01B6F              70           1
        SFR55            01B80-01BEF              70           1
        SFR56            01C00-01C6F              70           1
        SFR57            01C80-01CEF              70           1
        SFR58            01D00-01D6F              70           1
        SFR59            01D80-01DEF              70           1
        SFR6             00300-0031F              20           1
        SFR60            01E00-01E6F              70           1
        SFR61            01E80-01EEF              70           1
        SFR62            01F00-01F6F              70           1
        SFR63            01F80-01FEF              70           1
        SFR7             00380-0039F              20           1
        SFR8             00400-0041F              20           1
        SFR9             00480-0049F              20           1
        STRCODE          00002-00003               2           2
                         003DE-01FFF            1C22
        STRING           00002-00003               2           2
                         003DE-01FFF             100

                                  Symbol Table

?_ADC_GetConversion                       cstackCOMMON 00075
ADC_GetConversion@channel                 cstackCOMMON 00078
ADC_SelectChannel@channel                 cstackCOMMON 00076
CmdOutput@enable                          cstackBANK0  0003B
TMR0_SetInterruptHandler@InterruptHandler cstackBANK0  00037
TMR1_WriteTimer@timerVal                  cstackBANK0  00037
_ADCON0                                   (abs)        0009D
_ADCON0bits                               (abs)        0009D
_ADCON1                                   (abs)        0009E
_ADC_GetConversion                        text38       00292
_ADC_Initialize                           text15       00399
_ADC_SelectChannel                        text37       00370
_ADRESH                                   (abs)        0009C
_ADRESL                                   (abs)        0009B
_ANSELA                                   (abs)        01F38
_ANSELB                                   (abs)        01F43
_ANSELC                                   (abs)        01F4E
_CLC1CON                                  (abs)        01E10
_CLC1CONbits                              (abs)        01E10
_CLC1GLS0                                 (abs)        01E16
_CLC1GLS1                                 (abs)        01E17
_CLC1GLS1bits                             (abs)        01E17
_CLC1GLS2                                 (abs)        01E18
_CLC1GLS3                                 (abs)        01E19
_CLC1GLS3bits                             (abs)        01E19
_CLC1POL                                  (abs)        01E11
_CLC1POLbits                              (abs)        01E11
_CLC1SEL0                                 (abs)        01E12
_CLC1SEL1                                 (abs)        01E13
_CLC1SEL2                                 (abs)        01E14
_CLC1SEL3                                 (abs)        01E15
_CLC1_Initialize                          text14       0030E
_CLC2CON                                  (abs)        01E1A
_CLC2CONbits                              (abs)        01E1A
_CLC2GLS0                                 (abs)        01E20
_CLC2GLS1                                 (abs)        01E21
_CLC2GLS2                                 (abs)        01E22
_CLC2GLS3                                 (abs)        01E23
_CLC2POL                                  (abs)        01E1B
_CLC2POLbits                              (abs)        01E1B
_CLC2SEL0                                 (abs)        01E1C
_CLC2SEL1                                 (abs)        01E1D
_CLC2SEL2                                 (abs)        01E1E
_CLC2SEL3                                 (abs)        01E1F
_CLC2_ISR                                 text39       003DA
_CLC2_Initialize                          text13       002F9
_CLC3CON                                  (abs)        01E24
_CLC3CONbits                              (abs)        01E24
_CLC3GLS0                                 (abs)        01E2A
_CLC3GLS1                                 (abs)        01E2B
_CLC3GLS2                                 (abs)        01E2C
_CLC3GLS3                                 (abs)        01E2D
_CLC3POL                                  (abs)        01E25
_CLC3SEL0                                 (abs)        01E26
_CLC3SEL1                                 (abs)        01E27
_CLC3SEL2                                 (abs)        01E28
_CLC3SEL3                                 (abs)        01E29
_CLC3_Initialize                          text12       00322
_CLC4CON                                  (abs)        01E2E
_CLC4CONbits                              (abs)        01E2E
_CLC4GLS0                                 (abs)        01E34
_CLC4GLS1                                 (abs)        01E35
_CLC4GLS2                                 (abs)        01E36
_CLC4GLS3                                 (abs)        01E37
_CLC4POL                                  (abs)        01E2F
_CLC4SEL0                                 (abs)        01E30
_CLC4SEL1                                 (abs)        01E31
_CLC4SEL2                                 (abs)        01E32
_CLC4SEL3                                 (abs)        01E33
_CLC4_Initialize                          text11       00344
_CLCDATAbits                              (abs)        01E0F
_CLCIN0PPS                                (abs)        01EBB
_CM2CON0                                  (abs)        00994
_CM2CON0bits                              (abs)        00994
_CM2CON1                                  (abs)        00995
_CM2NCH                                   (abs)        00996
_CM2PCH                                   (abs)        00997
_CMP2_Initialize                          text10       00387
_CmdOutput                                text19       000BF
_DAC1CON0                                 (abs)        0090E
_DAC1CON1                                 (abs)        0090F
_DAC1CON1bits                             (abs)        0090F
_DAC1_Initialize                          text9        003AD
_EFuse                                    text18       0017C
_EFuseInit                                text16       00255
_FVRCON                                   (abs)        0090C
_FVRCONbits                               (abs)        0090C
_FVR_Initialize                           text8        003BE
_INLVLA                                   (abs)        01F3C
_INLVLB                                   (abs)        01F47
_INLVLC                                   (abs)        01F52
_INTCONbits                               (abs)        0000B
_INTERRUPT_InterruptManager               intentry     00004
_LATA                                     (abs)        00018
_LATB                                     (abs)        00019
_LATC                                     (abs)        0001A
_ODCONA                                   (abs)        01F3A
_ODCONB                                   (abs)        01F45
_ODCONC                                   (abs)        01F50
_OSCCON1                                  (abs)        0088D
_OSCCON3                                  (abs)        0088F
_OSCEN                                    (abs)        00891
_OSCFRQ                                   (abs)        00893
_OSCILLATOR_Initialize                    text7        0037D
_OSCSTAT                                  (abs)        00890
_OSCTUNE                                  (abs)        00892
_PIE0bits                                 (abs)        00716
_PIE5bits                                 (abs)        0071B
_PIN_MANAGER_Initialize                   text6        0022B
_PIR0bits                                 (abs)        0070C
_PIR2bits                                 (abs)        0070E
_PIR4bits                                 (abs)        00710
_PIR5bits                                 (abs)        00711
_PMD0                                     (abs)        00796
_PMD1                                     (abs)        00797
_PMD2                                     (abs)        00798
_PMD3                                     (abs)        00799
_PMD4                                     (abs)        0079A
_PMD5                                     (abs)        0079B
_PMD_Initialize                           text5        00391
_PR2                                      (abs)        0028D
_ProcessAnalogInputs                      text29       00046
_RC6PPS                                   (abs)        01F26
_RC7PPS                                   (abs)        01F27
_SLRCONA                                  (abs)        01F3B
_SLRCONB                                  (abs)        01F46
_SLRCONC                                  (abs)        01F51
_SYSTEM_Initialize                        text1        001D6
_T0CON0                                   (abs)        0059E
_T0CON0bits                               (abs)        0059E
_T0CON1                                   (abs)        0059F
_T1CLK                                    (abs)        00211
_T1CON                                    (abs)        0020E
_T1CONbits                                (abs)        0020E
_T1GATE                                   (abs)        00210
_T1GCON                                   (abs)        0020F
_T1GCONbits                               (abs)        0020F
_T2CLKCON                                 (abs)        00290
_T2CON                                    (abs)        0028E
_T2CONbits                                (abs)        0028E
_T2HLT                                    (abs)        0028F
_T2HLTbits                                (abs)        0028F
_T2PR                                     (abs)        0028D
_T2RST                                    (abs)        00291
_T2RSTbits                                (abs)        00291
_T2TMR                                    (abs)        0028C
_TMR0H                                    (abs)        0059D
_TMR0L                                    (abs)        0059C
_TMR0_DefaultInterruptHandler             text28       003DD
_TMR0_ISR                                 text27       00276
_TMR0_Initialize                          text3        002AD
_TMR0_InterruptHandler                    nvBANK0      00045
_TMR0_Reload                              text17       003B3
_TMR0_SetInterruptHandler                 text4        003A7
_TMR1H                                    (abs)        0020D
_TMR1L                                    (abs)        0020C
_TMR1_Initialize                          text2        002C7
_TMR1_StartTimer                          text25       003CB
_TMR1_StopTimer                           text24       003C8
_TMR1_WriteTimer                          text23       002E0
_TMR2                                     (abs)        0028C
_TMR2_Initialize                          text22       00354
_TMR2_Start                               text21       003C5
_TMR2_Stop                                text20       003C2
_TRISA                                    (abs)        00012
_TRISB                                    (abs)        00013
_TRISC                                    (abs)        00014
_TRISCbits                                (abs)        00014
_WPUA                                     (abs)        01F39
_WPUB                                     (abs)        01F44
_WPUC                                     (abs)        01F4F
__H__absolute__                           __absolute__ 00000
__Habs1                                   abs1         00000
__Hbank0                                  bank0        00000
__Hbank1                                  bank1        00000
__Hbank10                                 bank10       00000
__Hbank11                                 bank11       00000
__Hbank12                                 bank12       00000
__Hbank13                                 bank13       00000
__Hbank14                                 bank14       00000
__Hbank15                                 bank15       00000
__Hbank16                                 bank16       00000
__Hbank17                                 bank17       00000
__Hbank18                                 bank18       00000
__Hbank19                                 bank19       00000
__Hbank2                                  bank2        00000
__Hbank20                                 bank20       00000
__Hbank21                                 bank21       00000
__Hbank22                                 bank22       00000
__Hbank23                                 bank23       00000
__Hbank24                                 bank24       00000
__Hbank25                                 bank25       00000
__Hbank26                                 bank26       00000
__Hbank27                                 bank27       00000
__Hbank28                                 bank28       00000
__Hbank29                                 bank29       00000
__Hbank3                                  bank3        00000
__Hbank30                                 bank30       00000
__Hbank31                                 bank31       00000
__Hbank32                                 bank32       00000
__Hbank33                                 bank33       00000
__Hbank34                                 bank34       00000
__Hbank35                                 bank35       00000
__Hbank36                                 bank36       00000
__Hbank37                                 bank37       00000
__Hbank38                                 bank38       00000
__Hbank39                                 bank39       00000
__Hbank4                                  bank4        00000
__Hbank40                                 bank40       00000
__Hbank41                                 bank41       00000
__Hbank42                                 bank42       00000
__Hbank43                                 bank43       00000
__Hbank44                                 bank44       00000
__Hbank45                                 bank45       00000
__Hbank46                                 bank46       00000
__Hbank47                                 bank47       00000
__Hbank48                                 bank48       00000
__Hbank49                                 bank49       00000
__Hbank5                                  bank5        00000
__Hbank50                                 bank50       00000
__Hbank51                                 bank51       00000
__Hbank52                                 bank52       00000
__Hbank53                                 bank53       00000
__Hbank54                                 bank54       00000
__Hbank55                                 bank55       00000
__Hbank56                                 bank56       00000
__Hbank57                                 bank57       00000
__Hbank58                                 bank58       00000
__Hbank59                                 bank59       00000
__Hbank6                                  bank6        00000
__Hbank60                                 bank60       00000
__Hbank61                                 bank61       00000
__Hbank62                                 bank62       00000
__Hbank63                                 bank63       00000
__Hbank7                                  bank7        00000
__Hbank8                                  bank8        00000
__Hbank9                                  bank9        00000
__Hbigram                                 bigram       00000
__HbssBANK0                               bssBANK0     00000
__HbssCOMMON                              bssCOMMON    00000
__Hcinit                                  cinit        00046
__Hclrtext                                clrtext      00000
__Hcode                                   code         00000
__Hcommon                                 common       00000
__Hconfig                                 config       0800C
__HcstackBANK0                            cstackBANK0  00000
__HcstackCOMMON                           cstackCOMMON 00000
__HdataBANK0                              dataBANK0    00000
__Heeprom_data                            eeprom_data  00000
__Hend_init                               end_init     00027
__Hfunctab                                functab      00000
__Hheap                                   heap         00000
__HidataBANK0                             idataBANK0   00000
__Hinit                                   init         00025
__Hintentry                               intentry     00025
__Hmaintext                               maintext     00000
__HnvBANK0                                nvBANK0      00000
__Hpowerup                                powerup      00000
__Hram                                    ram          00000
__Hreset_vec                              reset_vec    00002
__Hsfr0                                   sfr0         00000
__Hsfr1                                   sfr1         00000
__Hsfr10                                  sfr10        00000
__Hsfr11                                  sfr11        00000
__Hsfr12                                  sfr12        00000
__Hsfr13                                  sfr13        00000
__Hsfr14                                  sfr14        00000
__Hsfr15                                  sfr15        00000
__Hsfr16                                  sfr16        00000
__Hsfr17                                  sfr17        00000
__Hsfr18                                  sfr18        00000
__Hsfr19                                  sfr19        00000
__Hsfr2                                   sfr2         00000
__Hsfr20                                  sfr20        00000
__Hsfr21                                  sfr21        00000
__Hsfr22                                  sfr22        00000
__Hsfr23                                  sfr23        00000
__Hsfr24                                  sfr24        00000
__Hsfr25                                  sfr25        00000
__Hsfr26                                  sfr26        00000
__Hsfr27                                  sfr27        00000
__Hsfr28                                  sfr28        00000
__Hsfr29                                  sfr29        00000
__Hsfr3                                   sfr3         00000
__Hsfr30                                  sfr30        00000
__Hsfr31                                  sfr31        00000
__Hsfr32                                  sfr32        00000
__Hsfr33                                  sfr33        00000
__Hsfr34                                  sfr34        00000
__Hsfr35                                  sfr35        00000
__Hsfr36                                  sfr36        00000
__Hsfr37                                  sfr37        00000
__Hsfr38                                  sfr38        00000
__Hsfr39                                  sfr39        00000
__Hsfr4                                   sfr4         00000
__Hsfr40                                  sfr40        00000
__Hsfr41                                  sfr41        00000
__Hsfr42                                  sfr42        00000
__Hsfr43                                  sfr43        00000
__Hsfr44                                  sfr44        00000
__Hsfr45                                  sfr45        00000
__Hsfr46                                  sfr46        00000
__Hsfr47                                  sfr47        00000
__Hsfr48                                  sfr48        00000
__Hsfr49                                  sfr49        00000
__Hsfr5                                   sfr5         00000
__Hsfr50                                  sfr50        00000
__Hsfr51                                  sfr51        00000
__Hsfr52                                  sfr52        00000
__Hsfr53                                  sfr53        00000
__Hsfr54                                  sfr54        00000
__Hsfr55                                  sfr55        00000
__Hsfr56                                  sfr56        00000
__Hsfr57                                  sfr57        00000
__Hsfr58                                  sfr58        00000
__Hsfr59                                  sfr59        00000
__Hsfr6                                   sfr6         00000
__Hsfr60                                  sfr60        00000
__Hsfr61                                  sfr61        00000
__Hsfr62                                  sfr62        00000
__Hsfr63                                  sfr63        00000
__Hsfr7                                   sfr7         00000
__Hsfr8                                   sfr8         00000
__Hsfr9                                   sfr9         00000
__Hsivt                                   sivt         00025
__Hspace_0                                (abs)        003DE
__Hspace_1                                (abs)        0007A
__Hspace_2                                (abs)        00000
__Hspace_3                                (abs)        00000
__Hspace_4                                (abs)        10013
__Hstack                                  stack        00000
__Hstrings                                strings      00000
__Htext                                   text         00000
__L__absolute__                           __absolute__ 00000
__Labs1                                   abs1         00000
__Lbank0                                  bank0        00000
__Lbank1                                  bank1        00000
__Lbank10                                 bank10       00000
__Lbank11                                 bank11       00000
__Lbank12                                 bank12       00000
__Lbank13                                 bank13       00000
__Lbank14                                 bank14       00000
__Lbank15                                 bank15       00000
__Lbank16                                 bank16       00000
__Lbank17                                 bank17       00000
__Lbank18                                 bank18       00000
__Lbank19                                 bank19       00000
__Lbank2                                  bank2        00000
__Lbank20                                 bank20       00000
__Lbank21                                 bank21       00000
__Lbank22                                 bank22       00000
__Lbank23                                 bank23       00000
__Lbank24                                 bank24       00000
__Lbank25                                 bank25       00000
__Lbank26                                 bank26       00000
__Lbank27                                 bank27       00000
__Lbank28                                 bank28       00000
__Lbank29                                 bank29       00000
__Lbank3                                  bank3        00000
__Lbank30                                 bank30       00000
__Lbank31                                 bank31       00000
__Lbank32                                 bank32       00000
__Lbank33                                 bank33       00000
__Lbank34                                 bank34       00000
__Lbank35                                 bank35       00000
__Lbank36                                 bank36       00000
__Lbank37                                 bank37       00000
__Lbank38                                 bank38       00000
__Lbank39                                 bank39       00000
__Lbank4                                  bank4        00000
__Lbank40                                 bank40       00000
__Lbank41                                 bank41       00000
__Lbank42                                 bank42       00000
__Lbank43                                 bank43       00000
__Lbank44                                 bank44       00000
__Lbank45                                 bank45       00000
__Lbank46                                 bank46       00000
__Lbank47                                 bank47       00000
__Lbank48                                 bank48       00000
__Lbank49                                 bank49       00000
__Lbank5                                  bank5        00000
__Lbank50                                 bank50       00000
__Lbank51                                 bank51       00000
__Lbank52                                 bank52       00000
__Lbank53                                 bank53       00000
__Lbank54                                 bank54       00000
__Lbank55                                 bank55       00000
__Lbank56                                 bank56       00000
__Lbank57                                 bank57       00000
__Lbank58                                 bank58       00000
__Lbank59                                 bank59       00000
__Lbank6                                  bank6        00000
__Lbank60                                 bank60       00000
__Lbank61                                 bank61       00000
__Lbank62                                 bank62       00000
__Lbank63                                 bank63       00000
__Lbank7                                  bank7        00000
__Lbank8                                  bank8        00000
__Lbank9                                  bank9        00000
__Lbigram                                 bigram       00000
__LbssBANK0                               bssBANK0     00000
__LbssCOMMON                              bssCOMMON    00000
__Lcinit                                  cinit        00027
__Lclrtext                                clrtext      00000
__Lcode                                   code         00000
__Lcommon                                 common       00000
__Lconfig                                 config       00000
__LcstackBANK0                            cstackBANK0  00000
__LcstackCOMMON                           cstackCOMMON 00000
__LdataBANK0                              dataBANK0    00000
__Leeprom_data                            eeprom_data  00000
__Lend_init                               end_init     00025
__Lfunctab                                functab      00000
__Lheap                                   heap         00000
__LidataBANK0                             idataBANK0   00000
__Linit                                   init         00025
__Lintentry                               intentry     00004
__Lmaintext                               maintext     00000
__LnvBANK0                                nvBANK0      00000
__Lpowerup                                powerup      00000
__Lram                                    ram          00000
__Lreset_vec                              reset_vec    00000
__Lsfr0                                   sfr0         00000
__Lsfr1                                   sfr1         00000
__Lsfr10                                  sfr10        00000
__Lsfr11                                  sfr11        00000
__Lsfr12                                  sfr12        00000
__Lsfr13                                  sfr13        00000
__Lsfr14                                  sfr14        00000
__Lsfr15                                  sfr15        00000
__Lsfr16                                  sfr16        00000
__Lsfr17                                  sfr17        00000
__Lsfr18                                  sfr18        00000
__Lsfr19                                  sfr19        00000
__Lsfr2                                   sfr2         00000
__Lsfr20                                  sfr20        00000
__Lsfr21                                  sfr21        00000
__Lsfr22                                  sfr22        00000
__Lsfr23                                  sfr23        00000
__Lsfr24                                  sfr24        00000
__Lsfr25                                  sfr25        00000
__Lsfr26                                  sfr26        00000
__Lsfr27                                  sfr27        00000
__Lsfr28                                  sfr28        00000
__Lsfr29                                  sfr29        00000
__Lsfr3                                   sfr3         00000
__Lsfr30                                  sfr30        00000
__Lsfr31                                  sfr31        00000
__Lsfr32                                  sfr32        00000
__Lsfr33                                  sfr33        00000
__Lsfr34                                  sfr34        00000
__Lsfr35                                  sfr35        00000
__Lsfr36                                  sfr36        00000
__Lsfr37                                  sfr37        00000
__Lsfr38                                  sfr38        00000
__Lsfr39                                  sfr39        00000
__Lsfr4                                   sfr4         00000
__Lsfr40                                  sfr40        00000
__Lsfr41                                  sfr41        00000
__Lsfr42                                  sfr42        00000
__Lsfr43                                  sfr43        00000
__Lsfr44                                  sfr44        00000
__Lsfr45                                  sfr45        00000
__Lsfr46                                  sfr46        00000
__Lsfr47                                  sfr47        00000
__Lsfr48                                  sfr48        00000
__Lsfr49                                  sfr49        00000
__Lsfr5                                   sfr5         00000
__Lsfr50                                  sfr50        00000
__Lsfr51                                  sfr51        00000
__Lsfr52                                  sfr52        00000
__Lsfr53                                  sfr53        00000
__Lsfr54                                  sfr54        00000
__Lsfr55                                  sfr55        00000
__Lsfr56                                  sfr56        00000
__Lsfr57                                  sfr57        00000
__Lsfr58                                  sfr58        00000
__Lsfr59                                  sfr59        00000
__Lsfr6                                   sfr6         00000
__Lsfr60                                  sfr60        00000
__Lsfr61                                  sfr61        00000
__Lsfr62                                  sfr62        00000
__Lsfr63                                  sfr63        00000
__Lsfr7                                   sfr7         00000
__Lsfr8                                   sfr8         00000
__Lsfr9                                   sfr9         00000
__Lsivt                                   sivt         00025
__Lspace_0                                (abs)        00000
__Lspace_1                                (abs)        00000
__Lspace_2                                (abs)        00000
__Lspace_3                                (abs)        00000
__Lspace_4                                (abs)        00000
__Lstack                                  stack        00000
__Lstrings                                strings      00000
__Ltext                                   text         00000
__S0                                      (abs)        003DE
__S1                                      (abs)        0007A
___heap_hi                                (abs)        00000
___heap_lo                                (abs)        00000
___int_sp                                 stack        00000
___int_stack_hi                           stack        00000
___int_stack_lo                           stack        00000
___latbits                                (abs)        00002
___sp                                     stack        00000
___stack_hi                               stack        00000
___stack_lo                               stack        00000
___stackhi                                (abs)        00000
___stacklo                                (abs)        00000
__end_of_ADC_GetConversion                text38       002AD
__end_of_ADC_Initialize                   text15       003A1
__end_of_ADC_SelectChannel                text37       0037D
__end_of_CLC1_Initialize                  text14       00322
__end_of_CLC2_ISR                         text39       003DD
__end_of_CLC2_Initialize                  text13       0030E
__end_of_CLC3_Initialize                  text12       00333
__end_of_CLC4_Initialize                  text11       00354
__end_of_CMP2_Initialize                  text10       00391
__end_of_CmdOutput                        text19       0011E
__end_of_DAC1_Initialize                  text9        003B3
__end_of_EFuse                            text18       001D6
__end_of_EFuseInit                        text16       00276
__end_of_FVR_Initialize                   text8        003C2
__end_of_INTERRUPT_InterruptManager       intentry     00025
__end_of_OSCILLATOR_Initialize            text7        00387
__end_of_PIN_MANAGER_Initialize           text6        00255
__end_of_PMD_Initialize                   text5        00399
__end_of_ProcessAnalogInputs              text29       000BF
__end_of_SYSTEM_Initialize                text1        00201
__end_of_TMR0_DefaultInterruptHandler     text28       003DE
__end_of_TMR0_ISR                         text27       00292
__end_of_TMR0_Initialize                  text3        002C7
__end_of_TMR0_Reload                      text17       003B9
__end_of_TMR0_SetInterruptHandler         text4        003AD
__end_of_TMR1_Initialize                  text2        002E0
__end_of_TMR1_StartTimer                  text25       003CE
__end_of_TMR1_StopTimer                   text24       003CB
__end_of_TMR1_WriteTimer                  text23       002F9
__end_of_TMR2_Initialize                  text22       00362
__end_of_TMR2_Start                       text21       003C8
__end_of_TMR2_Stop                        text20       003C5
__end_of__initialization                  cinit        00042
__end_of_main                             maintext     0022B
__end_ofi1_CmdOutput                      text30       0017C
__end_ofi1_TMR1_StartTimer                text36       003DA
__end_ofi1_TMR1_StopTimer                 text35       003D7
__end_ofi1_TMR1_WriteTimer                text34       00344
__end_ofi1_TMR2_Initialize                text33       00370
__end_ofi1_TMR2_Start                     text32       003D4
__end_ofi1_TMR2_Stop                      text31       003D1
__initialization                          cinit        00027
__pbssBANK0                               bssBANK0     00020
__pbssCOMMON                              bssCOMMON    00070
__pcstackBANK0                            cstackBANK0  00037
__pcstackCOMMON                           cstackCOMMON 00075
__pdataBANK0                              dataBANK0    00040
__pidataBANK0                             idataBANK0   003B9
__pintentry                               intentry     00004
__pmaintext                               maintext     00201
__pnvBANK0                                nvBANK0      00045
__ptext1                                  text1        001D6
__ptext10                                 text10       00387
__ptext11                                 text11       00344
__ptext12                                 text12       00322
__ptext13                                 text13       002F9
__ptext14                                 text14       0030E
__ptext15                                 text15       00399
__ptext16                                 text16       00255
__ptext17                                 text17       003B3
__ptext18                                 text18       0017C
__ptext19                                 text19       000BF
__ptext2                                  text2        002C7
__ptext20                                 text20       003C2
__ptext21                                 text21       003C5
__ptext22                                 text22       00354
__ptext23                                 text23       002E0
__ptext24                                 text24       003C8
__ptext25                                 text25       003CB
__ptext27                                 text27       00276
__ptext28                                 text28       003DD
__ptext29                                 text29       00046
__ptext3                                  text3        002AD
__ptext30                                 text30       0011E
__ptext31                                 text31       003CE
__ptext32                                 text32       003D1
__ptext33                                 text33       00362
__ptext34                                 text34       00333
__ptext35                                 text35       003D4
__ptext36                                 text36       003D7
__ptext37                                 text37       00370
__ptext38                                 text38       00292
__ptext39                                 text39       003DA
__ptext4                                  text4        003A7
__ptext5                                  text5        00391
__ptext6                                  text6        0022B
__ptext7                                  text7        0037D
__ptext8                                  text8        003BE
__ptext9                                  text9        003AD
_adcISense_OneMOSFET                      bssBANK0     00026
_adcISense_corr                           bssBANK0     00028
_adcISense_curr                           bssCOMMON    00070
_adcISense_prev                           bssBANK0     00024
_adcVccSense_curr                         bssBANK0     0002C
_adcVccSense_prev                         bssBANK0     0002A
_iSenseOffset                             bssBANK0     00022
_isense_max                               dataBANK0    00042
_main                                     maintext     00201
_outputState                              bssCOMMON    00074
_reduced_drive_time                       bssBANK0     00034
_ticks_1ms                                bssBANK0     0002E
_timer0ReloadVal16bit                     bssCOMMON    00072
_timer1ReloadVal                          bssBANK0     00032
_triggerType                              bssBANK0     00035
btemp                                     (abs)        0007E
clear_ram0                                clrtext      003A1
end_of_initialization                     cinit        00042
i1CmdOutput@enable                        cstackCOMMON 00079
i1TMR1_WriteTimer@timerVal                cstackCOMMON 00075
i1_CmdOutput                              text30       0011E
i1_TMR1_StartTimer                        text36       003D7
i1_TMR1_StopTimer                         text35       003D4
i1_TMR1_WriteTimer                        text34       00333
i1_TMR2_Initialize                        text33       00362
i1_TMR2_Start                             text32       003D1
i1_TMR2_Stop                              text31       003CE
int$flags                                 (abs)        0007E
intlevel0                                 functab      00000
intlevel1                                 functab      00000
intlevel2                                 functab      00000
intlevel3                                 functab      00000
intlevel4                                 functab      00000
intlevel5                                 functab      00000
reset_vec                                 reset_vec    00000
start                                     init         00025
start_initialization                      cinit        00027
wtemp0                                    (abs)        0007E


MODULE INFORMATION

Module		Function		Class		Link	Load	Size
mcc_generated_files/fvr.c
		_FVR_Initialize		CODE           	03BE	0000	4

mcc_generated_files/fvr.c estimated size: 4

mcc_generated_files/tmr2.c
		_TMR2_Initialize		CODE           	0354	0000	14
		_TMR2_Stop     		CODE           	03C2	0000	3
		_TMR2_Start    		CODE           	03C5	0000	3

mcc_generated_files/tmr2.c estimated size: 20

mcc_generated_files/interrupt_manager.c
		_INTERRUPT_InterruptManager		CODE           	0004	0000	33

mcc_generated_files/interrupt_manager.c estimated size: 33

mcc_generated_files/tmr0.c
		_TMR0_SetInterruptHandler		CODE           	03A7	0000	6
		_TMR0_Reload   		CODE           	03B3	0000	6
		_TMR0_DefaultInterruptHandler		CODE           	03DD	0000	1
		_TMR0_ISR      		CODE           	0276	0000	28
		_TMR0_Initialize		CODE           	02AD	0000	26

mcc_generated_files/tmr0.c estimated size: 67

mcc_generated_files/pin_manager.c
		_PIN_MANAGER_Initialize		CODE           	022B	0000	42

mcc_generated_files/pin_manager.c estimated size: 42

mcc_generated_files/clc4.c
		_CLC4_Initialize		CODE           	0344	0000	16

mcc_generated_files/clc4.c estimated size: 16

mcc_generated_files/adc.c
		_ADC_Initialize		CODE           	0399	0000	8
		_ADC_GetConversion		CODE           	0292	0000	27
		_ADC_SelectChannel		CODE           	0370	0000	13

mcc_generated_files/adc.c estimated size: 48

mcc_generated_files/clc2.c
		_CLC2_ISR      		CODE           	03DA	0000	3
		_CLC2_Initialize		CODE           	02F9	0000	21

mcc_generated_files/clc2.c estimated size: 24

mcc_generated_files/cmp2.c
		_CMP2_Initialize		CODE           	0387	0000	10

mcc_generated_files/cmp2.c estimated size: 10

shared
		i1_TMR1_StopTimer		CODE           	03D4	0000	3
		__initialization		CODE           	0027	0000	27
		i1_TMR1_WriteTimer		CODE           	0333	0000	17
		i1_TMR1_StartTimer		CODE           	03D7	0000	3
		i1_TMR2_Stop   		CODE           	03CE	0000	3
		i1_TMR2_Start  		CODE           	03D1	0000	3
		i1_CmdOutput   		CODE           	011E	0000	94
		i1_TMR2_Initialize		CODE           	0362	0000	14

shared estimated size: 164

mcc_generated_files/mcc.c
		_PMD_Initialize		CODE           	0391	0000	8
		_OSCILLATOR_Initialize		CODE           	037D	0000	10
		_SYSTEM_Initialize		CODE           	01D6	0000	43

mcc_generated_files/mcc.c estimated size: 61

mcc_generated_files/tmr1.c
		_TMR1_Initialize		CODE           	02C7	0000	25
		_TMR1_StopTimer		CODE           	03C8	0000	3
		_TMR1_WriteTimer		CODE           	02E0	0000	25
		_TMR1_StartTimer		CODE           	03CB	0000	3

mcc_generated_files/tmr1.c estimated size: 56

mcc_generated_files/dac1.c
		_DAC1_Initialize		CODE           	03AD	0000	6

mcc_generated_files/dac1.c estimated size: 6

efuse.c
		_CmdOutput     		CODE           	00BF	0000	95
		_EFuseInit     		CODE           	0255	0000	33
		_ProcessAnalogInputs		CODE           	0046	0000	121
		_EFuse         		CODE           	017C	0000	90

efuse.c estimated size: 339

main.c
		_main          		CODE           	0201	0000	42

main.c estimated size: 42

mcc_generated_files/clc3.c
		_CLC3_Initialize		CODE           	0322	0000	17

mcc_generated_files/clc3.c estimated size: 17

mcc_generated_files/clc1.c
		_CLC1_Initialize		CODE           	030E	0000	20

mcc_generated_files/clc1.c estimated size: 20

