Microchip MPLAB XC8 Compiler V2.45

Linker command line:

-W-3 \
  --edf=C:\Program Files\Microchip\xc8\v2.45\pic\dat\20230818022343_en.msgs \
  -cn -h+dist/VARIANT_F/production\E-Fuse_HVMCU.X.production.sym \
  --cmf=dist/VARIANT_F/production\E-Fuse_HVMCU.X.production.cmf -z \
  -Q16F15345 -oC:\Users\abhin\AppData\Local\Temp\xcAs87s.\driver_tmp_3.o \
  --defsym=__MPLAB_BUILD=1 --fixupoverflow=error \
  -Mdist/VARIANT_F/production/E-Fuse_HVMCU.X.production.map \
  --md=C:\Users\abhin\AppData\Local\Temp\xcAs87s.\driver_tmp_0.dat -E1 \
  -ver=XC8 Compiler --acfsm=1493 -ACODE=00h-07FFhx4 -ASTRCODE=00h-01FFFh \
  -ASTRING=00h-0FFhx32 -ACONST=00h-0FFhx32 -AENTRY=00h-0FFhx32 \
  -ACOMMON=070h-07Fh -ABANK0=020h-06Fh -ABANK1=0A0h-0EFh \
  -ABANK2=0120h-016Fh -ABANK3=01A0h-01EFh -ABANK4=0220h-026Fh \
  -ABANK5=02A0h-02EFh -ABANK6=0320h-036Fh -ABANK7=03A0h-03EFh \
  -ABANK8=0420h-046Fh -ABANK9=04A0h-04EFh -ABANK10=0520h-056Fh \
  -ABANK11=05A0h-05EFh -ABANK12=0620h-064Fh -ABIGRAM=02000h-023EFh \
  -ARAM=020h-06Fh,0A0h-0EFh,0120h-016Fh,01A0h-01EFh,0220h-026Fh,02A0h-02EFh,0320h-036Fh,03A0h-03EFh,0420h-046Fh,04A0h-04EFh,0520h-056Fh,05A0h-05EFh,0620h-064Fh \
  -AABS1=020h-07Fh,0A0h-0EFh,0120h-016Fh,01A0h-01EFh,0220h-026Fh,02A0h-02EFh,0320h-036Fh,03A0h-03EFh,0420h-046Fh,04A0h-04EFh,0520h-056Fh,05A0h-05EFh,0620h-064Fh \
  -ASFR0=00h-01Fh -ASFR1=080h-09Fh -ASFR2=0100h-011Fh -ASFR3=0180h-019Fh \
  -ASFR4=0200h-021Fh -ASFR5=0280h-029Fh -ASFR6=0300h-031Fh \
  -ASFR7=0380h-039Fh -ASFR8=0400h-041Fh -ASFR9=0480h-049Fh \
  -ASFR10=0500h-051Fh -ASFR11=0580h-059Fh -ASFR12=0600h-061Fh \
  -ASFR13=0680h-06EFh -ASFR14=0700h-076Fh -ASFR15=0780h-07EFh \
  -ASFR16=0800h-086Fh -ASFR17=0880h-08EFh -ASFR18=0900h-096Fh \
  -ASFR19=0980h-09EFh -ASFR20=0A00h-0A6Fh -ASFR21=0A80h-0AEFh \
  -ASFR22=0B00h-0B6Fh -ASFR23=0B80h-0BEFh -ASFR24=0C00h-0C6Fh \
  -ASFR25=0C80h-0CEFh -ASFR26=0D00h-0D6Fh -ASFR27=0D80h-0DEFh \
  -ASFR28=0E00h-0E6Fh -ASFR29=0E80h-0EEFh -ASFR30=0F00h-0F6Fh \
  -ASFR31=0F80h-0FEFh -ASFR32=01000h-0106Fh -ASFR33=01080h-010EFh \
  -ASFR34=01100h-0116Fh -ASFR35=01180h-011EFh -ASFR36=01200h-0126Fh \
  -ASFR37=01280h-012EFh -ASFR38=01300h-0136Fh -ASFR39=01380h-013EFh \
  -ASFR40=01400h-0146Fh -ASFR41=01480h-014EFh -ASFR42=01500h-0156Fh \
  -ASFR43=01580h-015EFh -ASFR44=01600h-0166Fh -ASFR45=01680h-016EFh \
  -ASFR46=01700h-0176Fh -ASFR47=01780h-017EFh -ASFR48=01800h-0186Fh \
  -ASFR49=01880h-018EFh -ASFR50=01900h-0196Fh -ASFR51=01980h-019EFh \
  -ASFR52=01A00h-01A6Fh -ASFR53=01A80h-01AEFh -ASFR54=01B00h-01B6Fh \
  -ASFR55=01B80h-01BEFh -ASFR56=01C00h-01C6Fh -ASFR57=01C80h-01CEFh \
  -ASFR58=01D00h-01D6Fh -ASFR59=01D80h-01DEFh -ASFR60=01E00h-01E6Fh \
  -ASFR61=01E80h-01EEFh -ASFR62=01F00h-01F6Fh -ASFR63=01F80h-01FEFh \
  -ACONFIG=08007h-0800Bh -DCONFIG=2 -AIDLOC=08000h-08003h -DIDLOC=2 \
  -DCODE=2 -DSTRCODE=2 -DSTRING=2 -DCONST=2 -DENTRY=2 \
  -preset_vec=00h,intentry=04h,init,end_init -ppowerup=CODE -pcinit=CODE \
  -pfunctab=ENTRY -k \
  C:\Users\abhin\AppData\Local\Temp\xcAs87s.\driver_tmp_12.o \
  dist/VARIANT_F/production\E-Fuse_HVMCU.X.production.o 

Object code version is 3.11

Machine type is 16F15345



                Name                               Link     Load   Length Selector   Space Scale
C:\Users\abhin\AppData\Local\Temp\xcAs87s.\driver_tmp_12.o
                end_init                             2C       2C        2        8       0
                reset_vec                             0        0        2        0       0
                config                             8007     8007        5        0       4
                idloc                              8000     8000        4        0       5
dist/VARIANT_F/production\E-Fuse_HVMCU.X.production.o
                cinit                                2E       2E       39        8       0
                intentry                              4        4       28        8       0
                config                             8007     8007        5        0       4
                idloc                              8000     8000        4        0       5
                text83                              856      856        2     10AC       0
                text82                              9D4      9D4       16     13A8       0
                text81                              85C      85C        3     10B8       0
                text80                              854      854        1     10A8       0
                text79                              85F      85F        3     10BE       0
                text78                              C86      C86       33     190C       0
                text77                              AAC      AAC       1E     1558       0
                text76                              874      874        5     10E8       0
                text75                              A46      A46       19     148C       0
                text74                              92A      92A        D     1254       0
                text73                              862      862        3     10C4       0
                text72                              865      865        3     10CA       0
                text71                              96D      96D        F     12DA       0
                text70                              951      951        E     12A2       0
                text69                              858      858        2     10B0       0
                text68                              868      868        3     10D0       0
                text67                              D90      D90       5C     1B20       0
                text66                              5AF      5AF       B3      73C       0
                text65                              855      855        1     10AA       0
                text64                              91E      91E        C     123C       0
                text63                              A2E      A2E       18     145C       0
                text61                              86B      86B        3     10D6       0
                text60                              86E      86E        3     10DC       0
                text59                              A00      A00       17     1400       0
                text58                              95F      95F        E     12BE       0
                text57                              85A      85A        2     10B4       0
                text56                              871      871        3     10E2       0
                text55                              DEC      DEC       5D     1BD8       0
                text54                              D41      D41       4F     1A82       0
                text53                              E49      E49       64     1C92       0
                text52                              BC8      BC8       2F     1790       0
                text51                              CFA      CFA       47     19F4       0
                text50                               67       67      1EB        8       0
                text49                              F89      F89       77     1F12       0
                text48                              662      662       8D      73C       0
                text47                              8A0      8A0        8     1140       0
                text46                              B30      B30       23     1660       0
                text45                                2        2        2        0       0
                text44                              97C      97C        F     12F8       0
                text43                              77B      77B       81      EF6       0
                text42                              EAD      EAD       66     1D5A       0
                text41                              A17      A17       17     142E       0
                text40                              879      879        5     10F2       0
                text39                              87E      87E        5     10FC       0
                text38                              ACA      ACA       22     1594       0
                text37                              C26      C26       30     184C       0
                text36                              AEC      AEC       22     15D8       0
                text35                              B76      B76       26     16EC       0
                text34                              F13      F13       76     1E26       0
                text33                              8A8      8A8        8     1150       0
                text32                              937      937        D     126E       0
                text31                              883      883        5     1106       0
                text30                              888      888        6     1110       0
                text29                              B53      B53       23     16A6       0
                text28                              9EA      9EA       16     13D4       0
                text27                              B0E      B0E       22     161C       0
                text26                              39E      39E      10D      73C       0
                text25                              4AB      4AB      104      73C       0
                text24                              8B0      8B0        8     1160       0
                text23                              9AB      9AB       14     1356       0
                text22                              9BF      9BF       15     137E       0
                text21                              99A      99A       11     1334       0
                text20                              98B      98B        F     1316       0
                text19                              900      900        A     1200       0
                text18                              88E      88E        6     111C       0
                text17                              8B8      8B8        8     1170       0
                text16                              8C0      8C0        8     1180       0
                text15                              8C8      8C8        8     1190       0
                text14                              8D0      8D0        8     11A0       0
                text13                              8D8      8D8        8     11B0       0
                text12                              CB9      CB9       41     1972       0
                text11                              7FC      7FC        4      EF6       0
                text10                              8E0      8E0        8     11C0       0
                text9                               8E8      8E8        8     11D0       0
                text8                               A91      A91       1B     1522       0
                text7                               944      944        D     1288       0
                text6                               90A      90A        A     1214       0
                text5                               BF7      BF7       2F     17EE       0
                text4                               8F0      8F0        8     11E0       0
                text3                               A5F      A5F       19     14BE       0
                text2                               A78      A78       19     14F0       0
                text1                               C56      C56       30     18AC       0
                maintext                            B9C      B9C       2C     1738       0
                cstackBANK0                          4E       4E       19       20       1
                cstackCOMMON                         76       76        5       70       1
                cstackBANK2                         120      120       21      120       1
                clrtext                             894      894        6     1128       0
                inittext                            89A      89A        6     1134       0
                bssBANK2                            141      141       20      120       1
                dataBANK1                            E3       E3        A       A0       1
                bssBANK1                             A0       A0       43       A0       1
                dataBANK0                            67       67        8       20       1
                bssBANK0                             20       20       2E       20       1
                bssCOMMON                            70       70        6       70       1
                nvBANK2                             161      161        E      120       1
                nvBANK1                              ED       ED        2       A0       1
                nvBANK0                              6F       6F        1       20       1
                stringtext2                         6EF      6EF       8C      DDE       0
                stringtext1                         252      252      14C      4A4       0
                idataBANK1                          914      914        A     1228       0
                idataBANK0                          8F8      8F8        8     11F0       0

TOTAL           Name                               Link     Load   Length     Space
        CLASS   CODE           
                end_init                             2C       2C        2         0
                cinit                                2E       2E       39         0
                intentry                              4        4       28         0
                reset_vec                             0        0        2         0
                text83                              856      856        2         0
                text82                              9D4      9D4       16         0
                text81                              85C      85C        3         0
                text80                              854      854        1         0
                text79                              85F      85F        3         0
                text78                              C86      C86       33         0
                text77                              AAC      AAC       1E         0
                text76                              874      874        5         0
                text75                              A46      A46       19         0
                text74                              92A      92A        D         0
                text73                              862      862        3         0
                text72                              865      865        3         0
                text71                              96D      96D        F         0
                text70                              951      951        E         0
                text69                              858      858        2         0
                text68                              868      868        3         0
                text67                              D90      D90       5C         0
                text66                              5AF      5AF       B3         0
                text65                              855      855        1         0
                text64                              91E      91E        C         0
                text63                              A2E      A2E       18         0
                text61                              86B      86B        3         0
                text60                              86E      86E        3         0
                text59                              A00      A00       17         0
                text58                              95F      95F        E         0
                text57                              85A      85A        2         0
                text56                              871      871        3         0
                text55                              DEC      DEC       5D         0
                text54                              D41      D41       4F         0
                text53                              E49      E49       64         0
                text52                              BC8      BC8       2F         0
                text51                              CFA      CFA       47         0
                text50                               67       67      1EB         0
                text49                              F89      F89       77         0
                text48                              662      662       8D         0
                text47                              8A0      8A0        8         0
                text46                              B30      B30       23         0
                text45                                2        2        2         0
                text44                              97C      97C        F         0
                text43                              77B      77B       81         0
                text42                              EAD      EAD       66         0
                text41                              A17      A17       17         0
                text40                              879      879        5         0
                text39                              87E      87E        5         0
                text38                              ACA      ACA       22         0
                text37                              C26      C26       30         0
                text36                              AEC      AEC       22         0
                text35                              B76      B76       26         0
                text34                              F13      F13       76         0
                text33                              8A8      8A8        8         0
                text32                              937      937        D         0
                text31                              883      883        5         0
                text30                              888      888        6         0
                text29                              B53      B53       23         0
                text28                              9EA      9EA       16         0
                text27                              B0E      B0E       22         0
                text26                              39E      39E      10D         0
                text25                              4AB      4AB      104         0
                text24                              8B0      8B0        8         0
                text23                              9AB      9AB       14         0
                text22                              9BF      9BF       15         0
                text21                              99A      99A       11         0
                text20                              98B      98B        F         0
                text19                              900      900        A         0
                text18                              88E      88E        6         0
                text17                              8B8      8B8        8         0
                text16                              8C0      8C0        8         0
                text15                              8C8      8C8        8         0
                text14                              8D0      8D0        8         0
                text13                              8D8      8D8        8         0
                text12                              CB9      CB9       41         0
                text11                              7FC      7FC        4         0
                text10                              8E0      8E0        8         0
                text9                               8E8      8E8        8         0
                text8                               A91      A91       1B         0
                text7                               944      944        D         0
                text6                               90A      90A        A         0
                text5                               BF7      BF7       2F         0
                text4                               8F0      8F0        8         0
                text3                               A5F      A5F       19         0
                text2                               A78      A78       19         0
                text1                               C56      C56       30         0
                maintext                            B9C      B9C       2C         0
                clrtext                             894      894        6         0
                inittext                            89A      89A        6         0
                idataBANK1                          914      914        A         0
                idataBANK0                          8F8      8F8        8         0

        CLASS   STRCODE        
                stringtext2                         6EF      6EF       8C         0
                stringtext1                         252      252      14C         0

        CLASS   STRING         

        CLASS   CONST          

        CLASS   ENTRY          

        CLASS   COMMON         
                cstackCOMMON                         76       76        5         1
                bssCOMMON                            70       70        6         1

        CLASS   BANK0          
                cstackBANK0                          4E       4E       19         1
                dataBANK0                            67       67        8         1
                bssBANK0                             20       20       2E         1
                nvBANK0                              6F       6F        1         1

        CLASS   BANK1          
                dataBANK1                            E3       E3        A         1
                bssBANK1                             A0       A0       43         1
                nvBANK1                              ED       ED        2         1

        CLASS   BANK2          
                cstackBANK2                         120      120       21         1
                bssBANK2                            141      141       20         1
                nvBANK2                             161      161        E         1

        CLASS   BANK3          

        CLASS   BANK4          

        CLASS   BANK5          

        CLASS   BANK6          

        CLASS   BANK7          

        CLASS   BANK8          

        CLASS   BANK9          

        CLASS   BANK10         

        CLASS   BANK11         

        CLASS   BANK12         

        CLASS   BIGRAM         

        CLASS   RAM            

        CLASS   ABS1           
                abs_s1                               7E       7E        2         1

        CLASS   SFR0           

        CLASS   SFR1           

        CLASS   SFR2           

        CLASS   SFR3           

        CLASS   SFR4           

        CLASS   SFR5           

        CLASS   SFR6           

        CLASS   SFR7           

        CLASS   SFR8           

        CLASS   SFR9           

        CLASS   SFR10          

        CLASS   SFR11          

        CLASS   SFR12          

        CLASS   SFR13          

        CLASS   SFR14          

        CLASS   SFR15          

        CLASS   SFR16          

        CLASS   SFR17          

        CLASS   SFR18          

        CLASS   SFR19          

        CLASS   SFR20          

        CLASS   SFR21          

        CLASS   SFR22          

        CLASS   SFR23          

        CLASS   SFR24          

        CLASS   SFR25          

        CLASS   SFR26          

        CLASS   SFR27          

        CLASS   SFR28          

        CLASS   SFR29          

        CLASS   SFR30          

        CLASS   SFR31          

        CLASS   SFR32          

        CLASS   SFR33          

        CLASS   SFR34          

        CLASS   SFR35          

        CLASS   SFR36          

        CLASS   SFR37          

        CLASS   SFR38          

        CLASS   SFR39          

        CLASS   SFR40          

        CLASS   SFR41          

        CLASS   SFR42          

        CLASS   SFR43          

        CLASS   SFR44          

        CLASS   SFR45          

        CLASS   SFR46          

        CLASS   SFR47          

        CLASS   SFR48          

        CLASS   SFR49          

        CLASS   SFR50          

        CLASS   SFR51          

        CLASS   SFR52          

        CLASS   SFR53          

        CLASS   SFR54          

        CLASS   SFR55          

        CLASS   SFR56          

        CLASS   SFR57          

        CLASS   SFR58          

        CLASS   SFR59          

        CLASS   SFR60          

        CLASS   SFR61          

        CLASS   SFR62          

        CLASS   SFR63          

        CLASS   CONFIG         
                config                             8007     8007        5         4

        CLASS   IDLOC          
                idloc                              8000     8000        4         5

        CLASS   BANK63         

        CLASS   BANK62         

        CLASS   BANK61         

        CLASS   BANK60         

        CLASS   BANK59         

        CLASS   BANK58         

        CLASS   BANK57         

        CLASS   BANK56         

        CLASS   BANK55         

        CLASS   BANK54         

        CLASS   BANK53         

        CLASS   BANK52         

        CLASS   BANK51         

        CLASS   BANK50         

        CLASS   BANK49         

        CLASS   BANK48         

        CLASS   BANK47         

        CLASS   BANK46         

        CLASS   BANK45         

        CLASS   BANK44         

        CLASS   BANK43         

        CLASS   BANK42         

        CLASS   BANK41         

        CLASS   BANK40         

        CLASS   BANK39         

        CLASS   BANK38         

        CLASS   BANK37         

        CLASS   BANK36         

        CLASS   BANK35         

        CLASS   BANK34         

        CLASS   BANK33         

        CLASS   BANK32         

        CLASS   BANK31         

        CLASS   BANK30         

        CLASS   BANK29         

        CLASS   BANK28         

        CLASS   BANK27         

        CLASS   BANK26         

        CLASS   BANK25         

        CLASS   BANK24         

        CLASS   BANK23         

        CLASS   BANK22         

        CLASS   BANK21         

        CLASS   BANK20         

        CLASS   BANK19         

        CLASS   BANK18         

        CLASS   BANK17         

        CLASS   BANK16         

        CLASS   BANK15         

        CLASS   BANK14         

        CLASS   BANK13         

        CLASS   HEAP           

        CLASS   STACK          

        CLASS   EEDATA         



SEGMENTS        Name                           Load    Length   Top    Selector   Space  Class     Delta

                reset_vec                      000000  000004  000004         0       0  CODE        2
                intentry                       000004  00024E  000252         8       0  CODE        2
                bssBANK0                       000020  000050  000070        20       1  BANK0       1
                bssCOMMON                      000070  00000B  00007B        70       1  COMMON      1
                bssBANK1                       0000A0  00004F  0000EF        A0       1  BANK1       1
                cstackBANK2                    000120  00004F  00016F       120       1  BANK2       1
                stringtext1                    000252  00014C  00039E       4A4       0  STRCODE     2
                text26                         00039E  000351  0006EF       73C       0  CODE        2
                stringtext2                    0006EF  00008C  00077B       DDE       0  STRCODE     2
                text43                         00077B  000085  000800       EF6       0  CODE        2
                text80                         000854  000001  000855      10A8       0  CODE        2
                text65                         000855  000001  000856      10AA       0  CODE        2
                text83                         000856  000002  000858      10AC       0  CODE        2
                text69                         000858  000002  00085A      10B0       0  CODE        2
                text57                         00085A  000002  00085C      10B4       0  CODE        2
                text81                         00085C  000003  00085F      10B8       0  CODE        2
                text79                         00085F  000003  000862      10BE       0  CODE        2
                text73                         000862  000003  000865      10C4       0  CODE        2
                text72                         000865  000003  000868      10CA       0  CODE        2
                text68                         000868  000003  00086B      10D0       0  CODE        2
                text61                         00086B  000003  00086E      10D6       0  CODE        2
                text60                         00086E  000003  000871      10DC       0  CODE        2
                text56                         000871  000003  000874      10E2       0  CODE        2
                text76                         000874  000005  000879      10E8       0  CODE        2
                text40                         000879  000005  00087E      10F2       0  CODE        2
                text39                         00087E  000005  000883      10FC       0  CODE        2
                text31                         000883  000005  000888      1106       0  CODE        2
                text30                         000888  000006  00088E      1110       0  CODE        2
                text18                         00088E  000006  000894      111C       0  CODE        2
                clrtext                        000894  000006  00089A      1128       0  CODE        2
                inittext                       00089A  000006  0008A0      1134       0  CODE        2
                text47                         0008A0  000008  0008A8      1140       0  CODE        2
                text33                         0008A8  000008  0008B0      1150       0  CODE        2
                text24                         0008B0  000008  0008B8      1160       0  CODE        2
                text17                         0008B8  000008  0008C0      1170       0  CODE        2
                text16                         0008C0  000008  0008C8      1180       0  CODE        2
                text15                         0008C8  000008  0008D0      1190       0  CODE        2
                text14                         0008D0  000008  0008D8      11A0       0  CODE        2
                text13                         0008D8  000008  0008E0      11B0       0  CODE        2
                text10                         0008E0  000008  0008E8      11C0       0  CODE        2
                text9                          0008E8  000008  0008F0      11D0       0  CODE        2
                text4                          0008F0  000008  0008F8      11E0       0  CODE        2
                idataBANK0                     0008F8  000008  000900      11F0       0  CODE        2
                text19                         000900  00000A  00090A      1200       0  CODE        2
                text6                          00090A  00000A  000914      1214       0  CODE        2
                idataBANK1                     000914  00000A  00091E      1228       0  CODE        2
                text64                         00091E  00000C  00092A      123C       0  CODE        2
                text74                         00092A  00000D  000937      1254       0  CODE        2
                text32                         000937  00000D  000944      126E       0  CODE        2
                text7                          000944  00000D  000951      1288       0  CODE        2
                text70                         000951  00000E  00095F      12A2       0  CODE        2
                text58                         00095F  00000E  00096D      12BE       0  CODE        2
                text71                         00096D  00000F  00097C      12DA       0  CODE        2
                text44                         00097C  00000F  00098B      12F8       0  CODE        2
                text20                         00098B  00000F  00099A      1316       0  CODE        2
                text21                         00099A  000011  0009AB      1334       0  CODE        2
                text23                         0009AB  000014  0009BF      1356       0  CODE        2
                text22                         0009BF  000015  0009D4      137E       0  CODE        2
                text82                         0009D4  000016  0009EA      13A8       0  CODE        2
                text28                         0009EA  000016  000A00      13D4       0  CODE        2
                text59                         000A00  000017  000A17      1400       0  CODE        2
                text41                         000A17  000017  000A2E      142E       0  CODE        2
                text63                         000A2E  000018  000A46      145C       0  CODE        2
                text75                         000A46  000019  000A5F      148C       0  CODE        2
                text3                          000A5F  000019  000A78      14BE       0  CODE        2
                text2                          000A78  000019  000A91      14F0       0  CODE        2
                text8                          000A91  00001B  000AAC      1522       0  CODE        2
                text77                         000AAC  00001E  000ACA      1558       0  CODE        2
                text38                         000ACA  000022  000AEC      1594       0  CODE        2
                text36                         000AEC  000022  000B0E      15D8       0  CODE        2
                text27                         000B0E  000022  000B30      161C       0  CODE        2
                text46                         000B30  000023  000B53      1660       0  CODE        2
                text29                         000B53  000023  000B76      16A6       0  CODE        2
                text35                         000B76  000026  000B9C      16EC       0  CODE        2
                maintext                       000B9C  00002C  000BC8      1738       0  CODE        2
                text52                         000BC8  00002F  000BF7      1790       0  CODE        2
                text5                          000BF7  00002F  000C26      17EE       0  CODE        2
                text37                         000C26  000030  000C56      184C       0  CODE        2
                text1                          000C56  000030  000C86      18AC       0  CODE        2
                text78                         000C86  000033  000CB9      190C       0  CODE        2
                text12                         000CB9  000041  000CFA      1972       0  CODE        2
                text51                         000CFA  000047  000D41      19F4       0  CODE        2
                text54                         000D41  00004F  000D90      1A82       0  CODE        2
                text67                         000D90  00005C  000DEC      1B20       0  CODE        2
                text55                         000DEC  00005D  000E49      1BD8       0  CODE        2
                text53                         000E49  000064  000EAD      1C92       0  CODE        2
                text42                         000EAD  000066  000F13      1D5A       0  CODE        2
                text34                         000F13  000076  000F89      1E26       0  CODE        2
                text49                         000F89  000077  001000      1F12       0  CODE        2


UNUSED ADDRESS RANGES

        Name                Unused          Largest block    Delta
        BANK1            000EF-000EF               1           1
        BANK10           00520-0056F              50           1
        BANK11           005A0-005EF              50           1
        BANK12           00620-0064F              30           1
        BANK2            0016F-0016F               1           1
        BANK3            001A0-001EF              50           1
        BANK4            00220-0026F              50           1
        BANK5            002A0-002EF              50           1
        BANK6            00320-0036F              50           1
        BANK7            003A0-003EF              50           1
        BANK8            00420-0046F              50           1
        BANK9            004A0-004EF              50           1
        BIGRAM           02000-023EF             3F0           1
        CODE             00800-00853              54           2
                         01000-01FFF             800
        COMMON           0007B-0007D               3           1
        CONST            00800-00853              54           2
                         01000-01FFF             100
        ENTRY            00800-00853              54           2
                         01000-01FFF             100
        RAM              000EF-000EF               1           1
                         0016F-0016F               1
                         001A0-001EF              50
                         00220-0026F              50
                         002A0-002EF              50
                         00320-0036F              50
                         003A0-003EF              50
                         00420-0046F              50
                         004A0-004EF              50
                         00520-0056F              50
                         005A0-005EF              50
                         00620-0064F              30
        SFR0             00000-0001F              20           1
        SFR1             00080-0009F              20           1
        SFR10            00500-0051F              20           1
        SFR11            00580-0059F              20           1
        SFR12            00600-0061F              20           1
        SFR13            00680-006EF              70           1
        SFR14            00700-0076F              70           1
        SFR15            00780-007EF              70           1
        SFR16            00800-0086F              70           1
        SFR17            00880-008EF              70           1
        SFR18            00900-0096F              70           1
        SFR19            00980-009EF              70           1
        SFR2             00100-0011F              20           1
        SFR20            00A00-00A6F              70           1
        SFR21            00A80-00AEF              70           1
        SFR22            00B00-00B6F              70           1
        SFR23            00B80-00BEF              70           1
        SFR24            00C00-00C6F              70           1
        SFR25            00C80-00CEF              70           1
        SFR26            00D00-00D6F              70           1
        SFR27            00D80-00DEF              70           1
        SFR28            00E00-00E6F              70           1
        SFR29            00E80-00EEF              70           1
        SFR3             00180-0019F              20           1
        SFR30            00F00-00F6F              70           1
        SFR31            00F80-00FEF              70           1
        SFR32            01000-0106F              70           1
        SFR33            01080-010EF              70           1
        SFR34            01100-0116F              70           1
        SFR35            01180-011EF              70           1
        SFR36            01200-0126F              70           1
        SFR37            01280-012EF              70           1
        SFR38            01300-0136F              70           1
        SFR39            01380-013EF              70           1
        SFR4             00200-0021F              20           1
        SFR40            01400-0146F              70           1
        SFR41            01480-014EF              70           1
        SFR42            01500-0156F              70           1
        SFR43            01580-015EF              70           1
        SFR44            01600-0166F              70           1
        SFR45            01680-016EF              70           1
        SFR46            01700-0176F              70           1
        SFR47            01780-017EF              70           1
        SFR48            01800-0186F              70           1
        SFR49            01880-018EF              70           1
        SFR5             00280-0029F              20           1
        SFR50            01900-0196F              70           1
        SFR51            01980-019EF              70           1
        SFR52            01A00-01A6F              70           1
        SFR53            01A80-01AEF              70           1
        SFR54            01B00-01B6F              70           1
        SFR55            01B80-01BEF              70           1
        SFR56            01C00-01C6F              70           1
        SFR57            01C80-01CEF              70           1
        SFR58            01D00-01D6F              70           1
        SFR59            01D80-01DEF              70           1
        SFR6             00300-0031F              20           1
        SFR60            01E00-01E6F              70           1
        SFR61            01E80-01EEF              70           1
        SFR62            01F00-01F6F              70           1
        SFR63            01F80-01FEF              70           1
        SFR7             00380-0039F              20           1
        SFR8             00400-0041F              20           1
        SFR9             00480-0049F              20           1
        STRCODE          00800-00853              54           2
                         01000-01FFF            1000
        STRING           00800-00853              54           2
                         01000-01FFF             100

                                  Symbol Table

?_ADC_GetConversion                             cstackCOMMON 00076
?_GetAmbientTemperature                         cstackBANK0  0004E
?___lldiv                                       cstackBANK0  0005A
?___lmul                                        cstackBANK0  0004E
?___omul                                        cstackBANK0  0004E
ADC_GetConversion@channel                       cstackCOMMON 00079
ADC_SelectChannel@channel                       cstackCOMMON 00077
CmdOutput@enable                                cstackBANK0  00052
EUSART1_Read@readValue                          cstackBANK0  0004F
EUSART1_SetErrorHandler@interruptHandler        cstackBANK0  0004E
EUSART1_SetFramingErrorHandler@interruptHandler cstackBANK0  0004E
EUSART1_SetOverrunErrorHandler@interruptHandler cstackBANK0  0004E
EUSART1_SetRxInterruptHandler@interruptHandler  cstackBANK0  0004E
EUSART1_SetTxInterruptHandler@interruptHandler  cstackBANK0  0004E
EUSART1_Write@txData                            cstackBANK0  0004F
GetAmbientTemperature@adcTemp                   cstackBANK0  00054
GetAmbientTemperature@i                         cstackBANK0  00056
GetAmbientTemperature@temperature               cstackBANK0  00057
LIN_calcParity@CMD                              cstackBANK0  0004F
LIN_calcParity@PID                              cstackBANK0  00050
LIN_checkPID@pid                                cstackBANK0  00055
LIN_getChecksum@checksum                        cstackBANK0  00054
LIN_getChecksum@data                            cstackBANK0  0004F
LIN_getChecksum@i                               cstackBANK0  00053
LIN_getChecksum@length                          cstackBANK0  00052
LIN_getChecksum@pid                             cstackBANK0  0004E
LIN_getFromTable@cmd                            cstackBANK0  00051
LIN_getFromTable@length                         cstackBANK0  00052
LIN_getFromTable@param                          cstackBANK0  0004E
LIN_getFromTable@rxCommand                      cstackBANK0  00053
LIN_getPacket@cmd                               cstackBANK0  0005A
LIN_getPacket@data                              cstackBANK0  00059
LIN_handler@LIN_rxState                         bssBANK0     00028
LIN_handler@rxDataIndex                         bssBANK0     00027
LIN_init@command                                cstackBANK0  00050
LIN_init@processData                            cstackBANK0  00052
LIN_init@tableLength                            cstackBANK0  00054
LIN_queuePacket@cmd                             cstackBANK0  0005E
LIN_queuePacket@i                               cstackBANK0  0005F
LIN_queuePacket@tempSchedule                    cstackBANK0  00060
LIN_sendPacket@data                             cstackBANK0  00057
LIN_sendPacket@i                                cstackBANK0  0005A
LIN_sendPacket@length                           cstackBANK0  00059
LIN_sendPacket@pid                              cstackBANK0  00056
LIN_startTimer@timeout                          cstackBANK0  00050
TMR0_SetInterruptHandler@InterruptHandler       cstackBANK0  0004E
TMR0_WriteTimer@timerVal                        cstackBANK0  0004E
TMR1_WriteTimer@timerVal                        cstackBANK0  0004E
_ADCON0                                         (abs)        0009D
_ADCON0bits                                     (abs)        0009D
_ADCON1                                         (abs)        0009E
_ADC_GetConversion                              text75       00A46
_ADC_Initialize                                 text24       008B0
_ADC_SelectChannel                              text74       0092A
_ADRESH                                         (abs)        0009C
_ADRESL                                         (abs)        0009B
_ANSELA                                         (abs)        01F38
_ANSELB                                         (abs)        01F43
_ANSELC                                         (abs)        01F4E
_BAUD1CON                                       (abs)        0011F
_CLC1CON                                        (abs)        01E10
_CLC1CONbits                                    (abs)        01E10
_CLC1GLS0                                       (abs)        01E16
_CLC1GLS1                                       (abs)        01E17
_CLC1GLS1bits                                   (abs)        01E17
_CLC1GLS2                                       (abs)        01E18
_CLC1GLS3                                       (abs)        01E19
_CLC1GLS3bits                                   (abs)        01E19
_CLC1POL                                        (abs)        01E11
_CLC1POLbits                                    (abs)        01E11
_CLC1SEL0                                       (abs)        01E12
_CLC1SEL1                                       (abs)        01E13
_CLC1SEL2                                       (abs)        01E14
_CLC1SEL3                                       (abs)        01E15
_CLC1_Initialize                                text23       009AB
_CLC2CON                                        (abs)        01E1A
_CLC2GLS0                                       (abs)        01E20
_CLC2GLS1                                       (abs)        01E21
_CLC2GLS2                                       (abs)        01E22
_CLC2GLS3                                       (abs)        01E23
_CLC2POL                                        (abs)        01E1B
_CLC2POLbits                                    (abs)        01E1B
_CLC2SEL0                                       (abs)        01E1C
_CLC2SEL1                                       (abs)        01E1D
_CLC2SEL2                                       (abs)        01E1E
_CLC2SEL3                                       (abs)        01E1F
_CLC2_ISR                                       text83       00856
_CLC2_Initialize                                text22       009BF
_CLC3CON                                        (abs)        01E24
_CLC3CONbits                                    (abs)        01E24
_CLC3GLS0                                       (abs)        01E2A
_CLC3GLS1                                       (abs)        01E2B
_CLC3GLS2                                       (abs)        01E2C
_CLC3GLS3                                       (abs)        01E2D
_CLC3POL                                        (abs)        01E25
_CLC3SEL0                                       (abs)        01E26
_CLC3SEL1                                       (abs)        01E27
_CLC3SEL2                                       (abs)        01E28
_CLC3SEL3                                       (abs)        01E29
_CLC3_Initialize                                text21       0099A
_CLC4CON                                        (abs)        01E2E
_CLC4GLS0                                       (abs)        01E34
_CLC4GLS1                                       (abs)        01E35
_CLC4GLS2                                       (abs)        01E36
_CLC4GLS3                                       (abs)        01E37
_CLC4POL                                        (abs)        01E2F
_CLC4SEL0                                       (abs)        01E30
_CLC4SEL1                                       (abs)        01E31
_CLC4SEL2                                       (abs)        01E32
_CLC4SEL3                                       (abs)        01E33
_CLC4_Initialize                                text20       0098B
_CLCDATAbits                                    (abs)        01E0F
_CLCIN0PPS                                      (abs)        01EBB
_CM2CON0                                        (abs)        00994
_CM2CON0bits                                    (abs)        00994
_CM2CON1                                        (abs)        00995
_CM2NCH                                         (abs)        00996
_CM2PCH                                         (abs)        00997
_CMP2_Initialize                                text19       00900
_CmdOutput                                      text55       00DEC
_CountCallBack                                  bssBANK0     00029
_DAC1CON0                                       (abs)        0090E
_DAC1CON1                                       (abs)        0090F
_DAC1CON1bits                                   (abs)        0090F
_DAC1_Initialize                                text18       0088E
_EFuse                                          text48       00662
_EFuseInit                                      text29       00B53
_EUSART1_DefaultErrorHandler                    text81       0085C
_EUSART1_DefaultFramingErrorHandler             text80       00854
_EUSART1_DefaultOverrunErrorHandler             text79       0085F
_EUSART1_ErrorHandler                           nvBANK2      00163
_EUSART1_FramingErrorHandler                    nvBANK2      00167
_EUSART1_Initialize                             text12       00CB9
_EUSART1_OverrunErrorHandler                    nvBANK2      00165
_EUSART1_Read                                   text46       00B30
_EUSART1_Receive_ISR                            text78       00C86
_EUSART1_RxDataHandler                          text82       009D4
_EUSART1_RxDefaultInterruptHandler              nvBANK2      00169
_EUSART1_SetErrorHandler                        text17       008B8
_EUSART1_SetFramingErrorHandler                 text16       008C0
_EUSART1_SetOverrunErrorHandler                 text15       008C8
_EUSART1_SetRxInterruptHandler                  text14       008D0
_EUSART1_SetTxInterruptHandler                  text13       008D8
_EUSART1_Transmit_ISR                           text77       00AAC
_EUSART1_TxDefaultInterruptHandler              nvBANK2      0016B
_EUSART1_Write                                  text38       00ACA
_EUSART1_get_last_status                        text45       00002
_EUSART1_is_rx_ready                            text47       008A0
_FVRCON                                         (abs)        0090C
_FVR_Initialize                                 text11       007FC
_GetAmbientTemperature                          text54       00D41
_INLVLA                                         (abs)        01F3C
_INLVLB                                         (abs)        01F47
_INLVLC                                         (abs)        01F52
_INTCONbits                                     (abs)        0000B
_INTERRUPT_InterruptManager                     intentry     00004
_LATA                                           (abs)        00018
_LATB                                           (abs)        00019
_LATBbits                                       (abs)        00019
_LATC                                           (abs)        0001A
_LIN_ADC_CURRENT_SENSE_CORRECTED_Data           bssBANK1     000D1
_LIN_ADC_CURRENT_SENSE_UNCORRECTED_Data         bssBANK1     000D5
_LIN_ADC_TEMP_SENSE_Data                        bssBANK1     000D3
_LIN_ADC_VCC_SENSE_Data                         bssBANK1     000D7
_LIN_AMBIENT_TEMPERATURE_Data                   bssBANK1     000CD
_LIN_B1_COEF_Data                               bssBANK0     00048
_LIN_COMMAND_Data                               bssBANK0     0004D
_LIN_CURRENT2COUNTS_SQUARED_Data                bssBANK1     000DD
_LIN_CURRENT_SENSE_OFFSET_Data                  bssBANK1     000CF
_LIN_DAC_I_HW_TRIP_Data                         bssBANK0     00049
_LIN_DIAGNOSTIC_Data                            bssBANK2     00159
_LIN_ENTER_SLEEP_MODE_Data                      bssBANK0     0004B
_LIN_FACTOR_RDSON_RTHJS_Data                    bssBANK1     000E1
_LIN_FACTOR_RDSON_RTHSA_Data                    bssBANK1     000DF
_LIN_GET_TRIGGER_TYPE_Data                      bssBANK0     00045
_LIN_HEATSINK_TEMPERATURE_Data                  bssBANK1     000CB
_LIN_ISENSE_MAX_Data                            bssBANK1     000DB
_LIN_JUNCTION_TEMPERATURE_Data                  bssBANK1     000C9
_LIN_OUTPUT_STATE_Data                          bssBANK0     00046
_LIN_OVER_CURRENT_FAULT_Data                    bssBANK0     00044
_LIN_OVER_TEMP_FAULT_Data                       bssBANK0     00042
_LIN_REDUCED_DRIVE_TIME_Data                    bssBANK0     00047
_LIN_Slave_Initialize                           text7        00944
_LIN_TCC_SAMPLE_TIME_Data                       bssBANK1     000D9
_LIN_TEMPERATURE_RISE_JS_Data                   bssBANK1     000C7
_LIN_TEMPERATURE_RISE_SA_Data                   bssBANK1     000C5
_LIN_TJ_LIMIT_Data                              bssBANK0     0004A
_LIN_TRIGGER_TYPE_Data                          bssBANK0     0004C
_LIN_UVLO_FAULT_Data                            bssBANK0     00043
_LIN_breakCheck                                 text44       0097C
_LIN_calcParity                                 text43       0077B
_LIN_checkPID                                   text41       00A17
_LIN_disableRx                                  text40       00879
_LIN_enableRx                                   text39       0087E
_LIN_getChecksum                                text37       00C26
_LIN_getFromTable                               text42       00EAD
_LIN_getPacket                                  text27       00B0E
_LIN_handler                                    text25       004AB
_LIN_init                                       text8        00A91
_LIN_packet                                     bssBANK1     000B8
_LIN_processData                                nvBANK2      0016D
_LIN_queuePacket                                text34       00F13
_LIN_rxCommand                                  nvBANK1      000ED
_LIN_rxCommandLength                            nvBANK0      0006F
_LIN_rxInProgress                               bssBANK0     0002B
_LIN_sendPacket                                 text36       00AEC
_LIN_setTimerHandler                            text9        008E8
_LIN_startTimer                                 text32       00937
_LIN_stopTimer                                  text31       00883
_LIN_timeout                                    dataBANK0    00069
_LIN_timerHandler                               text64       0091E
_LIN_timerRunning                               bssBANK0     0002A
_ODCONA                                         (abs)        01F3A
_ODCONB                                         (abs)        01F45
_ODCONC                                         (abs)        01F50
_OSCCON1                                        (abs)        0088D
_OSCCON3                                        (abs)        0088F
_OSCEN                                          (abs)        00891
_OSCFRQ                                         (abs)        00893
_OSCILLATOR_Initialize                          text6        0090A
_OSCSTAT                                        (abs)        00890
_OSCTUNE                                        (abs)        00892
_PIE0bits                                       (abs)        00716
_PIE3bits                                       (abs)        00719
_PIE5bits                                       (abs)        0071B
_PIN_MANAGER_Initialize                         text5        00BF7
_PIR0bits                                       (abs)        0070C
_PIR2bits                                       (abs)        0070E
_PIR3bits                                       (abs)        0070F
_PIR4bits                                       (abs)        00710
_PIR5bits                                       (abs)        00711
_PMD0                                           (abs)        00796
_PMD1                                           (abs)        00797
_PMD2                                           (abs)        00798
_PMD3                                           (abs)        00799
_PMD4                                           (abs)        0079A
_PMD5                                           (abs)        0079B
_PMD_Initialize                                 text4        008F0
_ProcessAnalogInputs                            text66       005AF
_RB7PPS                                         (abs)        01F1F
_RC1REG                                         (abs)        00119
_RC1STA                                         (abs)        0011D
_RC1STAbits                                     (abs)        0011D
_RC6PPS                                         (abs)        01F26
_RC7PPS                                         (abs)        01F27
_RX1DTPPS                                       (abs)        01ECB
_SLRCONA                                        (abs)        01F3B
_SLRCONB                                        (abs)        01F46
_SLRCONC                                        (abs)        01F51
_SP1BRGH                                        (abs)        0011C
_SP1BRGL                                        (abs)        0011B
_SYSTEM_Initialize                              text1        00C56
_T0CON0                                         (abs)        0059E
_T0CON1                                         (abs)        0059F
_T1CLK                                          (abs)        00211
_T1CON                                          (abs)        0020E
_T1CONbits                                      (abs)        0020E
_T1GATE                                         (abs)        00210
_T1GCON                                         (abs)        0020F
_T2CLKCON                                       (abs)        00290
_T2CON                                          (abs)        0028E
_T2CONbits                                      (abs)        0028E
_T2HLT                                          (abs)        0028F
_T2PR                                           (abs)        0028D
_T2RST                                          (abs)        00291
_T2TMR                                          (abs)        0028C
_TCC_Curve                                      text50       00067
_TCC_Curve$3309                                 cstackBANK2  00131
_TCC_Curve$3310                                 cstackBANK2  00139
_TMR0H                                          (abs)        0059D
_TMR0L                                          (abs)        0059C
_TMR0_DefaultInterruptHandler                   text65       00855
_TMR0_ISR                                       text63       00A2E
_TMR0_Initialize                                text3        00A5F
_TMR0_InterruptHandler                          nvBANK2      00161
_TMR0_Reload                                    text30       00888
_TMR0_SetInterruptHandler                       text10       008E0
_TMR0_WriteTimer                                text33       008A8
_TMR1H                                          (abs)        0020D
_TMR1L                                          (abs)        0020C
_TMR1_Initialize                                text2        00A78
_TMR1_StartTimer                                text61       0086B
_TMR1_StopTimer                                 text60       0086E
_TMR1_WriteTimer                                text59       00A00
_TMR2_Initialize                                text58       0095F
_TMR2_Start                                     text57       0085A
_TMR2_Stop                                      text56       00871
_TRISA                                          (abs)        00012
_TRISB                                          (abs)        00013
_TRISC                                          (abs)        00014
_TRISCbits                                      (abs)        00014
_TX1REG                                         (abs)        0011A
_TX1STA                                         (abs)        0011E
_TX1STAbits                                     (abs)        0011E
_Tambient                                       dataBANK0    0006D
_Tjunction                                      bssBANK0     00036
_Trise_filtered                                 bssBANK1     000A8
_Trise_js                                       bssBANK0     00034
_Trise_raw_curr                                 bssBANK1     000A4
_Trise_raw_prev                                 bssBANK1     000A0
_Trise_sa                                       bssBANK0     00032
_Tsink                                          bssBANK0     00038
_Update_LIN_Data                                text49       00F89
_WPUA                                           (abs)        01F39
_WPUB                                           (abs)        01F44
_WPUC                                           (abs)        01F4F
__H__absolute__                                 __absolute__ 00000
__Habs1                                         abs1         00000
__Hbank0                                        bank0        00000
__Hbank1                                        bank1        00000
__Hbank10                                       bank10       00000
__Hbank11                                       bank11       00000
__Hbank12                                       bank12       00000
__Hbank13                                       bank13       00000
__Hbank14                                       bank14       00000
__Hbank15                                       bank15       00000
__Hbank16                                       bank16       00000
__Hbank17                                       bank17       00000
__Hbank18                                       bank18       00000
__Hbank19                                       bank19       00000
__Hbank2                                        bank2        00000
__Hbank20                                       bank20       00000
__Hbank21                                       bank21       00000
__Hbank22                                       bank22       00000
__Hbank23                                       bank23       00000
__Hbank24                                       bank24       00000
__Hbank25                                       bank25       00000
__Hbank26                                       bank26       00000
__Hbank27                                       bank27       00000
__Hbank28                                       bank28       00000
__Hbank29                                       bank29       00000
__Hbank3                                        bank3        00000
__Hbank30                                       bank30       00000
__Hbank31                                       bank31       00000
__Hbank32                                       bank32       00000
__Hbank33                                       bank33       00000
__Hbank34                                       bank34       00000
__Hbank35                                       bank35       00000
__Hbank36                                       bank36       00000
__Hbank37                                       bank37       00000
__Hbank38                                       bank38       00000
__Hbank39                                       bank39       00000
__Hbank4                                        bank4        00000
__Hbank40                                       bank40       00000
__Hbank41                                       bank41       00000
__Hbank42                                       bank42       00000
__Hbank43                                       bank43       00000
__Hbank44                                       bank44       00000
__Hbank45                                       bank45       00000
__Hbank46                                       bank46       00000
__Hbank47                                       bank47       00000
__Hbank48                                       bank48       00000
__Hbank49                                       bank49       00000
__Hbank5                                        bank5        00000
__Hbank50                                       bank50       00000
__Hbank51                                       bank51       00000
__Hbank52                                       bank52       00000
__Hbank53                                       bank53       00000
__Hbank54                                       bank54       00000
__Hbank55                                       bank55       00000
__Hbank56                                       bank56       00000
__Hbank57                                       bank57       00000
__Hbank58                                       bank58       00000
__Hbank59                                       bank59       00000
__Hbank6                                        bank6        00000
__Hbank60                                       bank60       00000
__Hbank61                                       bank61       00000
__Hbank62                                       bank62       00000
__Hbank63                                       bank63       00000
__Hbank7                                        bank7        00000
__Hbank8                                        bank8        00000
__Hbank9                                        bank9        00000
__Hbigram                                       bigram       00000
__HbssBANK0                                     bssBANK0     00000
__HbssBANK1                                     bssBANK1     00000
__HbssBANK2                                     bssBANK2     00000
__HbssCOMMON                                    bssCOMMON    00000
__Hcinit                                        cinit        00067
__Hclrtext                                      clrtext      00000
__Hcode                                         code         00000
__Hcommon                                       common       00000
__Hconfig                                       config       0800C
__HcstackBANK0                                  cstackBANK0  00000
__HcstackBANK2                                  cstackBANK2  00000
__HcstackCOMMON                                 cstackCOMMON 00000
__HdataBANK0                                    dataBANK0    00000
__HdataBANK1                                    dataBANK1    00000
__Heeprom_data                                  eeprom_data  00000
__Hend_init                                     end_init     0002E
__Hfunctab                                      functab      00000
__Hheap                                         heap         00000
__HidataBANK0                                   idataBANK0   00000
__HidataBANK1                                   idataBANK1   00000
__Hidloc                                        idloc        08004
__Hinit                                         init         0002C
__Hinittext                                     inittext     00000
__Hintentry                                     intentry     0002C
__Hmaintext                                     maintext     00000
__HnvBANK0                                      nvBANK0      00000
__HnvBANK1                                      nvBANK1      00000
__HnvBANK2                                      nvBANK2      00000
__Hpowerup                                      powerup      00000
__Hram                                          ram          00000
__Hreset_vec                                    reset_vec    00002
__Hsfr0                                         sfr0         00000
__Hsfr1                                         sfr1         00000
__Hsfr10                                        sfr10        00000
__Hsfr11                                        sfr11        00000
__Hsfr12                                        sfr12        00000
__Hsfr13                                        sfr13        00000
__Hsfr14                                        sfr14        00000
__Hsfr15                                        sfr15        00000
__Hsfr16                                        sfr16        00000
__Hsfr17                                        sfr17        00000
__Hsfr18                                        sfr18        00000
__Hsfr19                                        sfr19        00000
__Hsfr2                                         sfr2         00000
__Hsfr20                                        sfr20        00000
__Hsfr21                                        sfr21        00000
__Hsfr22                                        sfr22        00000
__Hsfr23                                        sfr23        00000
__Hsfr24                                        sfr24        00000
__Hsfr25                                        sfr25        00000
__Hsfr26                                        sfr26        00000
__Hsfr27                                        sfr27        00000
__Hsfr28                                        sfr28        00000
__Hsfr29                                        sfr29        00000
__Hsfr3                                         sfr3         00000
__Hsfr30                                        sfr30        00000
__Hsfr31                                        sfr31        00000
__Hsfr32                                        sfr32        00000
__Hsfr33                                        sfr33        00000
__Hsfr34                                        sfr34        00000
__Hsfr35                                        sfr35        00000
__Hsfr36                                        sfr36        00000
__Hsfr37                                        sfr37        00000
__Hsfr38                                        sfr38        00000
__Hsfr39                                        sfr39        00000
__Hsfr4                                         sfr4         00000
__Hsfr40                                        sfr40        00000
__Hsfr41                                        sfr41        00000
__Hsfr42                                        sfr42        00000
__Hsfr43                                        sfr43        00000
__Hsfr44                                        sfr44        00000
__Hsfr45                                        sfr45        00000
__Hsfr46                                        sfr46        00000
__Hsfr47                                        sfr47        00000
__Hsfr48                                        sfr48        00000
__Hsfr49                                        sfr49        00000
__Hsfr5                                         sfr5         00000
__Hsfr50                                        sfr50        00000
__Hsfr51                                        sfr51        00000
__Hsfr52                                        sfr52        00000
__Hsfr53                                        sfr53        00000
__Hsfr54                                        sfr54        00000
__Hsfr55                                        sfr55        00000
__Hsfr56                                        sfr56        00000
__Hsfr57                                        sfr57        00000
__Hsfr58                                        sfr58        00000
__Hsfr59                                        sfr59        00000
__Hsfr6                                         sfr6         00000
__Hsfr60                                        sfr60        00000
__Hsfr61                                        sfr61        00000
__Hsfr62                                        sfr62        00000
__Hsfr63                                        sfr63        00000
__Hsfr7                                         sfr7         00000
__Hsfr8                                         sfr8         00000
__Hsfr9                                         sfr9         00000
__Hspace_0                                      (abs)        01000
__Hspace_1                                      (abs)        0016F
__Hspace_2                                      (abs)        00000
__Hspace_3                                      (abs)        00000
__Hspace_4                                      (abs)        10013
__Hstack                                        stack        00000
__Hstrings                                      strings      00000
__Hstringtext1                                  stringtext1  00000
__Hstringtext2                                  stringtext2  00000
__Htext                                         text         00000
__L__absolute__                                 __absolute__ 00000
__Labs1                                         abs1         00000
__Lbank0                                        bank0        00000
__Lbank1                                        bank1        00000
__Lbank10                                       bank10       00000
__Lbank11                                       bank11       00000
__Lbank12                                       bank12       00000
__Lbank13                                       bank13       00000
__Lbank14                                       bank14       00000
__Lbank15                                       bank15       00000
__Lbank16                                       bank16       00000
__Lbank17                                       bank17       00000
__Lbank18                                       bank18       00000
__Lbank19                                       bank19       00000
__Lbank2                                        bank2        00000
__Lbank20                                       bank20       00000
__Lbank21                                       bank21       00000
__Lbank22                                       bank22       00000
__Lbank23                                       bank23       00000
__Lbank24                                       bank24       00000
__Lbank25                                       bank25       00000
__Lbank26                                       bank26       00000
__Lbank27                                       bank27       00000
__Lbank28                                       bank28       00000
__Lbank29                                       bank29       00000
__Lbank3                                        bank3        00000
__Lbank30                                       bank30       00000
__Lbank31                                       bank31       00000
__Lbank32                                       bank32       00000
__Lbank33                                       bank33       00000
__Lbank34                                       bank34       00000
__Lbank35                                       bank35       00000
__Lbank36                                       bank36       00000
__Lbank37                                       bank37       00000
__Lbank38                                       bank38       00000
__Lbank39                                       bank39       00000
__Lbank4                                        bank4        00000
__Lbank40                                       bank40       00000
__Lbank41                                       bank41       00000
__Lbank42                                       bank42       00000
__Lbank43                                       bank43       00000
__Lbank44                                       bank44       00000
__Lbank45                                       bank45       00000
__Lbank46                                       bank46       00000
__Lbank47                                       bank47       00000
__Lbank48                                       bank48       00000
__Lbank49                                       bank49       00000
__Lbank5                                        bank5        00000
__Lbank50                                       bank50       00000
__Lbank51                                       bank51       00000
__Lbank52                                       bank52       00000
__Lbank53                                       bank53       00000
__Lbank54                                       bank54       00000
__Lbank55                                       bank55       00000
__Lbank56                                       bank56       00000
__Lbank57                                       bank57       00000
__Lbank58                                       bank58       00000
__Lbank59                                       bank59       00000
__Lbank6                                        bank6        00000
__Lbank60                                       bank60       00000
__Lbank61                                       bank61       00000
__Lbank62                                       bank62       00000
__Lbank63                                       bank63       00000
__Lbank7                                        bank7        00000
__Lbank8                                        bank8        00000
__Lbank9                                        bank9        00000
__Lbigram                                       bigram       00000
__LbssBANK0                                     bssBANK0     00000
__LbssBANK1                                     bssBANK1     00000
__LbssBANK2                                     bssBANK2     00000
__LbssCOMMON                                    bssCOMMON    00000
__Lcinit                                        cinit        0002E
__Lclrtext                                      clrtext      00000
__Lcode                                         code         00000
__Lcommon                                       common       00000
__Lconfig                                       config       00000
[...]
__end_of___omul                                 text51       00D41
__end_of__initialization                        cinit        00063
__end_of_main                                   maintext     00BC8
__end_of_memcpy                                 text35       00B9C
__end_of_memset                                 text28       00A00
__end_of_processLIN                             text26       004AB
__end_of_scheduleTable                          stringtext2  0077B
__end_of_temperatureLUT                         stringtext1  0039E
__end_ofi1_CmdOutput                            text67       00DEC
__end_ofi1_LIN_stopTimer                        text76       00879
__end_ofi1_TMR1_StartTimer                      text73       00865
__end_ofi1_TMR1_StopTimer                       text72       00868
__end_ofi1_TMR1_WriteTimer                      text71       0097C
__end_ofi1_TMR2_Initialize                      text70       0095F
__end_ofi1_TMR2_Start                           text69       0085A
__end_ofi1_TMR2_Stop                            text68       0086B
__initialization                                cinit        0002E
__pbssBANK0                                     bssBANK0     00020
__pbssBANK1                                     bssBANK1     000A0
__pbssBANK2                                     bssBANK2     00141
__pbssCOMMON                                    bssCOMMON    00070
__pcstackBANK0                                  cstackBANK0  0004E
__pcstackBANK2                                  cstackBANK2  00120
__pcstackCOMMON                                 cstackCOMMON 00076
__pdataBANK0                                    dataBANK0    00067
__pdataBANK1                                    dataBANK1    000E3
__pidataBANK0                                   idataBANK0   008F8
__pidataBANK1                                   idataBANK1   00914
__pintentry                                     intentry     00004
__pmaintext                                     maintext     00B9C
__pnvBANK0                                      nvBANK0      0006F
__pnvBANK1                                      nvBANK1      000ED
__pnvBANK2                                      nvBANK2      00161
__pstringtext1                                  stringtext1  00252
__pstringtext2                                  stringtext2  006EF
__ptext1                                        text1        00C56
__ptext10                                       text10       008E0
__ptext11                                       text11       007FC
__ptext12                                       text12       00CB9
__ptext13                                       text13       008D8
__ptext14                                       text14       008D0
__ptext15                                       text15       008C8
__ptext16                                       text16       008C0
__ptext17                                       text17       008B8
__ptext18                                       text18       0088E
__ptext19                                       text19       00900
__ptext2                                        text2        00A78
__ptext20                                       text20       0098B
__ptext21                                       text21       0099A
__ptext22                                       text22       009BF
__ptext23                                       text23       009AB
__ptext24                                       text24       008B0
__ptext25                                       text25       004AB
__ptext26                                       text26       0039E
__ptext27                                       text27       00B0E
__ptext28                                       text28       009EA
__ptext29                                       text29       00B53
__ptext3                                        text3        00A5F
__ptext30                                       text30       00888
__ptext31                                       text31       00883
__ptext32                                       text32       00937
__ptext33                                       text33       008A8
__ptext34                                       text34       00F13
__ptext35                                       text35       00B76
__ptext36                                       text36       00AEC
__ptext37                                       text37       00C26
__ptext38                                       text38       00ACA
__ptext39                                       text39       0087E
__ptext4                                        text4        008F0
__ptext40                                       text40       00879
__ptext41                                       text41       00A17
__ptext42                                       text42       00EAD
__ptext43                                       text43       0077B
__ptext44                                       text44       0097C
__ptext45                                       text45       00002
__ptext46                                       text46       00B30
__ptext47                                       text47       008A0
__ptext48                                       text48       00662
__ptext49                                       text49       00F89
__ptext5                                        text5        00BF7
__ptext50                                       text50       00067
__ptext51                                       text51       00CFA
__ptext52                                       text52       00BC8
__ptext53                                       text53       00E49
__ptext54                                       text54       00D41
__ptext55                                       text55       00DEC
__ptext56                                       text56       00871
__ptext57                                       text57       0085A
__ptext58                                       text58       0095F
__ptext59                                       text59       00A00
__ptext6                                        text6        0090A
__ptext60                                       text60       0086E
__ptext61                                       text61       0086B
__ptext63                                       text63       00A2E
__ptext64                                       text64       0091E
__ptext65                                       text65       00855
__ptext66                                       text66       005AF
__ptext67                                       text67       00D90
__ptext68                                       text68       00868
__ptext69                                       text69       00858
__ptext7                                        text7        00944
__ptext70                                       text70       00951
__ptext71                                       text71       0096D
__ptext72                                       text72       00865
__ptext73                                       text73       00862
__ptext74                                       text74       0092A
__ptext75                                       text75       00A46
__ptext76                                       text76       00874
__ptext77                                       text77       00AAC
__ptext78                                       text78       00C86
__ptext79                                       text79       0085F
__ptext8                                        text8        00A91
__ptext80                                       text80       00854
__ptext81                                       text81       0085C
__ptext82                                       text82       009D4
__ptext83                                       text83       00856
__ptext9                                        text9        008E8
_a1_coef                                        dataBANK1    000E5
_adcISense_OneMOSFET                            bssBANK1     000AE
_adcISense_corr                                 bssBANK0     0003C
_adcISense_curr                                 bssBANK0     0003E
_adcISense_prev                                 bssBANK1     000AC
_adcTSense_curr                                 bssCOMMON    00074
_adcTSense_prev                                 bssBANK0     00020
_adcVccSense_curr                               bssBANK0     00040
_adcVccSense_prev                               bssBANK1     000B0
_b1_coef                                        dataBANK0    0006A
_current2counts_squared                         dataBANK1    000E7
_dac_i_hw_trip                                  dataBANK0    0006B
_eusart1RxBuffer                                bssBANK2     00149
_eusart1RxCount                                 bssBANK0     00023
_eusart1RxHead                                  bssCOMMON    00073
_eusart1RxLastError                             bssBANK0     00022
_eusart1RxStatusBuffer                          bssBANK2     00141
_eusart1RxTail                                  bssCOMMON    00072
_eusart1TxBuffer                                bssBANK2     00151
_eusart1TxBufferRemaining                       bssBANK0     00024
_eusart1TxHead                                  bssBANK0     00026
_eusart1TxTail                                  bssBANK0     00025
_factor_rdson_rthjs                             dataBANK1    000EB
_factor_rdson_rthsa                             dataBANK1    000E9
_iSenseOffset                                   bssBANK0     0003A
_isense_max                                     dataBANK0    00067
_main                                           maintext     00B9C
_memcpy                                         text35       00B76
_memset                                         text28       009EA
_outputState                                    bssBANK0     0002F
_overCurrentFault                               bssBANK0     0002E
_overTempFault                                  bssBANK0     0002C
_processLIN                                     text26       0039E
_reduced_drive_time                             bssBANK0     00030
_scheduleTable                                  stringtext2  006EF
_tcc_sample_time                                dataBANK1    000E3
_temperatureLUT                                 stringtext1  00252
_ticks_1ms                                      bssBANK1     000B6
_timer0ReloadVal16bit                           bssCOMMON    00070
_timer1ReloadVal                                bssBANK1     000B4
_tj_limit                                       dataBANK0    0006C
_triggerType                                    bssBANK0     00031
_uvloFault                                      bssBANK0     0002D
btemp                                           (abs)        0007E
clear_ram0                                      clrtext      00894
end_of_initialization                           cinit        00063
i1CmdOutput@enable                              cstackCOMMON 0007A
i1TMR1_WriteTimer@timerVal                      cstackCOMMON 00076
i1_CmdOutput                                    text67       00D90
i1_LIN_stopTimer                                text76       00874
i1_TMR1_StartTimer                              text73       00862
i1_TMR1_StopTimer                               text72       00865
i1_TMR1_WriteTimer                              text71       0096D
i1_TMR2_Initialize                              text70       00951
i1_TMR2_Start                                   text69       00858
i1_TMR2_Stop                                    text68       00868
init_ram                                        inittext     0089A
int$flags                                       (abs)        0007E
intlevel0                                       functab      00000
intlevel1                                       functab      00000
intlevel2                                       functab      00000
intlevel3                                       functab      00000
intlevel4                                       functab      00000
intlevel5                                       functab      00000
memcpy@d                                        cstackBANK0  00055
memcpy@d1                                       cstackBANK0  0004E
memcpy@n                                        cstackBANK0  00052
memcpy@s                                        cstackBANK0  00057
memcpy@s1                                       cstackBANK0  00050
memcpy@tmp                                      cstackBANK0  00054
memset@c                                        cstackBANK0  0004E
memset@dest                                     cstackBANK0  00054
memset@n                                        cstackBANK0  00050
memset@p                                        cstackBANK0  00053
processLIN@cmd                                  cstackBANK2  00120
processLIN@tempRxData                           cstackBANK2  00121
reset_vec                                       reset_vec    00000
start                                           init         0002C
start_initialization                            cinit        0002E
wtemp0                                          (abs)        0007E


MODULE INFORMATION

Module		Function		Class		Link	Load	Size
C:\Program Files\Microchip\xc8\v2.45\pic\sources\c99\common\Umul64.c
		___omul        		CODE           	0CFA	0000	71

C:\Program Files\Microchip\xc8\v2.45\pic\sources\c99\common\Umul64.c estimated size: 71

mcc_generated_files/fvr.c
		_FVR_Initialize		CODE           	07FC	0000	4

mcc_generated_files/fvr.c estimated size: 4

C:\Program Files\Microchip\xc8\v2.45\pic\sources\c99\common\memcpy.c
		_memcpy        		CODE           	0B76	0000	38

C:\Program Files\Microchip\xc8\v2.45\pic\sources\c99\common\memcpy.c estimated size: 38

mcc_generated_files/tmr2.c
		_TMR2_Initialize		CODE           	095F	0000	14
		_TMR2_Stop     		CODE           	0871	0000	3
		_TMR2_Start    		CODE           	085A	0000	2

mcc_generated_files/tmr2.c estimated size: 19

mcc_generated_files/interrupt_manager.c
		_INTERRUPT_InterruptManager		CODE           	0004	0000	40

mcc_generated_files/interrupt_manager.c estimated size: 40

mcc_generated_files/tmr0.c
		_TMR0_SetInterruptHandler		CODE           	08E0	0000	8
		_TMR0_Reload   		CODE           	0888	0000	6
		_TMR0_DefaultInterruptHandler		CODE           	0855	0000	1
		_TMR0_WriteTimer		CODE           	08A8	0000	8
		_TMR0_ISR      		CODE           	0A2E	0000	24
		_TMR0_Initialize		CODE           	0A5F	0000	25

mcc_generated_files/tmr0.c estimated size: 72

C:\Program Files\Microchip\xc8\v2.45\pic\sources\c99\common\Umul32.c
		___lmul        		CODE           	0BC8	0000	47

C:\Program Files\Microchip\xc8\v2.45\pic\sources\c99\common\Umul32.c estimated size: 47

mcc_generated_files/pin_manager.c
		_PIN_MANAGER_Initialize		CODE           	0BF7	0000	47

mcc_generated_files/pin_manager.c estimated size: 47

mcc_generated_files/clc4.c
		_CLC4_Initialize		CODE           	098B	0000	15

mcc_generated_files/clc4.c estimated size: 15

mcc_generated_files/adc.c
		_ADC_Initialize		CODE           	08B0	0000	8
		_ADC_GetConversion		CODE           	0A46	0000	25
		_ADC_SelectChannel		CODE           	092A	0000	13

mcc_generated_files/adc.c estimated size: 46

mcc_generated_files/clc2.c
		_CLC2_ISR      		CODE           	0856	0000	2
		_CLC2_Initialize		CODE           	09BF	0000	21

mcc_generated_files/clc2.c estimated size: 23

mcc_generated_files/cmp2.c
		_CMP2_Initialize		CODE           	0900	0000	10

mcc_generated_files/cmp2.c estimated size: 10

shared
		i1_LIN_stopTimer		CODE           	0874	0000	5
		_temperatureLUT		STRCODE        	0252	0000	332
		i1_TMR1_StopTimer		CODE           	0865	0000	3
		_scheduleTable 		STRCODE        	06EF	0000	140
		__initialization		CODE           	002E	0000	53
		i1_TMR1_WriteTimer		CODE           	096D	0000	15
		i1_TMR1_StartTimer		CODE           	0862	0000	3
		i1_TMR2_Stop   		CODE           	0868	0000	3
		i1_TMR2_Start  		CODE           	0858	0000	2
		i1_CmdOutput   		CODE           	0D90	0000	92
		i1_TMR2_Initialize		CODE           	0951	0000	14

shared estimated size: 662

mcc_generated_files/eusart1.c
		_EUSART1_SetRxInterruptHandler		CODE           	08D0	0000	8
		_EUSART1_SetTxInterruptHandler		CODE           	08D8	0000	8
		_EUSART1_is_rx_ready		CODE           	08A0	0000	8
		_EUSART1_Initialize		CODE           	0CB9	0000	65
		_EUSART1_DefaultErrorHandler		CODE           	085C	0000	3
		_EUSART1_SetFramingErrorHandler		CODE           	08C0	0000	8
		_EUSART1_Read  		CODE           	0B30	0000	35
		_EUSART1_SetOverrunErrorHandler		CODE           	08C8	0000	8
		_EUSART1_SetErrorHandler		CODE           	08B8	0000	8
		_EUSART1_Write 		CODE           	0ACA	0000	34
		_EUSART1_Receive_ISR		CODE           	0C86	0000	51
		_EUSART1_RxDataHandler		CODE           	09D4	0000	22
		_EUSART1_DefaultOverrunErrorHandler		CODE           	085F	0000	3
		_EUSART1_get_last_status		CODE           	0002	0000	2
		_EUSART1_Transmit_ISR		CODE           	0AAC	0000	30
		_EUSART1_DefaultFramingErrorHandler		CODE           	0854	0000	1

mcc_generated_files/eusart1.c estimated size: 294

mcc_generated_files/mcc.c
		_PMD_Initialize		CODE           	08F0	0000	8
		_OSCILLATOR_Initialize		CODE           	090A	0000	10
		_SYSTEM_Initialize		CODE           	0C56	0000	48

mcc_generated_files/mcc.c estimated size: 66

C:\Program Files\Microchip\xc8\v2.45\pic\sources\c99\common\__lldiv.c
		___lldiv       		CODE           	0E49	0000	100

C:\Program Files\Microchip\xc8\v2.45\pic\sources\c99\common\__lldiv.c estimated size: 100

mcc_generated_files/tmr1.c
		_TMR1_Initialize		CODE           	0A78	0000	25
		_TMR1_StopTimer		CODE           	086E	0000	3
		_TMR1_WriteTimer		CODE           	0A00	0000	23
		_TMR1_StartTimer		CODE           	086B	0000	3

mcc_generated_files/tmr1.c estimated size: 54

mcc_generated_files/LINDrivers/lin_app.c
		_processLIN    		CODE           	039E	0000	269
		_LIN_Slave_Initialize		CODE           	0944	0000	13
		_Update_LIN_Data		CODE           	0F89	0000	119

mcc_generated_files/LINDrivers/lin_app.c estimated size: 401

C:\Program Files\Microchip\xc8\v2.45\pic\sources\c99\common\memset.c
		_memset        		CODE           	09EA	0000	22

C:\Program Files\Microchip\xc8\v2.45\pic\sources\c99\common\memset.c estimated size: 22

mcc_generated_files/dac1.c
		_DAC1_Initialize		CODE           	088E	0000	6

mcc_generated_files/dac1.c estimated size: 6

mcc_generated_files/LINDrivers/lin_slave.c
		_LIN_init      		CODE           	0A91	0000	27
		_LIN_stopTimer 		CODE           	0883	0000	5
		_LIN_timerHandler		CODE           	091E	0000	12
		_LIN_checkPID  		CODE           	0A17	0000	23
		_LIN_getFromTable		CODE           	0EAD	0000	102
		_LIN_getPacket 		CODE           	0B0E	0000	34
		_LIN_sendPacket		CODE           	0AEC	0000	34
		_LIN_disableRx 		CODE           	0879	0000	5
		_LIN_setTimerHandler		CODE           	08E8	0000	8
		_LIN_startTimer		CODE           	0937	0000	13
		_LIN_queuePacket		CODE           	0F13	0000	118
		_LIN_breakCheck		CODE           	097C	0000	15
		_LIN_getChecksum		CODE           	0C26	0000	48
		_LIN_handler   		CODE           	04AB	0000	260
		_LIN_calcParity		CODE           	077B	0000	129
		_LIN_enableRx  		CODE           	087E	0000	5

mcc_generated_files/LINDrivers/lin_slave.c estimated size: 838

efuse.c
		_GetAmbientTemperature		CODE           	0D41	0000	79
		_CmdOutput     		CODE           	0DEC	0000	93
		_EFuseInit     		CODE           	0B53	0000	35
		_ProcessAnalogInputs		CODE           	05AF	0000	179
		_EFuse         		CODE           	0662	0000	141
		_TCC_Curve     		CODE           	0067	0000	491

efuse.c estimated size: 1018

main.c
		_main          		CODE           	0B9C	0000	44

main.c estimated size: 44

mcc_generated_files/clc3.c
		_CLC3_Initialize		CODE           	099A	0000	17

mcc_generated_files/clc3.c estimated size: 17

mcc_generated_files/clc1.c
		_CLC1_Initialize		CODE           	09AB	0000	20

mcc_generated_files/clc1.c estimated size: 20

